05-25 19:37:24.541 18740 18869 D [Purchases] - DEBUG:  Retrieved productDetailsList: ProductDetails{jsonString='{"productId":"feelheard_premium","type":"subs","title":"FeelHeard Voice Connect (FeelHeard)","name":"FeelHeard Voice Connect","localizedIn":["en-US"],"skuDetailsToken":"AEuhp4KWgRjXQeM2WcBYTNGNEvGRy4cQfq5ksX5nLg25aWS6WqXry7shMuj4gdliQUcK","subscriptionOfferDetails":[{"offerIdToken":"AZgVyukQevapRdgnJkwafsBMd6Ro8UR7Y6Va6aDYILJsgyvpMevsXt0LTdSYRQzK9kjcDL+tTPZGGo0eVR0tpx0vhbHsF9DGsP3z26r59Q==","basePlanId":"monthly-autorenewing","pricingPhases":[{"priceAmountMicros":19990000,"priceCurrencyCode":"USD","formattedPrice":"$19.99","billingPeriod":"P1M","recurrenceMode":1}],"offerTags":[]},{"offerIdToken":"AZgVyumE5nxpYMsNMUQ1JR10hQbXxZyv1ORoHWuMB0il4\/w9AA8m8qAoNwlpYPtHMv2qXW8tqP7LQiUzy7C+vnlB4RgHfaSfOvCLvm77Ug==","basePlanId":"annual-autorenewing","pricingPhases":[{"priceAmountMicros":189990000,"priceCurrencyCode":"USD","formattedPrice":"$189.99","billingPeriod":"P1Y","recurrenceMode":1}],"offerTags":[]}]}', parsedJson={"productId":"feelheard_premium","type":"subs","title":"FeelHeard Voice Connect (FeelHeard)","name":"FeelHeard Voice Connect","localizedIn":["en-US"],"skuDetailsToken":"AEuhp4KWgRjXQeM2WcBYTNGNEvGRy4cQfq5ksX5nLg25aWS6WqXry7shMuj4gdliQUcK","subscriptionOfferDetails":[{"offerIdToken":"AZgVyukQevapRdgnJkwafsBMd6Ro8UR7Y6Va6aDYILJsgyvpMevsXt0LTdSYRQzK9kjcDL+tTPZGGo0eVR0tpx0vhbHsF9DGsP3z26r59Q==","basePlanId":"monthly-autorenewing","pricingPhases":[{"priceAmountMicros":19990000,"priceCurrencyCode":"USD","formattedPrice":"$19.99","billingPeriod":"P1M","recurrenceMode":1}],"offerTags":[]},{"offerIdToken":"AZgVyumE5nxpYMsNMUQ1JR10hQbXxZyv1ORoHWuMB0il4\/w9AA8m8qAoNwlpYPtHMv2qXW8tqP7LQiUzy7C+vnlB4RgHfaSfOvCLvm77Ug==","basePlanId":"annual-autorenewing","pricingPhases":[{"priceAmountMicros":189990000,"priceCurrencyCode":"USD","formattedPrice":"$189.99","billingPeriod":"P1Y","recurrenceMode":1}],"offerTags":[]}]}, productId='feelheard_premium', productType='subs', title='FeelHeard Voice Connect (FeelHeard)', productDetailsToken='AEuhp4KWgRjXQeM2WcBYTNGNEvGRy4cQfq5ksX5nLg25aWS6WqXry7shMuj4gdliQUcK', subscriptionOfferDetails=[com.android.billingclient.api.ProductDetails$SubscriptionOfferDetails@7ecdc08, com.android.billingclient.api.ProductDetails$SubscriptionOfferDetails@1144fa1]}
05-25 19:37:24.541 18740 18869 D [Purchases] - DEBUG:  feelheard_premium - ProductDetails{jsonString='{"productId":"feelheard_premium","type":"subs","title":"FeelHeard Voice Connect (FeelHeard)","name":"FeelHeard Voice Connect","localizedIn":["en-US"],"skuDetailsToken":"AEuhp4KWgRjXQeM2WcBYTNGNEvGRy4cQfq5ksX5nLg25aWS6WqXry7shMuj4gdliQUcK","subscriptionOfferDetails":[{"offerIdToken":"AZgVyukQevapRdgnJkwafsBMd6Ro8UR7Y6Va6aDYILJsgyvpMevsXt0LTdSYRQzK9kjcDL+tTPZGGo0eVR0tpx0vhbHsF9DGsP3z26r59Q==","basePlanId":"monthly-autorenewing","pricingPhases":[{"priceAmountMicros":19990000,"priceCurrencyCode":"USD","formattedPrice":"$19.99","billingPeriod":"P1M","recurrenceMode":1}],"offerTags":[]},{"offerIdToken":"AZgVyumE5nxpYMsNMUQ1JR10hQbXxZyv1ORoHWuMB0il4\/w9AA8m8qAoNwlpYPtHMv2qXW8tqP7LQiUzy7C+vnlB4RgHfaSfOvCLvm77Ug==","basePlanId":"annual-autorenewing","pricingPhases":[{"priceAmountMicros":189990000,"priceCurrencyCode":"USD","formattedPrice":"$189.99","billingPeriod":"P1Y","recurrenceMode":1}],"offerTags":[]}]}', parsedJson={"productId":"feelheard_premium","type":"subs","title":"FeelHeard Voice Connect (FeelHeard)","name":"FeelHeard Voice Connect","localizedIn":["en-US"],"skuDetailsToken":"AEuhp4KWgRjXQeM2WcBYTNGNEvGRy4cQfq5ksX5nLg25aWS6WqXry7shMuj4gdliQUcK","subscriptionOfferDetails":[{"offerIdToken":"AZgVyukQevapRdgnJkwafsBMd6Ro8UR7Y6Va6aDYILJsgyvpMevsXt0LTdSYRQzK9kjcDL+tTPZGGo0eVR0tpx0vhbHsF9DGsP3z26r59Q==","basePlanId":"monthly-autorenewing","pricingPhases":[{"priceAmountMicros":19990000,"priceCurrencyCode":"USD","formattedPrice":"$19.99","billingPeriod":"P1M","recurrenceMode":1}],"offerTags":[]},{"offerIdToken":"AZgVyumE5nxpYMsNMUQ1JR10hQbXxZyv1ORoHWuMB0il4\/w9AA8m8qAoNwlpYPtHMv2qXW8tqP7LQiUzy7C+vnlB4RgHfaSfOvCLvm77Ug==","basePlanId":"annual-autorenewing","pricingPhases":[{"priceAmountMicros":189990000,"priceCurrencyCode":"USD","formattedPrice":"$189.99","billingPeriod":"P1Y","recurrenceMode":1}],"offerTags":[]}]}, productId='feelheard_premium', productType='subs', title='FeelHeard Voice Connect (FeelHeard)', productDetailsToken='AEuhp4KWgRjXQeM2WcBYTNGNEvGRy4cQfq5ksX5nLg25aWS6WqXry7shMuj4gdliQUcK', subscriptionOfferDetails=[com.android.billingclient.api.ProductDetails$SubscriptionOfferDetails@7ecdc08, com.android.billingclient.api.ProductDetails$SubscriptionOfferDetails@1144fa1]}
05-25 19:37:24.589 18740 18862 V [Purchases] - VERBOSE: Offerings object created: Offerings(current=Offering(identifier=default, serverDescription=FeelHeard Premium, metadata={}, availablePackages=[Package(identifier=$rc_annual, packageType=ANNUAL, product=GoogleStoreProduct(productId=feelheard_premium, basePlanId=annual-autorenewing, type=SUBS, price=Price(formatted=$189.99, amountMicros=189990000, currencyCode=USD), name=FeelHeard Voice Connect, title=FeelHeard Voice Connect (FeelHeard), description=, period=Period(value=1, unit=YEAR, iso8601=P1Y), subscriptionOptions=com.revenuecat.purchases.models.SubscriptionOptions@d42f2cfc, defaultOption=GoogleSubscriptionOption(productId=feelheard_premium, basePlanId=annual-autorenewing, offerId=null, pricingPhases=[PricingPhase(billingPeriod=Period(value=1, unit=YEAR, iso8601=P1Y), recurrenceMode=INFINITE_RECURRING, billingCycleCount=0, price=Price(formatted=$189.99, amountMicros=189990000, currencyCode=USD))], tags=[], productDetails=ProductDetails{jsonString='{"productId":"feelheard_premium","type":"subs","title":"FeelHeard Voice Connect (FeelHeard)","name":"FeelHeard Voice Connect","localizedIn":["en-US"],"skuDetailsToken":"AEuhp4KWgRjXQeM2WcBYTNGNEvGRy4cQfq5ksX5nLg25aWS6WqXry7shMuj4gdliQUcK","subscriptionOfferDetails":[{"offerIdToken":"AZgVyukQevapRdgnJkwafsBMd6Ro8UR7Y6Va6aDYILJsgyvpMevsXt0LTdSYRQzK9kjcDL+tTPZGGo0eVR0tpx0vhbHsF9DGsP3z26r59Q==","basePlanId":"monthly-autorenewing","pricingPhases":[{"priceAmountMicros":19990000,"priceCurrencyCode":"USD","formattedPrice":"$19.99","billingPeriod":"P1M","recurrenceMode":1}],"offerTags":[]},{"offerIdToken":"AZgVyumE5nxpYMsNMUQ1JR10hQbXxZyv1ORoHWuMB0il4\/w9AA8m8qAoNwlpYPtHMv2qXW8tqP7LQiUzy7C+vnlB4RgHfaSfOvCLvm77Ug==","basePlanId":"annual-autorenewing","pricingPhases":[{"priceAmountMicros":189990000,"priceCurrencyCode":"USD","formattedPrice":"$189.99","billingPeriod":"P1Y","recurrenceMode":1}],"offerTags":[]}]}', parsedJson={"productId":"feelheard_premium","type":"subs","title":"FeelHeard Voice Connect (FeelHeard)","name":"FeelHeard Voice Connect","localizedIn":["en-US"],"skuDetailsToken":"AEuhp4KWgRjXQeM2WcBYTNGNEvGRy4cQfq5ksX5nLg25aWS6WqXry7shMuj4gdliQUcK","subscriptionOfferDetails":[{"offerIdToken":"AZgVyukQevapRdgnJkwafsBMd6Ro8UR7Y6Va6aDYILJsgyvpMevsXt0LTdSYRQzK9kjcDL+tTPZGGo0eVR0tpx0vhbHsF9DGsP3z26r59Q==","basePlanId":"monthly-autorenewing","pricingPhases":[{"priceAmountMicros":19990000,"priceCurrencyCode":"USD","formattedPrice":"$19.99","billingPeriod":"P1M","recurrenceMode":1}],"offerTags":[]},{"offerIdToken":"AZgVyumE5nxpYMsNMUQ1JR10hQbXxZyv1ORoHWuMB0il4\/w9AA8m8qAoNwlpYPtHMv2qXW8tqP7LQiUzy7C+vnlB4RgHfaSfOvCLvm77Ug==","basePlanId":"annual-autorenewing","pricingPhases":[{"priceAmountMicros":189990000,"priceCurrencyCode":"USD","formattedPrice":"$189.99","billingPeriod":"P1Y","recurrenceMode":1}],"offerTags":[]}]}, productId='feelheard_premium', productType='subs', title='FeelHeard Voice Connect (FeelHeard)', productDetailsToken='AEuhp4KWgRjXQeM2WcBYTNGNEvGRy4cQfq5ksX5nLg25aWS6WqXry7shMuj4gdliQUcK', subscriptionOfferDetails=[com.android.billingclient.api.ProductDetails$SubscriptionOfferDetails@7ecdc08, com.android.billingclient.api.ProductDetails$SubscriptionOfferDetails@1144fa1]}, offerToken=AZgVyumE5nxpYMsNMUQ1JR10hQbXxZyv1ORoHWuMB0il4/w9AA8m8qAoNwlpYPtHMv2qXW8tqP7LQiUzy7C+vnlB4RgHfaSfOvCLvm77Ug==, presentedOfferingContext=PresentedOfferingContext(offeringIdentifier=default, placementIdentifier=null, targetingContext=null), installmentsInfo=null), productDetails=ProductDetails{jsonString='{"productId":"feelheard_premium","type":"subs","title":"FeelHeard Voice Connect (FeelHeard)","name":"FeelHeard Voice Connect","localizedIn":["en-US"],"skuDetailsToken":"AEuhp4KWgRjXQeM2WcBYTNGNEvGRy4cQfq5ksX5nLg25aWS6WqXry7shMuj4gdliQUcK","subscriptionOfferDetails":[{"offerIdToken":"AZgVyukQevapRdgnJkwafsBMd6Ro8UR7Y6Va6aDYILJsgyvpMevsXt0LTdSYRQzK9kjcDL+tTPZGGo0eVR0tpx0vhbHsF9DGsP3z26r59Q==","basePlanId":"monthly-autorenewing","pricingPhases":[{"priceAmountMicros":19990000,"priceCurrencyCode":"USD","formattedPrice":"$19.99","billingPeriod":"P1M","
05-25 19:37:24.597 18740 18798 I ReactNativeJS:  [SubscriptionContext] Premium entitlement check - Status: FREE
05-25 19:37:24.597 18740 18798 I ReactNativeJS: ' [SubscriptionContext] Active entitlements:', []
05-25 19:37:24.597 18740 18798 I ReactNativeJS: ' [SubscriptionContext] User ID:', '$RCAnonymousID:981a8e3ffdf34da6a9d567329b80474f'
05-25 19:37:24.628 18740 18798 I ReactNativeJS:  [SubscriptionContext] Customer info updated
05-25 19:37:24.643 18740 18798 I ReactNativeJS:  [SubscriptionContext] Premium entitlement check - Status: FREE
05-25 19:37:24.643 18740 18798 I ReactNativeJS: ' [SubscriptionContext] Active entitlements:', []
05-25 19:37:24.643 18740 18798 I ReactNativeJS: ' [SubscriptionContext] User ID:', '$RCAnonymousID:981a8e3ffdf34da6a9d567329b80474f'
05-25 19:37:24.942 18740 18798 I ReactNativeJS:  [SubscriptionContext] Premium entitlement check - Status: FREE
05-25 19:37:24.942 18740 18798 I ReactNativeJS: ' [SubscriptionContext] Active entitlements:', []
05-25 19:37:24.942 18740 18798 I ReactNativeJS: ' [SubscriptionContext] User ID:', '$RCAnonymousID:981a8e3ffdf34da6a9d567329b80474f'
05-25 19:37:25.380 18740 18798 I ReactNativeJS:  [RevenueCat] RevenueCat Info: RevenueCat already initialized, skipping
05-25 19:37:25.383  1367  6933 D CoreBackPreview: Window{184ac5a u0 me.feelheard/me.feelheard.MainActivity}: Setting back callback null
05-25 19:37:25.433  1367  6952 D CoreBackPreview: Window{ed71b72 u0 me.feelheard/me.feelheard.MainActivity}: Setting back callback OnBackInvokedCallbackInfo{mCallback=android.window.IOnBackInvokedCallback$Stub$Proxy@403e570, mPriority=0, mIsAnimationCallback=false, mOverrideBehavior=0}
05-25 19:37:25.446  1367  6952 D CoreBackPreview: Window{b60e235 u0 me.feelheard/me.feelheard.MainActivity}: Setting back callback OnBackInvokedCallbackInfo{mCallback=android.window.IOnBackInvokedCallback$Stub$Proxy@1f3a00f, mPriority=0, mIsAnimationCallback=false, mOverrideBehavior=0}
05-25 19:37:25.653  1367  2064 D CoreBackPreview: Window{b60e235 u0 me.feelheard/me.feelheard.MainActivity}: Setting back callback null
05-25 19:37:25.680  1367  2064 D CoreBackPreview: Window{3c4321e u0 me.feelheard/me.feelheard.MainActivity}: Setting back callback OnBackInvokedCallbackInfo{mCallback=android.window.IOnBackInvokedCallback$Stub$Proxy@799fc82, mPriority=0, mIsAnimationCallback=false, mOverrideBehavior=0}
05-25 19:37:28.427 18740 18878 D ProfileInstaller: Skipping profile installation for me.feelheard
05-25 19:37:29.518  1367  2064 W NotificationService: Toast already killed. pkg=me.feelheard token=android.os.BinderProxy@b6479a6
05-25 19:37:31.204  1367  2064 D CoreBackPreview: Window{3c4321e u0 me.feelheard/me.feelheard.MainActivity}: Setting back callback null
05-25 19:37:32.037  1367  6952 D CoreBackPreview: Window{ed71b72 u0 me.feelheard/me.feelheard.MainActivity}: Setting back callback null
05-25 19:37:32.725  1367  2238 D CoreBackPreview: Window{dab0c11 u0 me.feelheard/me.feelheard.MainActivity}: Setting back callback null
05-25 19:37:33.473 18740 18744 W me.feelheard: Cleared Reference was only reachable from finalizer (only reported once)
05-25 19:37:33.504 18740 18744 I me.feelheard: Background concurrent mark compact GC freed 32MB AllocSpace bytes, 248(8724KB) LOS objects, 75% free, 10MB/42MB, paused 634us,2.227ms total 112.520ms
05-25 19:37:33.659 18740 18798 I ReactNativeJS:  [SubscriptionContext] Initializing RevenueCat with API key for android
05-25 19:37:33.916  1367  6952 D CoreBackPreview: Window{ff23ddd u0 me.feelheard/me.feelheard.MainActivity}: Setting back callback null
05-25 19:37:33.945 18740 18798 I ReactNativeJS:  [SubscriptionContext] RevenueCat already configured, skipping configuration
05-25 19:37:33.945 18740 18798 I ReactNativeJS:  [SubscriptionContext] Fetching offerings
05-25 19:37:33.960  1367  1791 I ImeTracker: me.feelheard:29aaa002: onRequestHide at ORIGIN_SERVER reason HIDE_SAME_WINDOW_FOCUSED_WITHOUT_EDITOR fromUser false
05-25 19:37:33.960 18740 18798 I ReactNativeJS:  [SubscriptionContext] Found 2 packages
05-25 19:37:33.960 18740 18740 I ImeTracker: me.feelheard:29aaa002: onCancelled at PHASE_CLIENT_ALREADY_HIDDEN
05-25 19:37:33.964  6669  6669 I GoogleInputMethodService: GoogleInputMethodService.onStartInput():1247 onStartInput(EditorInfo{EditorInfo{packageName=me.feelheard, inputType=0, inputTypeString=NULL, enableLearning=false, autoCorrection=false, autoComplete=false, imeOptions=0, privateImeOptions=null, actionName=UNSPECIFIED, actionLabel=null, initialSelStart=-1, initialSelEnd=-1, initialCapsMode=0, label=null, fieldId=0, fieldName=null, extras=null, hintText=null, hintLocales=[]}}, false)
05-25 19:37:33.964  1367  6952 W PackageConfigPersister: App-specific configuration not found for packageName: me.feelheard and userId: 0
05-25 19:37:33.969 18740 18798 I ReactNativeJS:  [SubscriptionContext] Fetching customer info
05-25 19:37:33.985 18740 18798 I ReactNativeJS:  [SubscriptionContext] Premium entitlement check - Status: FREE
05-25 19:37:33.985 18740 18798 I ReactNativeJS: ' [SubscriptionContext] Active entitlements:', []
05-25 19:37:33.985 18740 18798 I ReactNativeJS: ' [SubscriptionContext] User ID:', '$RCAnonymousID:981a8e3ffdf34da6a9d567329b80474f'
05-25 19:37:33.990 18740 18798 I ReactNativeJS:  [SubscriptionContext] Premium status: false
05-25 19:37:33.990 18740 18798 I ReactNativeJS:  [SubscriptionContext] RevenueCat initialized successfully, attempting user linking
05-25 19:37:34.572 18740 18798 I ReactNativeJS:  [SubscriptionContext] Current RevenueCat ID: 0196c859-676c-74ce-a1a3-92db477ff861, Expected Patient ID: 0196c859-676c-74ce-a1a3-92db477ff861
05-25 19:37:34.573 18740 18798 I ReactNativeJS:  [SubscriptionContext] Already linked to Patient ID
05-25 19:37:34.981 18740 18798 I ReactNativeJS:  [SubscriptionContext] User switch successful, refreshing customer info
05-25 19:37:34.996 18740 18798 I ReactNativeJS:  [SubscriptionContext] Customer info updated - ID: $RCAnonymousID:981a8e3ffdf34da6a9d567329b80474f
05-25 19:37:46.944 18740 18798 E ReactNativeJS: TypeError: Cannot read property 'displayName' of undefined
05-25 19:37:46.944 18740 18798 E ReactNativeJS:
05-25 19:37:46.944 18740 18798 E ReactNativeJS: This error is located at:
05-25 19:37:46.944 18740 18798 E ReactNativeJS:     at SubscriptionScreen (address at index.android.bundle:1:3068069)
05-25 19:37:46.944 18740 18798 E ReactNativeJS:     at Subscription (<anonymous>)
05-25 19:37:46.944 18740 18798 E ReactNativeJS:     at Suspense (<anonymous>)
05-25 19:37:46.944 18740 18798 E ReactNativeJS:     at Route (address at index.android.bundle:1:1625893)
05-25 19:37:46.944 18740 18798 E ReactNativeJS:     at BaseRoute (address at index.android.bundle:1:1629636)
05-25 19:37:46.944 18740 18798 E ReactNativeJS:     at StaticContainer (address at index.android.bundle:1:1519389)
05-25 19:37:46.944 18740 18798 E ReactNativeJS:     at EnsureSingleNavigator (address at index.android.bundle:1:1459623)
05-25 19:37:46.944 18740 18798 E ReactNativeJS:     at SceneView (address at index.android.bundle:1:1516921)
05-25 19:37:46.944 18740 18798 E ReactNativeJS:     at RNSScreenContentWrapper (<anonymous>)
05-25 19:37:46.944 18740 18798 E ReactNativeJS:     at ScreenContentWrapper (<anonymous>)
05-25 19:37:46.944 18740 18798 E ReactNativeJS:     at DebugContainer (<anonymous>)
05-25 19:37:46.944 18740 18798 E ReactNativeJS:     at RNSScreen (<anonymous>)
05-25 19:37:46.944 18740 18798 E ReactNativeJS:     at anonymous (address at index.android.bundle:1:664570)
05-25 19:37:46.944 18740 18798 E ReactNativeJS:     at Suspender (address at index.android.bundle:1:1608565)
05-25 19:37:46.944 18740 18798 E ReactNativeJS:     at Suspense (<anonymous>)
05-25 19:37:46.944 18740 18798 E ReactNativeJS:     at Freeze (address at index.android.bundle:1:1608625)
05-25 19:37:46.944 18740 18798 E ReactNativeJS:     at DelayedFreeze (address at index.android.bundle:1:1607820)
05-25 19:37:46.944 18740 18798 E ReactNativeJS:     at InnerScreen (address at index.android.bundle:1:1605485)
05-25 19:37:46.944 18740 18798 E ReactNativeJS:     at anonymous (address at index.android.bundle:1:1607132)
05-25 19:37:46.944 18740 18798 E ReactNativeJS:     at ScreenStackItem (address at index.android.bundle:1:1616191)
05-25 19:37:46.944 18740 18798 E ReactNativeJS:     at SceneView (address at index.android.bundle:1:1554281)
05-25 19:37:46.944 18740 18798 E ReactNativeJS:     at RNSScreenStack (<anonymous>)
05-25 19:37:46.944 18740 18798 E ReactNativeJS:     at anonymous (address at index.android.bundle:1:1615164)
05-25 19:37:46.944 18740 18798 E ReactNativeJS:     at ScreenStack (address at index.android.bundle:1:1614446)
05-25 19:37:46.944 18740 18798 E ReactNativeJS:     at RCTView (<anonymous>)
05-25 19:37:46.944 18740 18798 E ReactNativeJS:     at anonymous (address at index.android.bundle:1:564168)
05-25 19:37:46.944 18740 18798 E ReactNativeJS:     at SafeAreaProviderCompat (address at index.android.bundle:1:1600305)
05-25 19:37:46.944 18740 18798 E ReactNativeJS:     at NativeStackView (address at index.android.bundle:1:1552860)
05-25 19:37:46.944 18740 18798 E ReactNativeJS:     at PreventRemoveProvider (address at index.android.bundle:1:1494974)
05-25 19:37:46.944 18740 18798 E ReactNativeJS:     at NavigationContent (address at index.android.bundle:1:1513283)
05-25 19:37:46.944 18740 18798 E ReactNativeJS:     at anonymous (address at index.android.bundle:1:1513186)
05-25 19:37:46.944 18740 18798 E ReactNativeJS:     at NativeStackNavigator (address at index.android.bundle:1:1551465)
05-25 19:37:46.944 18740 18798 E ReactNativeJS:     at anonymous (address at index.android.bundle:1:1624821)
05-25 19:37:46.944 18740 18798 E ReactNativeJS:     at ContextProvider (address at index.android.bundle:1:1783292)
05-25 19:37:46.944 18740 18798 E ReactNativeJS:     at ChatProvider (address at index.android.bundle:1:1768259)
05-25 19:37:46.944 18740 18798 E ReactNativeJS:     at AppLayout (address at index.android.bundle:1:1242975)
05-25 19:37:46.944 18740 18798 E ReactNativeJS:     at Suspense (<anonymous>)
05-25 19:37:46.944 18740 18798 E ReactNativeJS:     at Route (address at index.android.bundle:1:1625893)
05-25 19:37:46.944 18740 18798 E ReactNativeJS:     at BaseRoute (address at index.android.bundle:1:1629636)
05-25 19:37:46.944 18740 18798 E ReactNativeJS:     at StaticContainer (address at index.android.bundle:1:1519389)
05-25 19:37:46.944 18740 18798 E ReactNativeJS:     at EnsureSingleNavigator (address at index.android.bundle:1:1459623)
05-25 19:37:46.944 18740 18798 E ReactNativeJS:     at SceneView (address at index.android.bundle:1:1516921)
05-25 19:37:46.944 18740 18798 E ReactNativeJS:     at RNSScreenContentWrapper (<anonymous>)
05-25 19:37:46.944 18740 18798 E ReactNativeJS:     at ScreenContentWrapper (<anonymous>)
05-25 19:37:46.944 18740 18798 E ReactNativeJS:     at DebugContainer (<anonymous>)
05-25 19:37:46.944 18740 18798 E ReactNativeJS:     at RNSScreen (<anonymous>)
05-25 19:37:46.944 18740 18798 E ReactNativeJS:     at anonymous (address at index.android.bundle:1:664570)
05-25 19:37:46.944 18740 18798 E ReactNativeJS:     at Suspender (address at index.android.bundle:1:1608565)
05-25 19:37:46.944 18740 18798 E ReactNativeJS:     at Suspense (<anonymous>)
05-25 19:37:46.944 18740 18798 E ReactNativeJS:     at Freeze (address at index.android.bundle:1:1608625)
05-25 19:37:46.944 18740 18798 E ReactNativeJS:     at DelayedFreeze (address at index.android.bundle:1:1607820)
05-25 19:37:46.944 18740 18798 E ReactNativeJS:     at InnerScreen (address at index.android.bundle:1:1605485)
05-25 19:37:46.944 18740 18798 E ReactNativeJS:     at anonymous (address at index.android.bundle:1:1607132)
05-25 19:37:46.944 18740 18798 E ReactNativeJS:     at ScreenStackItem (address at index.android.bundle:1:1616191)
05-25 19:37:46.944 18740 18798 E ReactNativeJS:     at SceneView (address at index.android.bundle:1:1554281)
05-25 19:37:46.944 18740 18798 E ReactNativeJS:     at RNSScreenStack (<anonymous>)
05-25 19:37:46.944 18740 18798 E ReactNativeJS:     at anonymous (address at index.android.bundle:1:1615164)
05-25 19:37:46.944 18740 18798 E ReactNativeJS:     at ScreenStack (address at index.android.bundle:1:1614446)
05-25 19:37:46.944 18740 18798 E ReactNativeJS:     at RCTView (<anonymous>)
05-25 19:37:46.944 18740 18798 E ReactNativeJS:     at anonymous (address at index.android.bundle:1:564168)
05-25 19:37:46.944 18740 18798 E ReactNativeJS:     at SafeAreaProviderCompat (address at index.android.bundle:1:1600305)
05-25 19:37:46.944 18740 18798 E ReactNativeJS:     at NativeStackView (address at index.android.bundle:1:1552860)
05-25 19:37:46.944 18740 18798 E ReactNativeJS:     at PreventRemoveProvider (address at index.android.bundle:1:1494974)
05-25 19:37:46.944 18740 18798 E ReactNativeJS:     at NavigationContent (address at index.android.bundle:1:1513283)
05-25 19:37:46.944 18740 18798 E ReactNativeJS:     at anonymous (address at index.android.bundle:1:1513186)
05-25 19:37:46.944 18740 18798 E ReactNativeJS:     at NativeStackNavigator (address at index.android.bundle:1:1551465)
05-25 19:37:46.944 18740 18798 E ReactNativeJS:     at anonymous (address at index.android.bundle:1:1624821)
05-25 19:37:46.944 18740 18798 E ReactNativeJS:     at RNGestureHandlerRootView (<anonymous>)
05-25 19:37:46.944 18740 18798 E ReactNativeJS:     at GestureHandlerRootView (address at index.android.bundle:1:2886700)
05-25 19:37:46.944 18740 18798 E ReactNativeJS:     at GlobalAudioProvider (address at index.android.bundle:1:3112057)
05-25 19:37:46.944 18740 18798 E ReactNativeJS:     at SubscriptionProvider (address at index.android.bundle:1:2092062)
05-25 19:37:46.944 18740 18798 E ReactNativeJS:     at UserPreferencesProvider (address at index.android.bundle:1:3023338)
05-25 19:37:46.944 18740 18798 E ReactNativeJS:     at NotificationsProvider (address at index.android.bundle:1:1788590)
05-25 19:37:46.944 18740 18798 E ReactNativeJS:     at ge (address at index.android.bundle:1:1243849)
05-25 19:37:46.944 18740 18798 E ReactNativeJS:     at RNCSafeAreaView (<anonymous>)
05-25 19:37:46.944 18740 18798 E ReactNativeJS:     at anonymous (address at index.android.bundle:1:1149962)
05-25 19:37:46.944 18740 18798 E ReactNativeJS:     at anonymous (address at index.android.bundle:1:568210)
05-25 19:37:46.944 18740 18798 E ReactNativeJS:     at SafeAreaEnv (address at index.android.bundle:1:1146001)
05-25 19:37:46.944 18740 18798 E ReactNativeJS:     at RNCSafeAreaProvider (<anonymous>)
05-25 19:37:46.944 18740 18798 E ReactNativeJS:     at SafeAreaProvider (address at index.android.bundle:1:1148016)
05-25 19:37:46.944 18740 18798 E ReactNativeJS:     at SafeAreaProviderShim (address at index.android.bundle:1:1146393)
05-25 19:37:46.944 18740 18798 E ReactNativeJS:     at ToastProvider (address at index.android.bundle:1:3449091)
05-25 19:37:46.944 18740 18798 E ReactNativeJS:     at PortalProvider (address at index.android.bundle:1:2995332)
05-25 19:37:46.944 18740 18798 E ReactNativeJS:     at RCTView (<anonymous>)
05-25 19:37:46.944 18740 18798 E ReactNativeJS:     at anonymous (address at index.android.bundle:1:564168)
05-25 19:37:46.944 18740 18798 E ReactNativeJS:     at anonymous (address at index.android.bundle:1:568210)
05-25 19:37:46.944 18740 18798 E ReactNativeJS:     at GluestackUIProvider (address at index.android.bundle:1:3447890)
05-25 19:37:46.944 18740 18798 E ReactNativeJS:     at RootLayout (address at index.android.bundle:1:3316890)
05-25 19:37:46.944 18740 18798 E ReactNativeJS:     at Suspense (<anonymous>)
05-25 19:37:46.944 18740 18798 E ReactNativeJS:     at Route (address at index.android.bundle:1:1625893)
05-25 19:37:46.944 18740 18798 E ReactNativeJS:     at BaseRoute (address at index.android.bundle:1:1629636)
05-25 19:37:46.944 18740 18798 E ReactNativeJS:     at StaticContainer (address at index.android.bundle:1:1519389)
05-25 19:37:46.944 18740 18798 E ReactNativeJS:     at EnsureSingleNavigator (address at index.android.bundle:1:1459623)
05-25 19:37:46.944 18740 18798 E ReactNativeJS:     at SceneView (address at index.android.bundle:1:1516921)
05-25 19:37:46.944 18740 18798 E ReactNativeJS:     at PreventRemoveProvider (address at index.android.bundle:1:1494974)
05-25 19:37:46.944 18740 18798 E ReactNativeJS:     at NavigationContent (address at index.android.bundle:1:1513283)
05-25 19:37:46.944 18740 18798 E ReactNativeJS:     at anonymous (address at index.android.bundle:1:1513186)
05-25 19:37:46.944 18740 18798 E ReactNativeJS:     at Content (address at index.android.bundle:1:1730315)
05-25 19:37:46.944 18740 18798 E ReactNativeJS:     at SafeAreaEnv (address at index.android.bundle:1:1146001)
05-25 19:37:46.944 18740 18798 E ReactNativeJS:     at RNCSafeAreaProvider (<anonymous>)
05-25 19:37:46.944 18740 18798 E ReactNativeJS:     at SafeAreaProvider (address at index.android.bundle:1:1148016)
05-25 19:37:46.944 18740 18798 E ReactNativeJS:     at SafeAreaProviderShim (address at index.android.bundle:1:1146393)
05-25 19:37:46.944 18740 18798 E ReactNativeJS:     at wrapper (address at index.android.bundle:1:1729392)
05-25 19:37:46.944 18740 18798 E ReactNativeJS:     at ThemeProvider (address at index.android.bundle:1:1462849)
05-25 19:37:46.944 18740 18798 E ReactNativeJS:     at EnsureSingleNavigator (address at index.android.bundle:1:1459623)
05-25 19:37:46.944 18740 18798 E ReactNativeJS:     at BaseNavigationContainer (address at index.android.bundle:1:1438647)
05-25 19:37:46.944 18740 18798 E ReactNativeJS:     at NavigationContainerInner (address at index.android.bundle:1:1732122)
05-25 19:37:46.944 18740 18798 E ReactNativeJS:     at ContextNavigator (address at index.android.bundle:1:1729590)
05-25 19:37:46.944 18740 18798 E ReactNativeJS:     at ExpoRoot (address at index.android.bundle:1:1729300)
05-25 19:37:46.944 18740 18798 E ReactNativeJS:     at App (<anonymous>)
05-25 19:37:46.944 18740 18798 E ReactNativeJS:     at RCTView (<anonymous>)
05-25 19:37:46.944 18740 18798 E ReactNativeJS:     at anonymous (address at index.android.bundle:1:564168)
05-25 19:37:46.944 18740 18798 E ReactNativeJS:     at anonymous (address at index.android.bundle:1:568210)
05-25 19:37:46.944 18740 18798 E ReactNativeJS:     at AppContainer (address at index.android.bundle:1:563368), js engine: hermes
05-25 19:37:46.960 18740 18799 E AndroidRuntime: FATAL EXCEPTION: mqt_native_modules
05-25 19:37:46.960 18740 18799 E AndroidRuntime: Process: me.feelheard, PID: 18740
05-25 19:37:46.960 18740 18799 E AndroidRuntime: com.facebook.react.common.JavascriptException: TypeError: Cannot read property 'displayName' of undefined
05-25 19:37:46.960 18740 18799 E AndroidRuntime:
05-25 19:37:46.960 18740 18799 E AndroidRuntime: This error is located at:
05-25 19:37:46.960 18740 18799 E AndroidRuntime:     at SubscriptionScreen (address at index.android.bundle:1:3068069)
05-25 19:37:46.960 18740 18799 E AndroidRuntime:     at Subscription (<anonymous>)
05-25 19:37:46.960 18740 18799 E AndroidRuntime:     at Suspense (<anonymous>)
05-25 19:37:46.960 18740 18799 E AndroidRuntime:     at Route (address at index.android.bundle:1:1625893)
05-25 19:37:46.960 18740 18799 E AndroidRuntime:     at BaseRoute (address at index.android.bundle:1:1629636)
05-25 19:37:46.960 18740 18799 E AndroidRuntime:     at StaticContainer (address at index.android.bundle:1:1519389)
05-25 19:37:46.960 18740 18799 E AndroidRuntime:     at EnsureSingleNavigator (address at index.android.bundle:1:1459623)
05-25 19:37:46.960 18740 18799 E AndroidRuntime:     at SceneView (address at index.android.bundle:1:1516921)
05-25 19:37:46.960 18740 18799 E AndroidRuntime:     at RNSScreenContentWrapper (<anonymous>)
05-25 19:37:46.960 18740 18799 E AndroidRuntime:     at ScreenContentWrapper (<anonymous>)
05-25 19:37:46.960 18740 18799 E AndroidRuntime:     at DebugContainer (<anonymous>)
05-25 19:37:46.960 18740 18799 E AndroidRuntime:     at RNSScreen (<anonymous>)
05-25 19:37:46.960 18740 18799 E AndroidRuntime:     at anonymous (address at index.android.bundle:1:664570)
05-25 19:37:46.960 18740 18799 E AndroidRuntime:     at Suspender (address at index.android.bundle:1:1608565)
05-25 19:37:46.960 18740 18799 E AndroidRuntime:     at Suspense (<anonymous>)
05-25 19:37:46.960 18740 18799 E AndroidRuntime:     at Freeze (address at index.android.bundle:1:1608625)
05-25 19:37:46.960 18740 18799 E AndroidRuntime:     at DelayedFreeze (address at index.android.bundle:1:1607820)
05-25 19:37:46.960 18740 18799 E AndroidRuntime:     at InnerScreen (address at index.android.bundle:1:1605485)
05-25 19:37:46.960 18740 18799 E AndroidRuntime:     at anonymous (address at index.android.bundle:1:1607132)
05-25 19:37:46.960 18740 18799 E AndroidRuntime:     at ScreenStackItem (address at index.android.bundle:1:1616191)
05-25 19:37:46.960 18740 18799 E AndroidRuntime:     at SceneView (address at index.android.bundle:1:1554281)
05-25 19:37:46.960 18740 18799 E AndroidRuntime:     at RNSScreenStack (<anonymous>)
05-25 19:37:46.960 18740 18799 E AndroidRuntime:     at anonymous (address at index.android.bundle:1:1615164)
05-25 19:37:46.960 18740 18799 E AndroidRuntime:     at ScreenStack (address at index.android.bundle:1:1614446)
05-25 19:37:46.960 18740 18799 E AndroidRuntime:     at RCTView (<anonymous>)
05-25 19:37:46.960 18740 18799 E AndroidRuntime:     at anonymous (address at index.android.bundle:1:564168)
05-25 19:37:46.960 18740 18799 E AndroidRuntime:     at SafeAreaProviderCompat (address at index.android.bundle:1:1600305)
05-25 19:37:46.960 18740 18799 E AndroidRuntime:     at NativeStackView (address at index.android.bundle:1:1552860)
05-25 19:37:46.960 18740 18799 E AndroidRuntime:     at PreventRemoveProvider (address at index.android.bundle:1:1494974)
05-25 19:37:46.960 18740 18799 E AndroidRuntime:     at NavigationContent (address at index.android.bundle:1:1513283)
05-25 19:37:46.960 18740 18799 E AndroidRuntime:     at anonymous (address at index.android.bundle:1:1513186)
05-25 19:37:46.960 18740 18799 E AndroidRuntime:     at NativeStackNavigator (address at index.android.bundle:1:1551465)
05-25 19:37:46.960 18740 18799 E AndroidRuntime:     at anonymous (address at index.android.bundle:1:1624821)
05-25 19:37:46.960 18740 18799 E AndroidRuntime:     at ContextProvider (address at index.android.bundle:1:1783292)
05-25 19:37:46.960 18740 18799 E AndroidRuntime:     at ChatProvider (address at index.android.bundle:1:1768259)
05-25 19:37:46.960 18740 18799 E AndroidRuntime:     at AppLayout (address at index.android.bundle:1:1242975)
05-25 19:37:46.960 18740 18799 E AndroidRuntime:     at Suspense (<anonymous>)
05-25 19:37:46.960 18740 18799 E AndroidRuntime:     at Route (address at index.android.bundle:1:1625893)
05-25 19:37:46.960 18740 18799 E AndroidRuntime:     at BaseRoute (address at index.android.bundle:1:1629636)
05-25 19:37:46.960 18740 18799 E AndroidRuntime:     at StaticContainer (address at index.android.bundle:1:1519389)
05-25 19:37:46.960 18740 18799 E AndroidRuntime:     at EnsureSingleNavigator (address at index.android.bundle:1:1459623)
05-25 19:37:46.960 18740 18799 E AndroidRuntime:     at SceneView (address at index.android.bundle:1:1516921)
05-25 19:37:46.960 18740 18799 E AndroidRuntime:     at RNSScreenContentWrapper (<anonymous>)
05-25 19:37:46.960 18740 18799 E AndroidRuntime:     at ScreenContentWrapper (<anonymous>)
05-25 19:37:46.960 18740 18799 E AndroidRuntime:     at DebugContainer (<anonymous>)
05-25 19:37:46.960 18740 18799 E AndroidRuntime:     at RNSScreen (<anonymous>)
05-25 19:37:46.960 18740 18799 E AndroidRuntime:     at anonymous (address at index.android.bundle:1:664570)
05-25 19:37:46.960 18740 18799 E AndroidRuntime:     at Suspender (address at index.android.bundle:1:1608565)
05-25 19:37:46.960 18740 18799 E AndroidRuntime:     at Suspense (<anonymous>)
05-25 19:37:46.960 18740 18799 E AndroidRuntime:     at Freeze (address at index.android.bundle:1:1608625)
05-25 19:37:46.960 18740 18799 E AndroidRuntime:     at DelayedFreeze (address at index.android.bundle:1:1607820)
05-25 19:37:46.960 18740 18799 E AndroidRuntime:     at InnerScreen (address at index.android.bundle:1:1605485)
05-25 19:37:46.960 18740 18799 E AndroidRuntime:     at anonymous (address at index.android.bundle:1:1607132)
05-25 19:37:46.960 18740 18799 E AndroidRuntime:     at ScreenStackItem (address at index.android.bundle:1:1616191)
05-25 19:37:46.960 18740 18799 E AndroidRuntime:     at SceneView (address at index.android.bundle:1:1554281)
05-25 19:37:46.960 18740 18799 E AndroidRuntime:     at RNSScreenStack (<anonymous>)
05-25 19:37:46.960 18740 18799 E AndroidRuntime:     at anonymous (address at index.android.bundle:1:1615164)
05-25 19:37:46.960 18740 18799 E AndroidRuntime:     at ScreenStack (address at index.android.bundle:1:1614446)
05-25 19:37:46.960 18740 18799 E AndroidRuntime:     at RCTView (<anonymous>)
05-25 19:37:46.960 18740 18799 E AndroidRuntime:     at anonymous (address at index.android.bundle:1:564168)
05-25 19:37:46.960 18740 18799 E AndroidRuntime:     at SafeAreaProviderCompat (address at index.android.bundle:1:1600305)
05-25 19:37:46.960 18740 18799 E AndroidRuntime:     at NativeStackView (address at index.android.bundle:1:1552860)
05-25 19:37:46.960 18740 18799 E AndroidRuntime:     at PreventRemoveProvider (address at index.android.bundle:1:1494974)
05-25 19:37:46.960 18740 18799 E AndroidRuntime:     at NavigationContent (address at index.android.bundle:1:1513283)
05-25 19:37:46.960 18740 18799 E AndroidRuntime:     at anonymous (address at index.android.bundle:1:1513186)
05-25 19:37:46.960 18740 18799 E AndroidRuntime:     at NativeStackNavigator (address at index.android.bundle:1:1551465)
05-25 19:37:46.960 18740 18799 E AndroidRuntime:     at anonymous (address at index.android.bundle:1:1624821)
05-25 19:37:46.961 18740 18799 E AndroidRuntime:     at RNGestureHandlerRootView (<anonymous>)
05-25 19:37:46.961 18740 18799 E AndroidRuntime:     at GestureHandlerRootView (address at index.android.bundle:1:2886700)
05-25 19:37:46.961 18740 18799 E AndroidRuntime:     at GlobalAudioProvider (address at index.android.bundle:1:3112057)
05-25 19:37:46.961 18740 18799 E AndroidRuntime:     at SubscriptionProvider (address at index.android.bundle:1:2092062)
05-25 19:37:46.961 18740 18799 E AndroidRuntime:     at UserPreferencesProvider (address at index.android.bundle:1:3023338)
05-25 19:37:46.961 18740 18799 E AndroidRuntime:     at NotificationsProvider (address at index.android.bundle:1:1788590)
05-25 19:37:46.961 18740 18799 E AndroidRuntime:     at ge (address at index.android.bundle:1:1243849)
05-25 19:37:46.961 18740 18799 E AndroidRuntime:     at RNCSafeAreaView (<anonymous>)
05-25 19:37:46.961 18740 18799 E AndroidRuntime:     at anonymous (address at index.android.bundle:1:1149962)
05-25 19:37:46.961 18740 18799 E AndroidRuntime:     at anonymous (address at index.android.bundle:1:568210)
05-25 19:37:46.961 18740 18799 E AndroidRuntime:     at SafeAreaEnv (address at index.android.bundle:1:1146001)
05-25 19:37:46.961 18740 18799 E AndroidRuntime:     at RNCSafeAreaProvider (<anonymous>)
05-25 19:37:46.961 18740 18799 E AndroidRuntime:     at SafeAreaProvider (address at index.android.bundle:1:1148016)
05-25 19:37:46.961 18740 18799 E AndroidRuntime:     at SafeAreaProviderShim (address at index.android.bundle:1:1146393)
05-25 19:37:46.961 18740 18799 E AndroidRuntime:     at ToastProvider (address at index.android.bundle:1:3449091)
05-25 19:37:46.961 18740 18799 E AndroidRuntime:     at PortalProvider (address at index.android.bundle:1:2995332)
05-25 19:37:46.961 18740 18799 E AndroidRuntime:     at RCTView (<anonymous>)
05-25 19:37:46.961 18740 18799 E AndroidRuntime:     at anonymous (address at index.android.bundle:1:564168)
05-25 19:37:46.961 18740 18799 E AndroidRuntime:     at anonymous (address at index.android.bundle:1:568210)
05-25 19:37:46.961 18740 18799 E AndroidRuntime:     at GluestackUIProvider (address at index.android.bundle:1:3447890)
05-25 19:37:46.961 18740 18799 E AndroidRuntime:     at RootLayout (address at index.android.bundle:1:3316890)
05-25 19:37:46.961 18740 18799 E AndroidRuntime:     at Suspense (<anonymous>)
05-25 19:37:46.961 18740 18799 E AndroidRuntime:     at Route (address at index.android.bundle:1:1625893)
05-25 19:37:46.961 18740 18799 E AndroidRuntime:     at BaseRoute (address at index.android.bundle:1:1629636)
05-25 19:37:46.961 18740 18799 E AndroidRuntime:     at StaticContainer (address at index.android.bundle:1:1519389)
05-25 19:37:46.961 18740 18799 E AndroidRuntime:     at EnsureSingleNavigator (address at index.android.bundle:1:1459623)
05-25 19:37:46.961 18740 18799 E AndroidRuntime:     at SceneView (address at index.android.bundle:1:1516921)
05-25 19:37:46.961 18740 18799 E AndroidRuntime:     at PreventRemoveProvider (address at index.android.bundle:1:1494974)
05-25 19:37:46.961 18740 18799 E AndroidRuntime:     at NavigationContent (address at index.android.bundle:1:1513283)
05-25 19:37:46.961 18740 18799 E AndroidRuntime:     at anonymous (address at index.android.bundle:1:1513186)
05-25 19:37:46.961 18740 18799 E AndroidRuntime:     at Content (address at index.android.bundle:1:1730315)
05-25 19:37:46.961 18740 18799 E AndroidRuntime:     at SafeAreaEnv (address at index.android.bundle:1:1146001)
05-25 19:37:46.961 18740 18799 E AndroidRuntime:     at RNCSafeAreaProvider (<anonymous>)
05-25 19:37:46.961 18740 18799 E AndroidRuntime:     at SafeAreaProvider (address at index.android.bundle:1:1148016)
05-25 19:37:46.961 18740 18799 E AndroidRuntime:     at SafeAreaProviderShim (address at index.android.bundle:1:1146393)
05-25 19:37:46.961 18740 18799 E AndroidRuntime:     at wrapper (address at index.android.bundle:1:1729392)
05-25 19:37:46.961 18740 18799 E AndroidRuntime:     at ThemeProvider (address at index.android.bundle:1:1462849)
05-25 19:37:46.961 18740 18799 E AndroidRuntime:     at EnsureSingleNavigator (address at index.android.bundle:1:1459623)
05-25 19:37:46.961 18740 18799 E AndroidRuntime:     at BaseNavigationContainer (address at index.android.bundle:1:1438647)
05-25 19:37:46.961 18740 18799 E AndroidRuntime:     at NavigationContainerInner (address at index.android.bundle:1:1732122)
05-25 19:37:46.961 18740 18799 E AndroidRuntime:     at ContextNavigator (address at index.android.bundle:1:1729590)
05-25 19:37:46.961 18740 18799 E AndroidRuntime:     at ExpoRoot (address at index.android.bundle:1:1729300)
05-25 19:37:46.961 18740 18799 E AndroidRuntime:     at App (<anonymous>)
05-25 19:37:46.961 18740 18799 E AndroidRuntime:     at RCTView (<anonymous>)
05-25 19:37:46.961 18740 18799 E AndroidRuntime:     at anonymous (address at index.android.bundle:1:564168)
05-25 19:37:46.961 18740 18799 E AndroidRuntime:     at anonymous (address at index.android.bundle:1:568210)
05-25 19:37:46.961 18740 18799 E AndroidRuntime:     at AppContainer (address at index.android.bundle:1:563368), js engine: hermes, stack:
05-25 19:37:46.961 18740 18799 E AndroidRuntime: maybeHijackSafeAreaProvider@1:1145880
05-25 19:37:46.961 18740 18799 E AndroidRuntime: anonymous@1:566362
05-25 19:37:46.961 18740 18799 E AndroidRuntime: SubscriptionScreen@1:3069587
05-25 19:37:46.961 18740 18799 E AndroidRuntime: renderWithHooks@1:396786
05-25 19:37:46.961 18740 18799 E AndroidRuntime: updateFunctionComponent@1:409243
05-25 19:37:46.961 18740 18799 E AndroidRuntime: beginWork@1:416932
05-25 19:37:46.961 18740 18799 E AndroidRuntime: performUnitOfWork@1:439566
05-25 19:37:46.961 18740 18799 E AndroidRuntime: workLoopSync@1:438598
05-25 19:37:46.961 18740 18799 E AndroidRuntime: renderRootSync@1:438430
05-25 19:37:46.961 18740 18799 E AndroidRuntime: performWorkOnRoot@1:435692
05-25 19:37:46.961 18740 18799 E AndroidRuntime: performSyncWorkOnRoot@1:387245
05-25 19:37:46.961 18740 18799 E AndroidRuntime: flushSyncWorkAcrossRoots_impl@1:386258
05-25 19:37:46.961 18740 18799 E AndroidRuntime: scheduleUpdateOnFiber@1:435591
05-25 19:37:46.961 18740 18799 E AndroidRuntime: dispatchSetStateInternal@1:404014
05-25 19:37:46.961 18740 18799 E AndroidRuntime: dispatchSetState@1:403748
05-25 19:37:46.961 18740 18799 E AndroidRuntime: ?anon_0_@1:3070653
05-25 19:37:46.961 18740 18799 E AndroidRuntime: asyncGeneratorStep@1:729373
05-25 19:37:46.961 18740 18799 E AndroidRuntime: _next@1:729632
05-25 19:37:46.961 18740 18799 E AndroidRuntime: anonymous@1:472763
05-25 19:37:46.961 18740 18799 E AndroidRuntime: _callTimer@1:471748
05-25 19:37:46.961 18740 18799 E AndroidRuntime: _callReactNativeMicrotasksPass@1:471892
05-25 19:37:46.961 18740 18799 E AndroidRuntime: callReactNativeMicrotasks@1:473837
05-25 19:37:46.961 18740 18799 E AndroidRuntime: __callReactNativeMicrotasks@1:194206
05-25 19:37:46.961 18740 18799 E AndroidRuntime: anonymous@1:193341
05-25 19:37:46.961 18740 18799 E AndroidRuntime: __guard@1:194080
05-25 19:37:46.961 18740 18799 E AndroidRuntime: flushedQueue@1:193252
05-25 19:37:46.961 18740 18799 E AndroidRuntime: invokeCallbackAndReturnFlushedQueue@1:193195
05-25 19:37:46.961 18740 18799 E AndroidRuntime:
05-25 19:37:46.961 18740 18799 E AndroidRuntime:        at com.facebook.react.modules.core.ExceptionsManagerModule.reportException(ExceptionsManagerModule.kt:52)
05-25 19:37:46.961 18740 18799 E AndroidRuntime:        at java.lang.reflect.Method.invoke(Native Method)
05-25 19:37:46.961 18740 18799 E AndroidRuntime:        at com.facebook.react.bridge.JavaMethodWrapper.invoke(JavaMethodWrapper.java:372)
05-25 19:37:46.961 18740 18799 E AndroidRuntime:        at com.facebook.react.bridge.JavaModuleWrapper.invoke(JavaModuleWrapper.java:146)
05-25 19:37:46.961 18740 18799 E AndroidRuntime:        at com.facebook.jni.NativeRunnable.run(Native Method)
05-25 19:37:46.961 18740 18799 E AndroidRuntime:        at android.os.Handler.handleCallback(Handler.java:991)
05-25 19:37:46.961 18740 18799 E AndroidRuntime:        at android.os.Handler.dispatchMessage(Handler.java:102)
05-25 19:37:46.961 18740 18799 E AndroidRuntime:        at com.facebook.react.bridge.queue.MessageQueueThreadHandler.dispatchMessage(MessageQueueThreadHandler.kt:20)
05-25 19:37:46.961 18740 18799 E AndroidRuntime:        at android.os.Looper.loopOnce(Looper.java:232)
05-25 19:37:46.961 18740 18799 E AndroidRuntime:        at android.os.Looper.loop(Looper.java:317)
05-25 19:37:46.961 18740 18799 E AndroidRuntime:        at com.facebook.react.bridge.queue.MessageQueueThreadImpl$Companion.startNewBackgroundThread$lambda$1(MessageQueueThreadImpl.kt:175)
05-25 19:37:46.961 18740 18799 E AndroidRuntime:        at com.facebook.react.bridge.queue.MessageQueueThreadImpl$Companion.$r8$lambda$ldnZnqelhYFctGaUKkOKYj5rxo4(Unknown Source:0)
05-25 19:37:46.961 18740 18799 E AndroidRuntime:        at com.facebook.react.bridge.queue.MessageQueueThreadImpl$Companion$$ExternalSyntheticLambda0.run(D8$$SyntheticClass:0)
05-25 19:37:46.961 18740 18799 E AndroidRuntime:        at java.lang.Thread.run(Thread.java:1012)
05-25 19:37:46.965  1367  1484 W ActivityTaskManager:   Force finishing activity me.feelheard/.MainActivity
05-25 19:37:46.972  1367  1508 I ActivityManager: Showing crash dialog for package me.feelheard u0
05-25 19:37:46.976  1367  6952 I MediaFocusControl: abandonAudioFocus() from uid/pid 10315/18740 clientId=android.media.AudioManager@8961de5expo.modules.av.AVManager@b0092da callingPack=me.feelheard
05-25 19:37:47.008  1367  1507 V WindowManager:         {WCT{RemoteToken{9282483 Task{a5d8182 #768 type=standard A=10315:me.feelheard}}} m=CLOSE f=NONE leash=Surface(name=Task=768)/@0x7bccb3d sb=Rect(0, 0 - 1080, 2400) eb=Rect(0, 0 - 1080, 2400) epz=Point(1080, 2400) d=0 taskParent=-1},
05-25 19:37:47.020  1367  1508 D CoreBackPreview: Window{2408cfe u0 Application Error: me.feelheard}: Setting back callback OnBackInvokedCallbackInfo{mCallback=android.window.WindowOnBackInvokedDispatcher$OnBackInvokedCallbackWrapper@ed45b4f, mPriority=0, mIsAnimationCallback=false, mOverrideBehavior=0}
05-25 19:37:47.372  1367  6933 I MediaFocusControl: abandonAudioFocus() from uid/pid 10315/18740 clientId=android.media.AudioManager@8961de5expo.modules.av.AVManager@b0092da callingPack=me.feelheard
05-25 19:37:47.380  1367  6933 D CoreBackPreview: Window{49f1dea u0 me.feelheard/me.feelheard.MainActivity}: Setting back callback null
05-25 19:37:49.038  1367  1508 D CoreBackPreview: Window{2408cfe u0 Application Error: me.feelheard}: Setting back callback null
05-25 19:37:49.038  1367  1484 I ActivityManager: Killing 18740:me.feelheard/u0a315 (adj 900): crash
05-25 19:37:49.193  1367  1484 V ActivityManager: Got obituary of 18740:me.feelheard
05-25 19:38:54.513  9061  9061 D ActivityThread: Package [me.feelheard] reported as REPLACED, but missing application info. Assuming REMOVED.
05-25 19:38:54.515  9061  9061 D ActivityThread: Package [me.feelheard] reported as REPLACED, but missing application info. Assuming REMOVED.
05-25 19:38:54.516  9061  9061 D ActivityThread: Package [me.feelheard] reported as REPLACED, but missing application info. Assuming REMOVED.


