05-25 19:29:26.044 17130 17265 E AndroidRuntime:     at Suspender (address at index.android.bundle:1:1608565)
05-25 19:29:26.044 17130 17265 E AndroidRuntime:     at Suspense (<anonymous>)
05-25 19:29:26.044 17130 17265 E AndroidRuntime:     at Freeze (address at index.android.bundle:1:1608625)
05-25 19:29:26.044 17130 17265 E AndroidRuntime:     at DelayedFreeze (address at index.android.bundle:1:1607820)
05-25 19:29:26.044 17130 17265 E AndroidRuntime:     at InnerScreen (address at index.android.bundle:1:1605485)
05-25 19:29:26.044 17130 17265 E AndroidRuntime:     at anonymous (address at index.android.bundle:1:1607132)
05-25 19:29:26.044 17130 17265 E AndroidRuntime:     at ScreenStackItem (address at index.android.bundle:1:1616191)
05-25 19:29:26.044 17130 17265 E AndroidRuntime:     at SceneView (address at index.android.bundle:1:1554281)
05-25 19:29:26.044 17130 17265 E AndroidRuntime:     at RNSScreenStack (<anonymous>)
05-25 19:29:26.044 17130 17265 E AndroidRuntime:     at anonymous (address at index.android.bundle:1:1615164)
05-25 19:29:26.044 17130 17265 E AndroidRuntime:     at ScreenStack (address at index.android.bundle:1:1614446)
05-25 19:29:26.044 17130 17265 E AndroidRuntime:     at RCTView (<anonymous>)
05-25 19:29:26.044 17130 17265 E AndroidRuntime:     at anonymous (address at index.android.bundle:1:564168)
05-25 19:29:26.044 17130 17265 E AndroidRuntime:     at SafeAreaProviderCompat (address at index.android.bundle:1:1600305)
05-25 19:29:26.044 17130 17265 E AndroidRuntime:     at NativeStackView (address at index.android.bundle:1:1552860)
05-25 19:29:26.044 17130 17265 E AndroidRuntime:     at PreventRemoveProvider (address at index.android.bundle:1:1494974)
05-25 19:29:26.044 17130 17265 E AndroidRuntime:     at NavigationContent (address at index.android.bundle:1:1513283)
05-25 19:29:26.044 17130 17265 E AndroidRuntime:     at anonymous (address at index.android.bundle:1:1513186)
05-25 19:29:26.044 17130 17265 E AndroidRuntime:     at NativeStackNavigator (address at index.android.bundle:1:1551465)
05-25 19:29:26.044 17130 17265 E AndroidRuntime:     at anonymous (address at index.android.bundle:1:1624821)
05-25 19:29:26.044 17130 17265 E AndroidRuntime:     at RNGestureHandlerRootView (<anonymous>)
05-25 19:29:26.044 17130 17265 E AndroidRuntime:     at GestureHandlerRootView (address at index.android.bundle:1:2886700)
05-25 19:29:26.044 17130 17265 E AndroidRuntime:     at GlobalAudioProvider (address at index.android.bundle:1:3112057)
05-25 19:29:26.044 17130 17265 E AndroidRuntime:     at SubscriptionProvider (address at index.android.bundle:1:2092062)
05-25 19:29:26.044 17130 17265 E AndroidRuntime:     at UserPreferencesProvider (address at index.android.bundle:1:3023338)
05-25 19:29:26.044 17130 17265 E AndroidRuntime:     at NotificationsProvider (address at index.android.bundle:1:1788590)
05-25 19:29:26.044 17130 17265 E AndroidRuntime:     at ge (address at index.android.bundle:1:1243849)
05-25 19:29:26.044 17130 17265 E AndroidRuntime:     at RNCSafeAreaView (<anonymous>)
05-25 19:29:26.044 17130 17265 E AndroidRuntime:     at anonymous (address at index.android.bundle:1:1149962)
05-25 19:29:26.044 17130 17265 E AndroidRuntime:     at anonymous (address at index.android.bundle:1:568210)
05-25 19:29:26.044 17130 17265 E AndroidRuntime:     at SafeAreaEnv (address at index.android.bundle:1:1146001)
05-25 19:29:26.044 17130 17265 E AndroidRuntime:     at RNCSafeAreaProvider (<anonymous>)
05-25 19:29:26.044 17130 17265 E AndroidRuntime:     at SafeAreaProvider (address at index.android.bundle:1:1148016)
05-25 19:29:26.044 17130 17265 E AndroidRuntime:     at SafeAreaProviderShim (address at index.android.bundle:1:1146393)
05-25 19:29:26.044 17130 17265 E AndroidRuntime:     at ToastProvider (address at index.android.bundle:1:3449091)
05-25 19:29:26.044 17130 17265 E AndroidRuntime:     at PortalProvider (address at index.android.bundle:1:2995332)
05-25 19:29:26.044 17130 17265 E AndroidRuntime:     at RCTView (<anonymous>)
05-25 19:29:26.044 17130 17265 E AndroidRuntime:     at anonymous (address at index.android.bundle:1:564168)
05-25 19:29:26.044 17130 17265 E AndroidRuntime:     at anonymous (address at index.android.bundle:1:568210)
05-25 19:29:26.044 17130 17265 E AndroidRuntime:     at GluestackUIProvider (address at index.android.bundle:1:3447890)
05-25 19:29:26.044 17130 17265 E AndroidRuntime:     at RootLayout (address at index.android.bundle:1:3316890)
05-25 19:29:26.044 17130 17265 E AndroidRuntime:     at Suspense (<anonymous>)
05-25 19:29:26.044 17130 17265 E AndroidRuntime:     at Route (address at index.android.bundle:1:1625893)
05-25 19:29:26.044 17130 17265 E AndroidRuntime:     at BaseRoute (address at index.android.bundle:1:1629636)
05-25 19:29:26.044 17130 17265 E AndroidRuntime:     at StaticContainer (address at index.android.bundle:1:1519389)
05-25 19:29:26.044 17130 17265 E AndroidRuntime:     at EnsureSingleNavigator (address at index.android.bundle:1:1459623)
05-25 19:29:26.044 17130 17265 E AndroidRuntime:     at SceneView (address at index.android.bundle:1:1516921)
05-25 19:29:26.044 17130 17265 E AndroidRuntime:     at PreventRemoveProvider (address at index.android.bundle:1:1494974)
05-25 19:29:26.044 17130 17265 E AndroidRuntime:     at NavigationContent (address at index.android.bundle:1:1513283)
05-25 19:29:26.044 17130 17265 E AndroidRuntime:     at anonymous (address at index.android.bundle:1:1513186)
05-25 19:29:26.044 17130 17265 E AndroidRuntime:     at Content (address at index.android.bundle:1:1730315)
05-25 19:29:26.044 17130 17265 E AndroidRuntime:     at SafeAreaEnv (address at index.android.bundle:1:1146001)
05-25 19:29:26.044 17130 17265 E AndroidRuntime:     at RNCSafeAreaProvider (<anonymous>)
05-25 19:29:26.044 17130 17265 E AndroidRuntime:     at SafeAreaProvider (address at index.android.bundle:1:1148016)
05-25 19:29:26.044 17130 17265 E AndroidRuntime:     at SafeAreaProviderShim (address at index.android.bundle:1:1146393)
05-25 19:29:26.044 17130 17265 E AndroidRuntime:     at wrapper (address at index.android.bundle:1:1729392)
05-25 19:29:26.044 17130 17265 E AndroidRuntime:     at ThemeProvider (address at index.android.bundle:1:1462849)
05-25 19:29:26.044 17130 17265 E AndroidRuntime:     at EnsureSingleNavigator (address at index.android.bundle:1:1459623)
05-25 19:29:26.044 17130 17265 E AndroidRuntime:     at BaseNavigationContainer (address at index.android.bundle:1:1438647)
05-25 19:29:26.044 17130 17265 E AndroidRuntime:     at NavigationContainerInner (address at index.android.bundle:1:1732122)
05-25 19:29:26.044 17130 17265 E AndroidRuntime:     at ContextNavigator (address at index.android.bundle:1:1729590)
05-25 19:29:26.044 17130 17265 E AndroidRuntime:     at ExpoRoot (address at index.android.bundle:1:1729300)
05-25 19:29:26.044 17130 17265 E AndroidRuntime:     at App (<anonymous>)
05-25 19:29:26.044 17130 17265 E AndroidRuntime:     at RCTView (<anonymous>)
05-25 19:29:26.044 17130 17265 E AndroidRuntime:     at anonymous (address at index.android.bundle:1:564168)
05-25 19:29:26.044 17130 17265 E AndroidRuntime:     at anonymous (address at index.android.bundle:1:568210)
05-25 19:29:26.044 17130 17265 E AndroidRuntime:     at AppContainer (address at index.android.bundle:1:563368), js engine: hermes, stack:
05-25 19:29:26.044 17130 17265 E AndroidRuntime: maybeHijackSafeAreaProvider@1:1145880
05-25 19:29:26.044 17130 17265 E AndroidRuntime: anonymous@1:566362
05-25 19:29:26.044 17130 17265 E AndroidRuntime: SubscriptionScreen@1:3069587
05-25 19:29:26.044 17130 17265 E AndroidRuntime: renderWithHooks@1:396786
05-25 19:29:26.044 17130 17265 E AndroidRuntime: updateFunctionComponent@1:409243
05-25 19:29:26.044 17130 17265 E AndroidRuntime: beginWork@1:416932
05-25 19:29:26.044 17130 17265 E AndroidRuntime: performUnitOfWork@1:439566
05-25 19:29:26.044 17130 17265 E AndroidRuntime: workLoopSync@1:438598
05-25 19:29:26.044 17130 17265 E AndroidRuntime: renderRootSync@1:438430
05-25 19:29:26.044 17130 17265 E AndroidRuntime: performWorkOnRoot@1:435692
05-25 19:29:26.044 17130 17265 E AndroidRuntime: performSyncWorkOnRoot@1:387245
05-25 19:29:26.044 17130 17265 E AndroidRuntime: flushSyncWorkAcrossRoots_impl@1:386258
05-25 19:29:26.044 17130 17265 E AndroidRuntime: scheduleUpdateOnFiber@1:435591
05-25 19:29:26.044 17130 17265 E AndroidRuntime: dispatchSetStateInternal@1:404014
05-25 19:29:26.044 17130 17265 E AndroidRuntime: dispatchSetState@1:403748
05-25 19:29:26.044 17130 17265 E AndroidRuntime: ?anon_0_@1:3070653
05-25 19:29:26.044 17130 17265 E AndroidRuntime: asyncGeneratorStep@1:729373
05-25 19:29:26.044 17130 17265 E AndroidRuntime: _next@1:729632
05-25 19:29:26.044 17130 17265 E AndroidRuntime: anonymous@1:472763
05-25 19:29:26.044 17130 17265 E AndroidRuntime: _callTimer@1:471748
05-25 19:29:26.044 17130 17265 E AndroidRuntime: _callReactNativeMicrotasksPass@1:471892
05-25 19:29:26.044 17130 17265 E AndroidRuntime: callReactNativeMicrotasks@1:473837
05-25 19:29:26.044 17130 17265 E AndroidRuntime: __callReactNativeMicrotasks@1:194206
05-25 19:29:26.044 17130 17265 E AndroidRuntime: anonymous@1:193341
05-25 19:29:26.044 17130 17265 E AndroidRuntime: __guard@1:194080
05-25 19:29:26.044 17130 17265 E AndroidRuntime: flushedQueue@1:193252
05-25 19:29:26.044 17130 17265 E AndroidRuntime: invokeCallbackAndReturnFlushedQueue@1:193195
05-25 19:29:26.044 17130 17265 E AndroidRuntime:
05-25 19:29:26.044 17130 17265 E AndroidRuntime:        at com.facebook.react.modules.core.ExceptionsManagerModule.reportException(ExceptionsManagerModule.kt:52)
05-25 19:29:26.044 17130 17265 E AndroidRuntime:        at java.lang.reflect.Method.invoke(Native Method)
05-25 19:29:26.044 17130 17265 E AndroidRuntime:        at com.facebook.react.bridge.JavaMethodWrapper.invoke(JavaMethodWrapper.java:372)
05-25 19:29:26.044 17130 17265 E AndroidRuntime:        at com.facebook.react.bridge.JavaModuleWrapper.invoke(JavaModuleWrapper.java:146)
05-25 19:29:26.044 17130 17265 E AndroidRuntime:        at com.facebook.jni.NativeRunnable.run(Native Method)
05-25 19:29:26.044 17130 17265 E AndroidRuntime:        at android.os.Handler.handleCallback(Handler.java:991)
05-25 19:29:26.044 17130 17265 E AndroidRuntime:        at android.os.Handler.dispatchMessage(Handler.java:102)
05-25 19:29:26.044 17130 17265 E AndroidRuntime:        at com.facebook.react.bridge.queue.MessageQueueThreadHandler.dispatchMessage(MessageQueueThreadHandler.kt:20)
05-25 19:29:26.044 17130 17265 E AndroidRuntime:        at android.os.Looper.loopOnce(Looper.java:232)
05-25 19:29:26.044 17130 17265 E AndroidRuntime:        at android.os.Looper.loop(Looper.java:317)
05-25 19:29:26.044 17130 17265 E AndroidRuntime:        at com.facebook.react.bridge.queue.MessageQueueThreadImpl$Companion.startNewBackgroundThread$lambda$1(MessageQueueThreadImpl.kt:175)
05-25 19:29:26.044 17130 17265 E AndroidRuntime:        at com.facebook.react.bridge.queue.MessageQueueThreadImpl$Companion.$r8$lambda$ldnZnqelhYFctGaUKkOKYj5rxo4(Unknown Source:0)
05-25 19:29:26.044 17130 17265 E AndroidRuntime:        at com.facebook.react.bridge.queue.MessageQueueThreadImpl$Companion$$ExternalSyntheticLambda0.run(D8$$SyntheticClass:0)
05-25 19:29:26.044 17130 17265 E AndroidRuntime:        at java.lang.Thread.run(Thread.java:1012)
05-25 19:29:26.051  1367  2268 W ActivityTaskManager:   Force finishing activity me.feelheard/.MainActivity
05-25 19:29:26.189  1367  1484 I WindowManager: WIN DEATH: Window{ae9b5de u0 me.feelheard/me.feelheard.MainActivity}
05-25 19:29:26.191  1367  2267 I ActivityManager: Process me.feelheard (pid 17130) has died: fg  TOP
05-25 19:29:26.234  1367  1507 V WindowManager:         {WCT{RemoteToken{433a52e Task{2e55fc #765 type=standard A=10315:me.feelheard}}} m=CLOSE f=NONE leash=Surface(name=Task=765)/@0x2846330 sb=Rect(0, 0 - 1080, 2400) eb=Rect(0, 0 - 1080, 2400) epz=Point(1080, 2400) d=0 taskParent=-1}
05-25 19:29:26.741  1367  2267 W WindowManager: Exception thrown during dispatchAppVisibility Window{ae9b5de u0 me.feelheard/me.feelheard.MainActivity EXITING}
05-25 19:30:20.396  1367  1531 I ActivityManager: Start proc 17384:me.feelheard/u0a315 for service {me.feelheard/com.google.android.datatransport.runtime.scheduling.jobscheduling.JobInfoSchedulerService}
05-25 19:30:20.486  1367  1765 W JobServiceContext: Sending onNetworkChanged for a job that isn't started. JobStatus{a7bff04 #u0a315/408822278 me.feelheard/com.google.android.datatransport.runtime.scheduling.jobscheduling.JobInfoSchedulerService u=0 s=10315 TIME=-48s850ms:none NET READY}
05-25 19:30:30.870  1367  1773 D ActivityManager: freezing 17384 me.feelheard
05-25 19:31:56.044  6636  6636 D ActivityThread: Package [me.feelheard] reported as REPLACED, but missing application info. Assuming REMOVED.
05-25 19:31:56.048  6636  6636 D ActivityThread: Package [me.feelheard] reported as REPLACED, but missing application info. Assuming REMOVED.
05-25 19:31:56.048  6636  6636 D ActivityThread: Package [me.feelheard] reported as REPLACED, but missing application info. Assuming REMOVED.
05-25 19:31:56.049  6636  6636 D ActivityThread: Package [me.feelheard] reported as REPLACED, but missing application info. Assuming REMOVED.
05-25 19:31:56.049  6636  6636 D ActivityThread: Package [me.feelheard] reported as REPLACED, but missing application info. Assuming REMOVED.
05-25 19:31:56.049  6636  6636 D ActivityThread: Package [me.feelheard] reported as REPLACED, but missing application info. Assuming REMOVED.
05-25 19:31:56.049  6636  6636 D ActivityThread: Package [me.feelheard] reported as REPLACED, but missing application info. Assuming REMOVED.
05-25 19:31:56.049  6636  6636 D ActivityThread: Package [me.feelheard] reported as REPLACED, but missing application info. Assuming REMOVED.
05-25 19:31:56.049  6636  6636 D ActivityThread: Package [me.feelheard] reported as REPLACED, but missing application info. Assuming REMOVED.
05-25 19:31:56.049  6636  6636 D ActivityThread: Package [me.feelheard] reported as REPLACED, but missing application info. Assuming REMOVED.
05-25 19:31:56.049  6636  6636 D ActivityThread: Package [me.feelheard] reported as REPLACED, but missing application info. Assuming REMOVED.
05-25 19:31:56.049  6636  6636 D ActivityThread: Package [me.feelheard] reported as REPLACED, but missing application info. Assuming REMOVED.
05-25 19:31:56.049  6636  6636 D ActivityThread: Package [me.feelheard] reported as REPLACED, but missing application info. Assuming REMOVED.
05-25 19:31:56.050  6636  6636 D ActivityThread: Package [me.feelheard] reported as REPLACED, but missing application info. Assuming REMOVED.
05-25 19:31:56.050  6636  6636 D ActivityThread: Package [me.feelheard] reported as REPLACED, but missing application info. Assuming REMOVED.
05-25 19:31:56.050  6636  6636 D ActivityThread: Package [me.feelheard] reported as REPLACED, but missing application info. Assuming REMOVED.
05-25 19:31:56.050  6636  6636 D ActivityThread: Package [me.feelheard] reported as REPLACED, but missing application info. Assuming REMOVED.
05-25 19:31:56.050  6636  6636 D ActivityThread: Package [me.feelheard] reported as REPLACED, but missing application info. Assuming REMOVED.
05-25 19:31:56.050  6636  6636 D ActivityThread: Package [me.feelheard] reported as REPLACED, but missing application info. Assuming REMOVED.
05-25 19:31:56.050  6636  6636 D ActivityThread: Package [me.feelheard] reported as REPLACED, but missing application info. Assuming REMOVED.
05-25 19:31:56.050  6636  6636 D ActivityThread: Package [me.feelheard] reported as REPLACED, but missing application info. Assuming REMOVED.
05-25 19:32:10.538  6654  6654 D ActivityThread: Package [me.feelheard] reported as REPLACED, but missing application info. Assuming REMOVED.
05-25 19:32:10.540  6654  6654 D ActivityThread: Package [me.feelheard] reported as REPLACED, but missing application info. Assuming REMOVED.
05-25 19:32:10.541  6654  6654 D ActivityThread: Package [me.feelheard] reported as REPLACED, but missing application info. Assuming REMOVED.
05-25 19:33:26.216 11255 11255 D ActivityThread: Package [me.feelheard] reported as REPLACED, but missing application info. Assuming REMOVED.
05-25 19:33:26.216 11255 11255 D ActivityThread: Package [me.feelheard] reported as REPLACED, but missing application info. Assuming REMOVED.
05-25 19:33:26.216 11255 11255 D ActivityThread: Package [me.feelheard] reported as REPLACED, but missing application info. Assuming REMOVED.
05-25 19:33:26.217 11255 11255 D ActivityThread: Package [me.feelheard] reported as REPLACED, but missing application info. Assuming REMOVED.
05-25 19:33:26.217 11255 11255 D ActivityThread: Package [me.feelheard] reported as REPLACED, but missing application info. Assuming REMOVED.
05-25 19:33:26.217 11255 11255 D ActivityThread: Package [me.feelheard] reported as REPLACED, but missing application info. Assuming REMOVED.
05-25 19:33:26.289  9665  9665 D ActivityThread: Package [me.feelheard] reported as REPLACED, but missing application info. Assuming REMOVED.
05-25 19:33:26.289  9665  9665 D ActivityThread: Package [me.feelheard] reported as REPLACED, but missing application info. Assuming REMOVED.
05-25 19:33:26.290  9665  9665 D ActivityThread: Package [me.feelheard] reported as REPLACED, but missing application info. Assuming REMOVED.
05-25 19:33:26.290  9665  9665 D ActivityThread: Package [me.feelheard] reported as REPLACED, but missing application info. Assuming REMOVED.
05-25 19:33:26.291  9665  9665 D ActivityThread: Package [me.feelheard] reported as REPLACED, but missing application info. Assuming REMOVED.
05-25 19:33:26.292  9665  9665 D ActivityThread: Package [me.feelheard] reported as REPLACED, but missing application info. Assuming REMOVED.
05-25 19:33:27.880   771   771 D ActivityThread: Package [me.feelheard] reported as REPLACED, but missing application info. Assuming REMOVED.
05-25 19:33:27.880   771   771 D ActivityThread: Package [me.feelheard] reported as REPLACED, but missing application info. Assuming REMOVED.
05-25 19:33:27.881   771   771 D ActivityThread: Package [me.feelheard] reported as REPLACED, but missing application info. Assuming REMOVED.
05-25 19:33:28.033 12787 12787 D ActivityThread: Package [me.feelheard] reported as REPLACED, but missing application info. Assuming REMOVED.
05-25 19:33:28.035 12787 12787 D ActivityThread: Package [me.feelheard] reported as REPLACED, but missing application info. Assuming REMOVED.
05-25 19:33:28.038 12787 12787 D ActivityThread: Package [me.feelheard] reported as REPLACED, but missing application info. Assuming REMOVED.
05-25 19:33:28.039  7278  7278 D ActivityThread: Package [me.feelheard] reported as REPLACED, but missing application info. Assuming REMOVED.
05-25 19:33:28.040  7278  7278 D ActivityThread: Package [me.feelheard] reported as REPLACED, but missing application info. Assuming REMOVED.
05-25 19:33:28.040 11699 11699 D ActivityThread: Package [me.feelheard] reported as REPLACED, but missing application info. Assuming REMOVED.
05-25 19:33:28.040 11699 11699 D ActivityThread: Package [me.feelheard] reported as REPLACED, but missing application info. Assuming REMOVED.
05-25 19:33:28.040  7278  7278 D ActivityThread: Package [me.feelheard] reported as REPLACED, but missing application info. Assuming REMOVED.
05-25 19:33:28.040 11699 11699 D ActivityThread: Package [me.feelheard] reported as REPLACED, but missing application info. Assuming REMOVED.
05-25 19:33:28.041  7278  7278 D ActivityThread: Package [me.feelheard] reported as REPLACED, but missing application info. Assuming REMOVED.
05-25 19:33:28.041 11699 11699 D ActivityThread: Package [me.feelheard] reported as REPLACED, but missing application info. Assuming REMOVED.
05-25 19:33:28.041  7278  7278 D ActivityThread: Package [me.feelheard] reported as REPLACED, but missing application info. Assuming REMOVED.
05-25 19:33:28.041 12787 12787 D ActivityThread: Package [me.feelheard] reported as REPLACED, but missing application info. Assuming REMOVED.
05-25 19:33:28.041 11699 11699 D ActivityThread: Package [me.feelheard] reported as REPLACED, but missing application info. Assuming REMOVED.
05-25 19:33:28.041 12787 12787 D ActivityThread: Package [me.feelheard] reported as REPLACED, but missing application info. Assuming REMOVED.
05-25 19:33:28.041  7278  7278 D ActivityThread: Package [me.feelheard] reported as REPLACED, but missing application info. Assuming REMOVED.
05-25 19:33:28.041 11699 11699 D ActivityThread: Package [me.feelheard] reported as REPLACED, but missing application info. Assuming REMOVED.
05-25 19:33:28.041 12787 12787 D ActivityThread: Package [me.feelheard] reported as REPLACED, but missing application info. Assuming REMOVED.
05-25 19:33:28.041  7278  7278 D ActivityThread: Package [me.feelheard] reported as REPLACED, but missing application info. Assuming REMOVED.
05-25 19:33:28.041  7278  7278 D ActivityThread: Package [me.feelheard] reported as REPLACED, but missing application info. Assuming REMOVED.
05-25 19:33:28.041  7278  7278 D ActivityThread: Package [me.feelheard] reported as REPLACED, but missing application info. Assuming REMOVED.
05-25 19:33:28.043 11686 11686 D ActivityThread: Package [me.feelheard] reported as REPLACED, but missing application info. Assuming REMOVED.
05-25 19:33:28.045 11686 11686 D ActivityThread: Package [me.feelheard] reported as REPLACED, but missing application info. Assuming REMOVED.
05-25 19:33:28.046 12787 12787 D ActivityThread: Package [me.feelheard] reported as REPLACED, but missing application info. Assuming REMOVED.
05-25 19:33:28.051 12787 12787 D ActivityThread: Package [me.feelheard] reported as REPLACED, but missing application info. Assuming REMOVED.
05-25 19:33:28.052 12787 12787 D ActivityThread: Package [me.feelheard] reported as REPLACED, but missing application info. Assuming REMOVED.
05-25 19:33:28.052  9529  9529 D ActivityThread: Package [me.feelheard] reported as REPLACED, but missing application info. Assuming REMOVED.
05-25 19:33:28.054  9529  9529 D ActivityThread: Package [me.feelheard] reported as REPLACED, but missing application info. Assuming REMOVED.
05-25 19:33:28.057  2565  2565 D ActivityThread: Package [me.feelheard] reported as REPLACED, but missing application info. Assuming REMOVED.
05-25 19:33:28.058 11686 11686 D ActivityThread: Package [me.feelheard] reported as REPLACED, but missing application info. Assuming REMOVED.
05-25 19:33:28.058 11686 11686 D ActivityThread: Package [me.feelheard] reported as REPLACED, but missing application info. Assuming REMOVED.
05-25 19:33:28.058  9529  9529 D ActivityThread: Package [me.feelheard] reported as REPLACED, but missing application info. Assuming REMOVED.
05-25 19:33:28.060  7472  7472 D ActivityThread: Package [me.feelheard] reported as REPLACED, but missing application info. Assuming REMOVED.
05-25 19:33:28.060  7472  7472 D ActivityThread: Package [me.feelheard] reported as REPLACED, but missing application info. Assuming REMOVED.
05-25 19:33:28.060 11686 11686 D ActivityThread: Package [me.feelheard] reported as REPLACED, but missing application info. Assuming REMOVED.
05-25 19:33:28.060  7472  7472 D ActivityThread: Package [me.feelheard] reported as REPLACED, but missing application info. Assuming REMOVED.
05-25 19:33:28.060  9529  9529 D ActivityThread: Package [me.feelheard] reported as REPLACED, but missing application info. Assuming REMOVED.
05-25 19:33:28.063  2565  2565 D ActivityThread: Package [me.feelheard] reported as REPLACED, but missing application info. Assuming REMOVED.
05-25 19:33:28.063 11686 11686 D ActivityThread: Package [me.feelheard] reported as REPLACED, but missing application info. Assuming REMOVED.
05-25 19:33:28.063  9529  9529 D ActivityThread: Package [me.feelheard] reported as REPLACED, but missing application info. Assuming REMOVED.
05-25 19:33:28.063 11677 11677 D ActivityThread: Package [me.feelheard] reported as REPLACED, but missing application info. Assuming REMOVED.
05-25 19:33:28.064 11677 11677 D ActivityThread: Package [me.feelheard] reported as REPLACED, but missing application info. Assuming REMOVED.
05-25 19:33:28.065 11677 11677 D ActivityThread: Package [me.feelheard] reported as REPLACED, but missing application info. Assuming REMOVED.
05-25 19:33:28.065 11677 11677 D ActivityThread: Package [me.feelheard] reported as REPLACED, but missing application info. Assuming REMOVED.
05-25 19:33:28.065 11677 11677 D ActivityThread: Package [me.feelheard] reported as REPLACED, but missing application info. Assuming REMOVED.
05-25 19:33:28.065  2565  2565 D ActivityThread: Package [me.feelheard] reported as REPLACED, but missing application info. Assuming REMOVED.
05-25 19:33:28.065 11677 11677 D ActivityThread: Package [me.feelheard] reported as REPLACED, but missing application info. Assuming REMOVED.
05-25 19:33:28.065 11677 11677 D ActivityThread: Package [me.feelheard] reported as REPLACED, but missing application info. Assuming REMOVED.
05-25 19:33:28.065 11677 11677 D ActivityThread: Package [me.feelheard] reported as REPLACED, but missing application info. Assuming REMOVED.
05-25 19:33:28.065 11677 11677 D ActivityThread: Package [me.feelheard] reported as REPLACED, but missing application info. Assuming REMOVED.
05-25 19:33:28.066  2565  2565 D ActivityThread: Package [me.feelheard] reported as REPLACED, but missing application info. Assuming REMOVED.
05-25 19:33:28.066  2565  2565 D ActivityThread: Package [me.feelheard] reported as REPLACED, but missing application info. Assuming REMOVED.
05-25 19:33:28.066  2565  2565 D ActivityThread: Package [me.feelheard] reported as REPLACED, but missing application info. Assuming REMOVED.
05-25 19:33:28.067  2565  2565 D ActivityThread: Package [me.feelheard] reported as REPLACED, but missing application info. Assuming REMOVED.
05-25 19:33:28.067  9529  9529 D ActivityThread: Package [me.feelheard] reported as REPLACED, but missing application info. Assuming REMOVED.
05-25 19:33:28.067  2565  2565 D ActivityThread: Package [me.feelheard] reported as REPLACED, but missing application info. Assuming REMOVED.
05-25 19:33:28.067  2565  2565 D ActivityThread: Package [me.feelheard] reported as REPLACED, but missing application info. Assuming REMOVED.
05-25 19:33:28.095 11760 11760 D ActivityThread: Package [me.feelheard] reported as REPLACED, but missing application info. Assuming REMOVED.
05-25 19:33:28.097 11760 11760 D ActivityThread: Package [me.feelheard] reported as REPLACED, but missing application info. Assuming REMOVED.
05-25 19:33:28.100 11782 11782 D ActivityThread: Package [me.feelheard] reported as REPLACED, but missing application info. Assuming REMOVED.
05-25 19:33:28.100 11782 11782 D ActivityThread: Package [me.feelheard] reported as REPLACED, but missing application info. Assuming REMOVED.
05-25 19:33:28.100 11760 11760 D ActivityThread: Package [me.feelheard] reported as REPLACED, but missing application info. Assuming REMOVED.
05-25 19:33:28.102 11782 11782 D ActivityThread: Package [me.feelheard] reported as REPLACED, but missing application info. Assuming REMOVED.
05-25 19:33:28.102 11760 11760 D ActivityThread: Package [me.feelheard] reported as REPLACED, but missing application info. Assuming REMOVED.
05-25 19:33:28.102 11760 11760 D ActivityThread: Package [me.feelheard] reported as REPLACED, but missing application info. Assuming REMOVED.
05-25 19:33:28.102 11760 11760 D ActivityThread: Package [me.feelheard] reported as REPLACED, but missing application info. Assuming REMOVED.
05-25 19:33:28.102 11760 11760 D ActivityThread: Package [me.feelheard] reported as REPLACED, but missing application info. Assuming REMOVED.
05-25 19:33:28.103 11782 11782 D ActivityThread: Package [me.feelheard] reported as REPLACED, but missing application info. Assuming REMOVED.
05-25 19:33:28.103 11760 11760 D ActivityThread: Package [me.feelheard] reported as REPLACED, but missing application info. Assuming REMOVED.
05-25 19:33:28.104 11760 11760 D ActivityThread: Package [me.feelheard] reported as REPLACED, but missing application info. Assuming REMOVED.
05-25 19:33:28.104 11782 11782 D ActivityThread: Package [me.feelheard] reported as REPLACED, but missing application info. Assuming REMOVED.
05-25 19:33:28.104 11782 11782 D ActivityThread: Package [me.feelheard] reported as REPLACED, but missing application info. Assuming REMOVED.
05-25 19:33:28.105 11782 11782 D ActivityThread: Package [me.feelheard] reported as REPLACED, but missing application info. Assuming REMOVED.
05-25 19:33:28.105 11782 11782 D ActivityThread: Package [me.feelheard] reported as REPLACED, but missing application info. Assuming REMOVED.
05-25 19:33:28.106 11782 11782 D ActivityThread: Package [me.feelheard] reported as REPLACED, but missing application info. Assuming REMOVED.
05-25 19:33:28.113 12831 12831 D ActivityThread: Package [me.feelheard] reported as REPLACED, but missing application info. Assuming REMOVED.
05-25 19:33:28.113 12831 12831 D ActivityThread: Package [me.feelheard] reported as REPLACED, but missing application info. Assuming REMOVED.
05-25 19:33:28.114 12831 12831 D ActivityThread: Package [me.feelheard] reported as REPLACED, but missing application info. Assuming REMOVED.
05-25 19:33:28.115 12831 12831 D ActivityThread: Package [me.feelheard] reported as REPLACED, but missing application info. Assuming REMOVED.
05-25 19:33:28.115 12831 12831 D ActivityThread: Package [me.feelheard] reported as REPLACED, but missing application info. Assuming REMOVED.
05-25 19:33:28.116 12831 12831 D ActivityThread: Package [me.feelheard] reported as REPLACED, but missing application info. Assuming REMOVED.
05-25 19:33:28.116 12831 12831 D ActivityThread: Package [me.feelheard] reported as REPLACED, but missing application info. Assuming REMOVED.
05-25 19:33:28.116 12831 12831 D ActivityThread: Package [me.feelheard] reported as REPLACED, but missing application info. Assuming REMOVED.
05-25 19:33:28.116 12831 12831 D ActivityThread: Package [me.feelheard] reported as REPLACED, but missing application info. Assuming REMOVED.
05-25 19:33:51.598 25484 25484 D ActivityThread: Package [me.feelheard] reported as REPLACED, but missing application info. Assuming REMOVED.
05-25 19:33:51.599 25484 25484 D ActivityThread: Package [me.feelheard] reported as REPLACED, but missing application info. Assuming REMOVED.
05-25 19:33:51.600 25484 25484 D ActivityThread: Package [me.feelheard] reported as REPLACED, but missing application info. Assuming REMOVED.
05-25 19:33:51.601 10926 10926 D ActivityThread: Package [me.feelheard] reported as REPLACED, but missing application info. Assuming REMOVED.
05-25 19:33:51.601 10926 10926 D ActivityThread: Package [me.feelheard] reported as REPLACED, but missing application info. Assuming REMOVED.
05-25 19:33:51.602 10926 10926 D ActivityThread: Package [me.feelheard] reported as REPLACED, but missing application info. Assuming REMOVED.
05-25 19:34:26.233  2228 11396 W ProcStatsManager: No process me.feelheard/10315 for service com.google.android.datatransport.runtime.scheduling.jobscheduling.JobInfoSchedulerService
05-25 19:34:29.222 10716 10716 D ActivityThread: Package [me.feelheard] reported as REPLACED, but missing application info. Assuming REMOVED.
05-25 19:34:29.223 10716 10716 D ActivityThread: Package [me.feelheard] reported as REPLACED, but missing application info. Assuming REMOVED.
05-25 19:34:29.223 10716 10716 D ActivityThread: Package [me.feelheard] reported as REPLACED, but missing application info. Assuming REMOVED.
05-25 19:34:29.227 10716 10716 D ActivityThread: Package [me.feelheard] reported as REPLACED, but missing application info. Assuming REMOVED.
05-25 19:34:29.227 10716 10716 D ActivityThread: Package [me.feelheard] reported as REPLACED, but missing application info. Assuming REMOVED.
05-25 19:34:29.227 10716 10716 D ActivityThread: Package [me.feelheard] reported as REPLACED, but missing application info. Assuming REMOVED.
05-25 19:34:33.389  2228 11400 W ProcStatsManager: No process me.feelheard/10315 for service com.google.android.datatransport.runtime.scheduling.jobscheduling.JobInfoSchedulerService
05-25 19:34:40.643  2228 11399 W ProcStatsManager: No process me.feelheard/10315 for service com.google.android.datatransport.runtime.scheduling.jobscheduling.JobInfoSchedulerService
05-25 19:34:59.134  2228 11397 W ProcStatsManager: No process me.feelheard/10315 for service com.google.android.datatransport.runtime.scheduling.jobscheduling.JobInfoSchedulerService
05-25 19:36:45.827  1367  6426 I ActivityTaskManager: START u0 {act=android.intent.action.MAIN cat=[android.intent.category.LAUNCHER] flg=0x10200000 cmp=me.feelheard/.MainActivity bnds=[46,328][293,618]} with LAUNCH_SINGLE_TASK from uid 10240 (sr=115663291) (BAL_ALLOW_VISIBLE_WINDOW) result code=0
05-25 19:36:45.828  1923  1943 V WindowManagerShell: Transition requested (#430): android.os.BinderProxy@76821e5 TransitionRequestInfo { type = OPEN, triggerTask = TaskInfo{userId=0 taskId=767 effectiveUid=10315 displayId=0 isRunning=true baseIntent=Intent { act=android.intent.action.MAIN cat=[android.intent.category.LAUNCHER] flg=0x10200000 cmp=me.feelheard/.MainActivity } baseActivity=ComponentInfo{me.feelheard/me.feelheard.MainActivity} topActivity=ComponentInfo{me.feelheard/me.feelheard.MainActivity} origActivity=null realActivity=ComponentInfo{me.feelheard/me.feelheard.MainActivity} numActivities=1 lastActiveTime=72658179 supportsMultiWindow=true resizeMode=1 isResizeable=true minWidth=-1 minHeight=-1 defaultMinSize=220 token=WCT{android.window.IWindowContainerToken$Stub$Proxy@dc864ba} topActivityType=1 pictureInPictureParams=null shouldDockBigOverlays=false launchIntoPipHostTaskId=-1 lastParentTaskIdBeforePip=-1 displayCutoutSafeInsets=Rect(0, 128 - 0, 0) topActivityInfo=ActivityInfo{edfbf6b me.feelheard.MainActivity} launchCookies=[android.os.BinderProxy@9594ac8] positionInParent=Point(0, 0) parentTaskId=-1 isFocused=false isVisible=false isVisibleRequested=false isTopActivityNoDisplay=false isSleeping=false locusId=null displayAreaFeatureId=1 isTopActivityTransparent=false isActivityStackTransparent=false lastNonFullscreenBounds=Rect(276, 692 - 804, 1772) capturedLink=null capturedLinkTimestamp=0 requestedVisibleTypes=-9 topActivityRequestOpenInBrowserEducationTimestamp=0 appCompatTaskInfo=AppCompatTaskInfo { topActivityInSizeCompat=false eligibleForLetterboxEducation= false isLetterboxEducationEnabled= false isLetterboxDoubleTapEnabled= false eligibleForUserAspectRatioButton= false topActivityBoundsLetterboxed= false isFromLetterboxDoubleTap= false topActivityLetterboxVerticalPosition= -1 topActivityLetterboxHorizontalPosition= -1 topActivityLetterboxWidth=-1 topActivityLetterboxHeight=-1 topActivityLetterboxAppWidth=-1 topActivityLetterboxAppHeight=-1 isUserFullscreenOverrideEnabled=false isSystemFullscreenOverrideEnabled=false hasMinAspectRatioOverride=false topActivityLetterboxBounds=null cameraCompatTaskInfo=CameraCompatTaskInfo { freeformCameraCompatMode=inactive}} topActivityMainWindowFrame=null}, pipChange = null, remoteTransition = RemoteTransition { remoteTransition = android.window.IRemoteTransition$Stub$Proxy@e7df761, appThread = android.app.IApplicationThread$Stub$Proxy@3081286, debugName = QuickstepLaunch }, displayChange = null, flags = 0, debugId = 430 }
05-25 19:36:45.835  1367  1510 D ActivityManager: sync unfroze 17384 me.feelheard for 1
05-25 19:36:45.838  1367  2064 D CoreBackPreview: Window{a5d4e43 u0 Splash Screen me.feelheard}: Setting back callback OnBackInvokedCallbackInfo{mCallback=android.window.IOnBackInvokedCallback$Stub$Proxy@72cb13e, mPriority=0, mIsAnimationCallback=false, mOverrideBehavior=0}
05-25 19:36:45.843 17384 18599 D vulkan  : searching for layers in '/data/app/~~-cg_FBhAFEPDplAtSR9aKg==/me.feelheard-3cmFt5BdIwpiJyEejk50hQ==/lib/arm64'
05-25 19:36:45.843 17384 18599 D vulkan  : searching for layers in '/data/app/~~-cg_FBhAFEPDplAtSR9aKg==/me.feelheard-3cmFt5BdIwpiJyEejk50hQ==/base.apk!/lib/arm64-v8a'
05-25 19:36:45.844  1367  1507 V WindowManager: Sent Transition (#430) createdAt=05-25 19:36:45.819 via request=TransitionRequestInfo { type = OPEN, triggerTask = TaskInfo{userId=0 taskId=767 effectiveUid=10315 displayId=0 isRunning=true baseIntent=Intent { act=android.intent.action.MAIN cat=[android.intent.category.LAUNCHER] flg=0x10200000 cmp=me.feelheard/.MainActivity } baseActivity=ComponentInfo{me.feelheard/me.feelheard.MainActivity} topActivity=ComponentInfo{me.feelheard/me.feelheard.MainActivity} origActivity=null realActivity=ComponentInfo{me.feelheard/me.feelheard.MainActivity} numActivities=1 lastActiveTime=72658179 supportsMultiWindow=true resizeMode=1 isResizeable=true minWidth=-1 minHeight=-1 defaultMinSize=220 token=WCT{RemoteToken{70d00b5 Task{46004bc #767 type=standard A=10315:me.feelheard}}} topActivityType=1 pictureInPictureParams=null shouldDockBigOverlays=false launchIntoPipHostTaskId=-1 lastParentTaskIdBeforePip=-1 displayCutoutSafeInsets=Rect(0, 128 - 0, 0) topActivityInfo=ActivityInfo{7bea34a me.feelheard.MainActivity} launchCookies=[android.os.BinderProxy@72842bb] positionInParent=Point(0, 0) parentTaskId=-1 isFocused=false isVisible=false isVisibleRequested=false isTopActivityNoDisplay=false isSleeping=false locusId=null displayAreaFeatureId=1 isTopActivityTransparent=false isActivityStackTransparent=false lastNonFullscreenBounds=Rect(276, 692 - 804, 1772) capturedLink=null capturedLinkTimestamp=0 requestedVisibleTypes=-9 topActivityRequestOpenInBrowserEducationTimestamp=0 appCompatTaskInfo=AppCompatTaskInfo { topActivityInSizeCompat=false eligibleForLetterboxEducation= false isLetterboxEducationEnabled= false isLetterboxDoubleTapEnabled= false eligibleForUserAspectRatioButton= false topActivityBoundsLetterboxed= false isFromLetterboxDoubleTap= false topActivityLetterboxVerticalPosition= -1 topActivityLetterboxHorizontalPosition= -1 topActivityLetterboxWidth=-1 topActivityLetterboxHeight=-1 topActivityLetterboxAppWidth=-1 topActivityLetterboxAppHeight=-1 isUserFullscreenOverrideEnabled=false isSystemFullscreenOverrideEnabled=false hasMinAspectRatioOverride=false topActivityLetterboxBounds=null cameraCompatTaskInfo=CameraCompatTaskInfo { freeformCameraCompatMode=inactive}} topActivityMainWindowFrame=null}, pipChange = null, remoteTransition = RemoteTransition { remoteTransition = android.window.IRemoteTransition$Stub$Proxy@81b93d8, appThread = android.app.IApplicationThread$Stub$Proxy@bd9f331, debugName = QuickstepLaunch }, displayChange = null, flags = 0, debugId = 430 }
05-25 19:36:45.844  1367  1507 V WindowManager:         {WCT{RemoteToken{70d00b5 Task{46004bc #767 type=standard A=10315:me.feelheard}}} m=OPEN f=NONE leash=Surface(name=Task=767)/@0xffc8b9f sb=Rect(0, 0 - 1080, 2400) eb=Rect(0, 0 - 1080, 2400) epz=Point(1080, 2400) d=0 taskParent=-1},
05-25 19:36:45.862 17384 17384 D nativeloader: Load /data/app/~~-cg_FBhAFEPDplAtSR9aKg==/me.feelheard-3cmFt5BdIwpiJyEejk50hQ==/base.apk!/lib/arm64-v8a/libc++_shared.so using ns clns-7 from class loader (caller=/data/app/~~-cg_FBhAFEPDplAtSR9aKg==/me.feelheard-3cmFt5BdIwpiJyEejk50hQ==/base.apk!classes3.dex): ok
05-25 19:36:45.864 17384 17384 D nativeloader: Load /data/app/~~-cg_FBhAFEPDplAtSR9aKg==/me.feelheard-3cmFt5BdIwpiJyEejk50hQ==/base.apk!/lib/arm64-v8a/libjsi.so using ns clns-7 from class loader (caller=/data/app/~~-cg_FBhAFEPDplAtSR9aKg==/me.feelheard-3cmFt5BdIwpiJyEejk50hQ==/base.apk!classes3.dex): ok
05-25 19:36:45.865 17384 17384 D nativeloader: Load /data/app/~~-cg_FBhAFEPDplAtSR9aKg==/me.feelheard-3cmFt5BdIwpiJyEejk50hQ==/base.apk!/lib/arm64-v8a/libfbjni.so using ns clns-7 from class loader (caller=/data/app/~~-cg_FBhAFEPDplAtSR9aKg==/me.feelheard-3cmFt5BdIwpiJyEejk50hQ==/base.apk!classes3.dex): ok
05-25 19:36:45.868 17384 17384 D nativeloader: Load /data/app/~~-cg_FBhAFEPDplAtSR9aKg==/me.feelheard-3cmFt5BdIwpiJyEejk50hQ==/base.apk!/lib/arm64-v8a/libreactnative.so using ns clns-7 from class loader (caller=/data/app/~~-cg_FBhAFEPDplAtSR9aKg==/me.feelheard-3cmFt5BdIwpiJyEejk50hQ==/base.apk!classes3.dex): ok
05-25 19:36:45.871 17384 17384 D nativeloader: Load /data/app/~~-cg_FBhAFEPDplAtSR9aKg==/me.feelheard-3cmFt5BdIwpiJyEejk50hQ==/base.apk!/lib/arm64-v8a/libhermes.so using ns clns-7 from class loader (caller=/data/app/~~-cg_FBhAFEPDplAtSR9aKg==/me.feelheard-3cmFt5BdIwpiJyEejk50hQ==/base.apk!classes3.dex): ok
05-25 19:36:45.873 17384 17384 D nativeloader: Load /data/app/~~-cg_FBhAFEPDplAtSR9aKg==/me.feelheard-3cmFt5BdIwpiJyEejk50hQ==/base.apk!/lib/arm64-v8a/libhermestooling.so using ns clns-7 from class loader (caller=/data/app/~~-cg_FBhAFEPDplAtSR9aKg==/me.feelheard-3cmFt5BdIwpiJyEejk50hQ==/base.apk!classes3.dex): ok
05-25 19:36:45.876 17384 18612 D nativeloader: Load /data/app/~~-cg_FBhAFEPDplAtSR9aKg==/me.feelheard-3cmFt5BdIwpiJyEejk50hQ==/base.apk!/lib/arm64-v8a/libexpo-av.so using ns clns-7 from class loader (caller=/data/app/~~-cg_FBhAFEPDplAtSR9aKg==/me.feelheard-3cmFt5BdIwpiJyEejk50hQ==/base.apk!classes5.dex): ok
05-25 19:36:45.889  1367  6426 D CoreBackPreview: Window{61d0aa1 u0 me.feelheard/me.feelheard.MainActivity}: Setting back callback OnBackInvokedCallbackInfo{mCallback=android.window.IOnBackInvokedCallback$Stub$Proxy@8e8457f, mPriority=0, mIsAnimationCallback=false, mOverrideBehavior=0}
05-25 19:36:45.895 25051 25060 I Finsky  : [52] me.feelheard: Account from first account - [xgFoGGqQo2hlBJj8ufQ4rv2YDx29irDqXvUTv2Npq1E]
05-25 19:36:45.895 25051 25060 I Finsky  : [52] Billing preferred account via installer for me.feelheard: [xgFoGGqQo2hlBJj8ufQ4rv2YDx29irDqXvUTv2Npq1E]
05-25 19:36:45.906 25051 25060 I Finsky  : [52] me.feelheard: Account from first account - [xgFoGGqQo2hlBJj8ufQ4rv2YDx29irDqXvUTv2Npq1E]
05-25 19:36:45.906 25051 25060 I Finsky  : [52] Billing preferred account via installer for me.feelheard: [xgFoGGqQo2hlBJj8ufQ4rv2YDx29irDqXvUTv2Npq1E]
05-25 19:36:45.918 25051 25060 I Finsky  : [52] me.feelheard: Account from first account - [xgFoGGqQo2hlBJj8ufQ4rv2YDx29irDqXvUTv2Npq1E]
05-25 19:36:45.918 25051 25060 I Finsky  : [52] Billing preferred account via installer for me.feelheard: [xgFoGGqQo2hlBJj8ufQ4rv2YDx29irDqXvUTv2Npq1E]
05-25 19:36:45.958 17384 18635 W unknown:ViewManagerPropertyUpdater: Could not find generated setter for class com.revenuecat.purchases.react.ui.PaywallViewManager
05-25 19:36:45.958 17384 18635 W unknown:ViewManagerPropertyUpdater: Could not find generated setter for class com.revenuecat.purchases.react.ui.PaywallFooterViewManager
05-25 19:36:46.001 17384 18634 D nativeloader: Load /data/app/~~-cg_FBhAFEPDplAtSR9aKg==/me.feelheard-3cmFt5BdIwpiJyEejk50hQ==/base.apk!/lib/arm64-v8a/libexpo-modules-core.so using ns clns-7 from class loader (caller=/data/app/~~-cg_FBhAFEPDplAtSR9aKg==/me.feelheard-3cmFt5BdIwpiJyEejk50hQ==/base.apk!classes3.dex): ok
05-25 19:36:46.022 17384 18634 D nativeloader: Load /data/app/~~-cg_FBhAFEPDplAtSR9aKg==/me.feelheard-3cmFt5BdIwpiJyEejk50hQ==/base.apk!/lib/arm64-v8a/librnscreens.so using ns clns-7 from class loader (caller=/data/app/~~-cg_FBhAFEPDplAtSR9aKg==/me.feelheard-3cmFt5BdIwpiJyEejk50hQ==/base.apk!classes5.dex): ok
05-25 19:36:46.025 17384 18634 I ReactNativeJS: Running "main"
05-25 19:36:46.046 17384 18634 D nativeloader: Load /data/app/~~-cg_FBhAFEPDplAtSR9aKg==/me.feelheard-3cmFt5BdIwpiJyEejk50hQ==/base.apk!/lib/arm64-v8a/libworklets.so using ns clns-7 from class loader (caller=/data/app/~~-cg_FBhAFEPDplAtSR9aKg==/me.feelheard-3cmFt5BdIwpiJyEejk50hQ==/base.apk!classes3.dex): ok
05-25 19:36:46.050 17384 18634 D nativeloader: Load /data/app/~~-cg_FBhAFEPDplAtSR9aKg==/me.feelheard-3cmFt5BdIwpiJyEejk50hQ==/base.apk!/lib/arm64-v8a/libreanimated.so using ns clns-7 from class loader (caller=/data/app/~~-cg_FBhAFEPDplAtSR9aKg==/me.feelheard-3cmFt5BdIwpiJyEejk50hQ==/base.apk!classes3.dex): ok
05-25 19:36:46.051 17384 18634 W System.err: java.lang.NoSuchFieldException: No field mIsFinished in class Lcom/facebook/react/bridge/queue/MessageQueueThreadImpl; (declaration of 'com.facebook.react.bridge.queue.MessageQueueThreadImpl' appears in /data/app/~~-cg_FBhAFEPDplAtSR9aKg==/me.feelheard-3cmFt5BdIwpiJyEejk50hQ==/base.apk!classes3.dex)
05-25 19:36:46.071 17384 18634 W ReactNativeJS: [expo-av]: Expo AV has been deprecated and will be removed in SDK 54. Please use the `expo-audio` and `expo-video` packages to replace the required functionality.
05-25 19:36:46.071 17384 18634 I ReactNativeJS: StackBlitz environment variables configured
05-25 19:36:46.072 17384 18634 I ReactNativeJS: 'Initializing Medplum client with OAuth client ID:', '01965b47-c26d-73fb-a8bf-b5fb77c28816'
05-25 19:36:46.073 17384 18634 I ReactNativeJS: WebSocket manager initialized successfully
05-25 19:36:46.089 17384 18635 W me.feelheard: Entry not found
05-25 19:36:46.105  1367  2064 D CoreBackPreview: Window{ea21e26 u0 me.feelheard/me.feelheard.MainActivity}: Setting back callback OnBackInvokedCallbackInfo{mCallback=android.window.IOnBackInvokedCallback$Stub$Proxy@dedaa0a, mPriority=0, mIsAnimationCallback=false, mOverrideBehavior=0}
05-25 19:36:46.110 17384 18634 I ReactNativeJS:  [SubscriptionContext] Purchase listener set up successfully
05-25 19:36:46.111 17384 18634 I ReactNativeJS: 'Autoplay state changed to:', true
05-25 19:36:46.111 17384 18634 I ReactNativeJS: ===============================================
05-25 19:36:46.111 17384 18634 I ReactNativeJS: AUTOPLAY ENABLED
05-25 19:36:46.111 17384 18634 I ReactNativeJS: ===============================================
05-25 19:36:46.119 19211 19211 D ActivityThread: Package [me.feelheard] reported as REPLACED, but missing application info. Assuming REMOVED.
05-25 19:36:46.119 19211 19211 D ActivityThread: Package [me.feelheard] reported as REPLACED, but missing application info. Assuming REMOVED.
05-25 19:36:46.119 19211 19211 D ActivityThread: Package [me.feelheard] reported as REPLACED, but missing application info. Assuming REMOVED.
05-25 19:36:46.119 19211 19211 D ActivityThread: Package [me.feelheard] reported as REPLACED, but missing application info. Assuming REMOVED.
05-25 19:36:46.122 19211 19211 D ActivityThread: Package [me.feelheard] reported as REPLACED, but missing application info. Assuming REMOVED.
05-25 19:36:46.122 19211 19211 D ActivityThread: Package [me.feelheard] reported as REPLACED, but missing application info. Assuming REMOVED.
05-25 19:36:46.123  1367  2064 W ProcessStats: Tracking association SourceState{1aae644 me.feelheard/10315 BTop #48133} whose proc state 2 is better than process ProcessState{c43b276 com.google.android.webview:webview_service/10207 pkg=com.google.android.webview} proc state 15 (1 skipped)
05-25 19:36:46.142 17384 18634 I ReactNativeJS: Splash screen hidden successfully
05-25 19:36:46.147  1367  2064 D CoreBackPreview: Window{ea21e26 u0 me.feelheard/me.feelheard.MainActivity}: Setting back callback null
05-25 19:36:46.161  1367  1507 I ActivityTaskManager: Displayed me.feelheard/.MainActivity for user 0: +349ms
05-25 19:36:46.182  1367  2237 D CoreBackPreview: Window{8a55847 u0 me.feelheard/me.feelheard.MainActivity}: Setting back callback OnBackInvokedCallbackInfo{mCallback=android.window.IOnBackInvokedCallback$Stub$Proxy@1c0d979, mPriority=0, mIsAnimationCallback=false, mOverrideBehavior=0}
05-25 19:36:46.190  1367  2064 D CoreBackPreview: Window{4fa5b u0 me.feelheard/me.feelheard.MainActivity}: Setting back callback OnBackInvokedCallbackInfo{mCallback=android.window.IOnBackInvokedCallback$Stub$Proxy@df5a6be, mPriority=0, mIsAnimationCallback=false, mOverrideBehavior=0}
05-25 19:36:46.193  1367  2064 D CoreBackPreview: Window{a5d4e43 u0 Splash Screen me.feelheard}: Setting back callback null
05-25 19:36:46.196  1367  2237 D CoreBackPreview: Window{304563c u0 me.feelheard/me.feelheard.MainActivity}: Setting back callback OnBackInvokedCallbackInfo{mCallback=android.window.IOnBackInvokedCallback$Stub$Proxy@f96c23b, mPriority=0, mIsAnimationCallback=false, mOverrideBehavior=0}
05-25 19:36:46.206  1367  1791 I ImeTracker: me.feelheard:cdcccea2: onRequestHide at ORIGIN_SERVER reason HIDE_UNSPECIFIED_WINDOW fromUser false
05-25 19:36:46.208 17384 17384 I ImeTracker: me.feelheard:cdcccea2: onCancelled at PHASE_CLIENT_ALREADY_HIDDEN
05-25 19:36:46.209  6669  6669 I GoogleInputMethodService: GoogleInputMethodService.onStartInput():1247 onStartInput(EditorInfo{EditorInfo{packageName=me.feelheard, inputType=0, inputTypeString=NULL, enableLearning=false, autoCorrection=false, autoComplete=false, imeOptions=0, privateImeOptions=null, actionName=UNSPECIFIED, actionLabel=null, initialSelStart=-1, initialSelEnd=-1, initialCapsMode=0, label=null, fieldId=0, fieldName=null, extras=null, hintText=null, hintLocales=[]}}, false)
05-25 19:36:46.210  1367  6426 W PackageConfigPersister: App-specific configuration not found for packageName: me.feelheard and userId: 0
05-25 19:36:46.457 17384 17408 D [Purchases] - DEBUG:  Requesting products from the store with identifiers: feelheard_premium
05-25 19:36:46.461 25051 25060 I Finsky  : [52] me.feelheard: Account from first account - [xgFoGGqQo2hlBJj8ufQ4rv2YDx29irDqXvUTv2Npq1E]
05-25 19:36:46.461 25051 25770 I Finsky  : [133] me.feelheard: Account from first account - [xgFoGGqQo2hlBJj8ufQ4rv2YDx29irDqXvUTv2Npq1E]
05-25 19:36:46.461 25051 25770 I Finsky  : [133] Billing preferred account via installer for me.feelheard: [xgFoGGqQo2hlBJj8ufQ4rv2YDx29irDqXvUTv2Npq1E]
05-25 19:36:46.461 25051 25060 I Finsky  : [52] Billing preferred account via installer for me.feelheard: [xgFoGGqQo2hlBJj8ufQ4rv2YDx29irDqXvUTv2Npq1E]
05-25 19:36:46.463 25051 25770 I Finsky  : [133] me.feelheard: Account from first account - [xgFoGGqQo2hlBJj8ufQ4rv2YDx29irDqXvUTv2Npq1E]
05-25 19:36:46.463 25051 25770 I Finsky  : [133] Billing preferred account via installer for me.feelheard: [xgFoGGqQo2hlBJj8ufQ4rv2YDx29irDqXvUTv2Npq1E]
