05-25 18:33:43.657 14421 14480 E AndroidRuntime:     at SceneView (address at index.android.bundle:1:1516901)
05-25 18:33:43.657 14421 14480 E AndroidRuntime:     at PreventRemoveProvider (address at index.android.bundle:1:1494954)
05-25 18:33:43.657 14421 14480 E AndroidRuntime:     at NavigationContent (address at index.android.bundle:1:1513263)
05-25 18:33:43.657 14421 14480 E AndroidRuntime:     at anonymous (address at index.android.bundle:1:1513166)
05-25 18:33:43.657 14421 14480 E AndroidRuntime:     at Content (address at index.android.bundle:1:1730283)
05-25 18:33:43.657 14421 14480 E AndroidRuntime:     at SafeAreaEnv (address at index.android.bundle:1:1145993)
05-25 18:33:43.657 14421 14480 E AndroidRuntime:     at RNCSafeAreaProvider (<anonymous>)
05-25 18:33:43.657 14421 14480 E AndroidRuntime:     at SafeAreaProvider (address at index.android.bundle:1:1148008)
05-25 18:33:43.657 14421 14480 E AndroidRuntime:     at SafeAreaProviderShim (address at index.android.bundle:1:1146385)
05-25 18:33:43.657 14421 14480 E AndroidRuntime:     at wrapper (address at index.android.bundle:1:1729360)
05-25 18:33:43.657 14421 14480 E AndroidRuntime:     at ThemeProvider (address at index.android.bundle:1:1462827)
05-25 18:33:43.657 14421 14480 E AndroidRuntime:     at EnsureSingleNavigator (address at index.android.bundle:1:1459601)
05-25 18:33:43.657 14421 14480 E AndroidRuntime:     at BaseNavigationContainer (address at index.android.bundle:1:1438625)
05-25 18:33:43.657 14421 14480 E AndroidRuntime:     at NavigationContainerInner (address at index.android.bundle:1:1732090)
05-25 18:33:43.657 14421 14480 E AndroidRuntime:     at ContextNavigator (address at index.android.bundle:1:1729558)
05-25 18:33:43.657 14421 14480 E AndroidRuntime:     at ExpoRoot (address at index.android.bundle:1:1729268)
05-25 18:33:43.657 14421 14480 E AndroidRuntime:     at App (<anonymous>)
05-25 18:33:43.657 14421 14480 E AndroidRuntime:     at RCTView (<anonymous>)
05-25 18:33:43.657 14421 14480 E AndroidRuntime:     at anonymous (address at index.android.bundle:1:564168)
05-25 18:33:43.657 14421 14480 E AndroidRuntime:     at anonymous (address at index.android.bundle:1:568210)
05-25 18:33:43.657 14421 14480 E AndroidRuntime:     at AppContainer (address at index.android.bundle:1:563368), js engine: hermes, stack:
05-25 18:33:43.657 14421 14480 E AndroidRuntime: maybeHijackSafeAreaProvider@1:1145872
05-25 18:33:43.657 14421 14480 E AndroidRuntime: anonymous@1:566362
05-25 18:33:43.657 14421 14480 E AndroidRuntime: SubscriptionScreen@1:3069254
05-25 18:33:43.657 14421 14480 E AndroidRuntime: renderWithHooks@1:396786
05-25 18:33:43.657 14421 14480 E AndroidRuntime: updateFunctionComponent@1:409243
05-25 18:33:43.657 14421 14480 E AndroidRuntime: beginWork@1:416932
05-25 18:33:43.657 14421 14480 E AndroidRuntime: performUnitOfWork@1:439566
05-25 18:33:43.657 14421 14480 E AndroidRuntime: workLoopSync@1:438598
05-25 18:33:43.657 14421 14480 E AndroidRuntime: renderRootSync@1:438430
05-25 18:33:43.657 14421 14480 E AndroidRuntime: performWorkOnRoot@1:435692
05-25 18:33:43.657 14421 14480 E AndroidRuntime: performSyncWorkOnRoot@1:387245
05-25 18:33:43.657 14421 14480 E AndroidRuntime: flushSyncWorkAcrossRoots_impl@1:386258
05-25 18:33:43.657 14421 14480 E AndroidRuntime: scheduleUpdateOnFiber@1:435591
05-25 18:33:43.657 14421 14480 E AndroidRuntime: dispatchSetStateInternal@1:404014
05-25 18:33:43.657 14421 14480 E AndroidRuntime: dispatchSetState@1:403748
05-25 18:33:43.657 14421 14480 E AndroidRuntime: ?anon_0_@1:3070320
05-25 18:33:43.657 14421 14480 E AndroidRuntime: asyncGeneratorStep@1:729373
05-25 18:33:43.657 14421 14480 E AndroidRuntime: _next@1:729632
05-25 18:33:43.657 14421 14480 E AndroidRuntime: anonymous@1:472763
05-25 18:33:43.657 14421 14480 E AndroidRuntime: _callTimer@1:471748
05-25 18:33:43.657 14421 14480 E AndroidRuntime: _callReactNativeMicrotasksPass@1:471892
05-25 18:33:43.657 14421 14480 E AndroidRuntime: callReactNativeMicrotasks@1:473837
05-25 18:33:43.657 14421 14480 E AndroidRuntime: __callReactNativeMicrotasks@1:194206
05-25 18:33:43.657 14421 14480 E AndroidRuntime: anonymous@1:193341
05-25 18:33:43.657 14421 14480 E AndroidRuntime: __guard@1:194080
05-25 18:33:43.657 14421 14480 E AndroidRuntime: flushedQueue@1:193252
05-25 18:33:43.657 14421 14480 E AndroidRuntime: invokeCallbackAndReturnFlushedQueue@1:193195
05-25 18:33:43.657 14421 14480 E AndroidRuntime:
05-25 18:33:43.657 14421 14480 E AndroidRuntime:        at com.facebook.react.modules.core.ExceptionsManagerModule.reportException(ExceptionsManagerModule.kt:52)
05-25 18:33:43.657 14421 14480 E AndroidRuntime:        at java.lang.reflect.Method.invoke(Native Method)
05-25 18:33:43.657 14421 14480 E AndroidRuntime:        at com.facebook.react.bridge.JavaMethodWrapper.invoke(JavaMethodWrapper.java:372)
05-25 18:33:43.657 14421 14480 E AndroidRuntime:        at com.facebook.react.bridge.JavaModuleWrapper.invoke(JavaModuleWrapper.java:146)
05-25 18:33:43.657 14421 14480 E AndroidRuntime:        at com.facebook.jni.NativeRunnable.run(Native Method)
05-25 18:33:43.657 14421 14480 E AndroidRuntime:        at android.os.Handler.handleCallback(Handler.java:991)
05-25 18:33:43.657 14421 14480 E AndroidRuntime:        at android.os.Handler.dispatchMessage(Handler.java:102)
05-25 18:33:43.657 14421 14480 E AndroidRuntime:        at com.facebook.react.bridge.queue.MessageQueueThreadHandler.dispatchMessage(MessageQueueThreadHandler.kt:20)
05-25 18:33:43.657 14421 14480 E AndroidRuntime:        at android.os.Looper.loopOnce(Looper.java:232)
05-25 18:33:43.657 14421 14480 E AndroidRuntime:        at android.os.Looper.loop(Looper.java:317)
05-25 18:33:43.657 14421 14480 E AndroidRuntime:        at com.facebook.react.bridge.queue.MessageQueueThreadImpl$Companion.startNewBackgroundThread$lambda$1(MessageQueueThreadImpl.kt:175)
05-25 18:33:43.657 14421 14480 E AndroidRuntime:        at com.facebook.react.bridge.queue.MessageQueueThreadImpl$Companion.$r8$lambda$ldnZnqelhYFctGaUKkOKYj5rxo4(Unknown Source:0)
05-25 18:33:43.657 14421 14480 E AndroidRuntime:        at com.facebook.react.bridge.queue.MessageQueueThreadImpl$Companion$$ExternalSyntheticLambda0.run(D8$$SyntheticClass:0)
05-25 18:33:43.657 14421 14480 E AndroidRuntime:        at java.lang.Thread.run(Thread.java:1012)
05-25 18:33:43.663  1367  1485 W ActivityTaskManager:   Force finishing activity me.feelheard/.MainActivity
05-25 18:33:43.672  1367  1508 I ActivityManager: Showing crash dialog for package me.feelheard u0
05-25 18:33:43.717  1367  1507 V WindowManager:         {WCT{RemoteToken{86f1122 Task{47f9c7d #762 type=standard A=10315:me.feelheard}}} m=CLOSE f=NONE leash=Surface(name=Task=762)/@0x9a7e904 sb=Rect(0, 0 - 1080, 2400) eb=Rect(0, 0 - 1080, 2400) epz=Point(1080, 2400) d=0 taskParent=-1},
05-25 18:33:43.723  1367  1508 D CoreBackPreview: Window{a091925 u0 Application Error: me.feelheard}: Setting back callback OnBackInvokedCallbackInfo{mCallback=android.window.WindowOnBackInvokedDispatcher$OnBackInvokedCallbackWrapper@bf04320, mPriority=0, mIsAnimationCallback=false, mOverrideBehavior=0}
05-25 18:33:44.087  1367  6963 D CoreBackPreview: Window{8dbeace u0 me.feelheard/me.feelheard.MainActivity}: Setting back callback null
05-25 18:33:54.039  1367  1773 D ActivityManager: freezing 14421 me.feelheard
05-25 18:33:54.040  1367  1773 D ActivityManager: Reschedule freeze for process 14421 me.feelheard (outstanding txns), timeout=2952
05-25 18:33:57.004  1367  1773 D ActivityManager: freezing 14421 me.feelheard
05-25 18:33:57.005  1367  1773 D ActivityManager: Reschedule freeze for process 14421 me.feelheard (outstanding txns), timeout=1000
05-25 18:33:58.013  1367  1773 D ActivityManager: freezing 14421 me.feelheard
05-25 18:33:58.015  1367  1773 D ActivityManager: Kill app due to repeated failure to freeze binder: 14421 me.feelheard
05-25 18:33:58.015  1367  1530 I ActivityManager: Killing 14421:me.feelheard/u0a315 (adj 900): excessive binder traffic during cached
05-25 18:33:58.215  1367  1508 D CoreBackPreview: Window{a091925 u0 Application Error: me.feelheard}: Setting back callback null
05-25 18:33:58.218  1367  1485 W ActivityManager: Ignoring remove of inactive process: ProcessRecord{5329840 0:me.feelheard/u0a315}
05-25 18:36:05.677  1367  6963 I ActivityTaskManager: START u0 {act=android.intent.action.MAIN cat=[android.intent.category.LAUNCHER] flg=0x10200000 cmp=me.feelheard/.MainActivity bnds=[46,328][293,618]} with LAUNCH_SINGLE_TASK from uid 10240 (sr=115663291) (BAL_ALLOW_VISIBLE_WINDOW) result code=0
05-25 18:36:05.677  1923  1943 V WindowManagerShell: Transition requested (#390): android.os.BinderProxy@8434610 TransitionRequestInfo { type = OPEN, triggerTask = TaskInfo{userId=0 taskId=763 effectiveUid=10315 displayId=0 isRunning=true baseIntent=Intent { act=android.intent.action.MAIN cat=[android.intent.category.LAUNCHER] flg=0x10200000 cmp=me.feelheard/.MainActivity } baseActivity=ComponentInfo{me.feelheard/me.feelheard.MainActivity} topActivity=ComponentInfo{me.feelheard/me.feelheard.MainActivity} origActivity=null realActivity=ComponentInfo{me.feelheard/me.feelheard.MainActivity} numActivities=1 lastActiveTime=69018028 supportsMultiWindow=true resizeMode=1 isResizeable=true minWidth=-1 minHeight=-1 defaultMinSize=220 token=WCT{android.window.IWindowContainerToken$Stub$Proxy@45de509} topActivityType=1 pictureInPictureParams=null shouldDockBigOverlays=false launchIntoPipHostTaskId=-1 lastParentTaskIdBeforePip=-1 displayCutoutSafeInsets=Rect(0, 128 - 0, 0) topActivityInfo=ActivityInfo{5b9730e me.feelheard.MainActivity} launchCookies=[android.os.BinderProxy@bd8712f] positionInParent=Point(0, 0) parentTaskId=-1 isFocused=false isVisible=false isVisibleRequested=false isTopActivityNoDisplay=false isSleeping=false locusId=null displayAreaFeatureId=1 isTopActivityTransparent=false isActivityStackTransparent=false lastNonFullscreenBounds=Rect(276, 692 - 804, 1772) capturedLink=null capturedLinkTimestamp=0 requestedVisibleTypes=-9 topActivityRequestOpenInBrowserEducationTimestamp=0 appCompatTaskInfo=AppCompatTaskInfo { topActivityInSizeCompat=false eligibleForLetterboxEducation= false isLetterboxEducationEnabled= false isLetterboxDoubleTapEnabled= false eligibleForUserAspectRatioButton= false topActivityBoundsLetterboxed= false isFromLetterboxDoubleTap= false topActivityLetterboxVerticalPosition= -1 topActivityLetterboxHorizontalPosition= -1 topActivityLetterboxWidth=-1 topActivityLetterboxHeight=-1 topActivityLetterboxAppWidth=-1 topActivityLetterboxAppHeight=-1 isUserFullscreenOverrideEnabled=false isSystemFullscreenOverrideEnabled=false hasMinAspectRatioOverride=false topActivityLetterboxBounds=null cameraCompatTaskInfo=CameraCompatTaskInfo { freeformCameraCompatMode=inactive}} topActivityMainWindowFrame=null}, pipChange = null, remoteTransition = RemoteTransition { remoteTransition = android.window.IRemoteTransition$Stub$Proxy@6feb33c, appThread = android.app.IApplicationThread$Stub$Proxy@176c8c5, debugName = QuickstepLaunch }, displayChange = null, flags = 0, debugId = 390 }
05-25 18:36:05.684  1367  2238 D CoreBackPreview: Window{f4337bf u0 Splash Screen me.feelheard}: Setting back callback OnBackInvokedCallbackInfo{mCallback=android.window.IOnBackInvokedCallback$Stub$Proxy@6bdd5ea, mPriority=0, mIsAnimationCallback=false, mOverrideBehavior=0}
05-25 18:36:05.691  1367  1507 V WindowManager: Sent Transition (#390) createdAt=05-25 18:36:05.671 via request=TransitionRequestInfo { type = OPEN, triggerTask = TaskInfo{userId=0 taskId=763 effectiveUid=10315 displayId=0 isRunning=true baseIntent=Intent { act=android.intent.action.MAIN cat=[android.intent.category.LAUNCHER] flg=0x10200000 cmp=me.feelheard/.MainActivity } baseActivity=ComponentInfo{me.feelheard/me.feelheard.MainActivity} topActivity=ComponentInfo{me.feelheard/me.feelheard.MainActivity} origActivity=null realActivity=ComponentInfo{me.feelheard/me.feelheard.MainActivity} numActivities=1 lastActiveTime=69018028 supportsMultiWindow=true resizeMode=1 isResizeable=true minWidth=-1 minHeight=-1 defaultMinSize=220 token=WCT{RemoteToken{33a5fb7 Task{7f1dae1 #763 type=standard A=10315:me.feelheard}}} topActivityType=1 pictureInPictureParams=null shouldDockBigOverlays=false launchIntoPipHostTaskId=-1 lastParentTaskIdBeforePip=-1 displayCutoutSafeInsets=Rect(0, 128 - 0, 0) topActivityInfo=ActivityInfo{78eb324 me.feelheard.MainActivity} launchCookies=[android.os.BinderProxy@42f6e8d] positionInParent=Point(0, 0) parentTaskId=-1 isFocused=false isVisible=false isVisibleRequested=false isTopActivityNoDisplay=false isSleeping=false locusId=null displayAreaFeatureId=1 isTopActivityTransparent=false isActivityStackTransparent=false lastNonFullscreenBounds=Rect(276, 692 - 804, 1772) capturedLink=null capturedLinkTimestamp=0 requestedVisibleTypes=-9 topActivityRequestOpenInBrowserEducationTimestamp=0 appCompatTaskInfo=AppCompatTaskInfo { topActivityInSizeCompat=false eligibleForLetterboxEducation= false isLetterboxEducationEnabled= false isLetterboxDoubleTapEnabled= false eligibleForUserAspectRatioButton= false topActivityBoundsLetterboxed= false isFromLetterboxDoubleTap= false topActivityLetterboxVerticalPosition= -1 topActivityLetterboxHorizontalPosition= -1 topActivityLetterboxWidth=-1 topActivityLetterboxHeight=-1 topActivityLetterboxAppWidth=-1 topActivityLetterboxAppHeight=-1 isUserFullscreenOverrideEnabled=false isSystemFullscreenOverrideEnabled=false hasMinAspectRatioOverride=false topActivityLetterboxBounds=null cameraCompatTaskInfo=CameraCompatTaskInfo { freeformCameraCompatMode=inactive}} topActivityMainWindowFrame=null}, pipChange = null, remoteTransition = RemoteTransition { remoteTransition = android.window.IRemoteTransition$Stub$Proxy@9ef3842, appThread = android.app.IApplicationThread$Stub$Proxy@30b4053, debugName = QuickstepLaunch }, displayChange = null, flags = 0, debugId = 390 }
05-25 18:36:05.691  1367  1507 V WindowManager:         {WCT{RemoteToken{33a5fb7 Task{7f1dae1 #763 type=standard A=10315:me.feelheard}}} m=OPEN f=NONE leash=Surface(name=Task=763)/@0x2fd90db sb=Rect(0, 0 - 1080, 2400) eb=Rect(0, 0 - 1080, 2400) epz=Point(1080, 2400) d=0 taskParent=-1},
05-25 18:36:05.694  1367  1531 I ActivityManager: Start proc 14640:me.feelheard/u0a315 for next-top-activity {me.feelheard/me.feelheard.MainActivity}
05-25 18:36:05.807  1367  2238 D CoreBackPreview: Window{b2814e u0 me.feelheard/me.feelheard.MainActivity}: Setting back callback OnBackInvokedCallbackInfo{mCallback=android.window.IOnBackInvokedCallback$Stub$Proxy@6a024b2, mPriority=0, mIsAnimationCallback=false, mOverrideBehavior=0}
05-25 18:36:06.034  1367  6938 D CoreBackPreview: Window{7a02ed4 u0 me.feelheard/me.feelheard.MainActivity}: Setting back callback OnBackInvokedCallbackInfo{mCallback=android.window.IOnBackInvokedCallback$Stub$Proxy@297183b, mPriority=0, mIsAnimationCallback=false, mOverrideBehavior=0}
05-25 18:36:06.061  1367  6938 D CoreBackPreview: Window{7a02ed4 u0 me.feelheard/me.feelheard.MainActivity}: Setting back callback null
05-25 18:36:06.095  1367  2236 D CoreBackPreview: Window{da7c96e u0 me.feelheard/me.feelheard.MainActivity}: Setting back callback OnBackInvokedCallbackInfo{mCallback=android.window.IOnBackInvokedCallback$Stub$Proxy@1e760b, mPriority=0, mIsAnimationCallback=false, mOverrideBehavior=0}
05-25 18:36:06.101  1367  6963 D CoreBackPreview: Window{6e78fa3 u0 me.feelheard/me.feelheard.MainActivity}: Setting back callback OnBackInvokedCallbackInfo{mCallback=android.window.IOnBackInvokedCallback$Stub$Proxy@c71cce8, mPriority=0, mIsAnimationCallback=false, mOverrideBehavior=0}
05-25 18:36:06.105  1367  6963 D CoreBackPreview: Window{c66d2f7 u0 me.feelheard/me.feelheard.MainActivity}: Setting back callback OnBackInvokedCallbackInfo{mCallback=android.window.IOnBackInvokedCallback$Stub$Proxy@c531f01, mPriority=0, mIsAnimationCallback=false, mOverrideBehavior=0}
05-25 18:36:06.129  1367  6963 D CoreBackPreview: Window{f4337bf u0 Splash Screen me.feelheard}: Setting back callback null
05-25 18:36:06.981  1367  6430 D CoreBackPreview: Window{c66d2f7 u0 me.feelheard/me.feelheard.MainActivity}: Setting back callback null
05-25 18:36:07.572  1367  2236 D CoreBackPreview: Window{6e78fa3 u0 me.feelheard/me.feelheard.MainActivity}: Setting back callback null
05-25 18:36:08.008  1367  2237 D CoreBackPreview: Window{da7c96e u0 me.feelheard/me.feelheard.MainActivity}: Setting back callback null
05-25 18:36:08.055  1367  2236 D CoreBackPreview: Window{65c0343 u0 me.feelheard/me.feelheard.MainActivity}: Setting back callback OnBackInvokedCallbackInfo{mCallback=android.window.IOnBackInvokedCallback$Stub$Proxy@757f21c, mPriority=0, mIsAnimationCallback=false, mOverrideBehavior=0}
05-25 18:36:08.066  1367  2236 D CoreBackPreview: Window{ce0faa2 u0 me.feelheard/me.feelheard.MainActivity}: Setting back callback OnBackInvokedCallbackInfo{mCallback=android.window.IOnBackInvokedCallback$Stub$Proxy@5aae5ab, mPriority=0, mIsAnimationCallback=false, mOverrideBehavior=0}
05-25 18:36:08.078  1367  6963 W PackageConfigPersister: App-specific configuration not found for packageName: me.feelheard and userId: 0
05-25 18:36:08.364  1367  6430 D CoreBackPreview: Window{ce0faa2 u0 me.feelheard/me.feelheard.MainActivity}: Setting back callback null
05-25 18:36:08.388  1367  2237 D CoreBackPreview: Window{b0a3b49 u0 me.feelheard/me.feelheard.MainActivity}: Setting back callback OnBackInvokedCallbackInfo{mCallback=android.window.IOnBackInvokedCallback$Stub$Proxy@94acdbd, mPriority=0, mIsAnimationCallback=false, mOverrideBehavior=0}
05-25 18:36:08.749  1367  6430 D CoreBackPreview: Window{b0a3b49 u0 me.feelheard/me.feelheard.MainActivity}: Setting back callback null
05-25 18:36:09.394  1367  6430 D CoreBackPreview: Window{65c0343 u0 me.feelheard/me.feelheard.MainActivity}: Setting back callback null
05-25 18:36:09.435  1367  2236 W PackageConfigPersister: App-specific configuration not found for packageName: me.feelheard and userId: 0
05-25 18:36:10.472  1367  6963 D CoreBackPreview: startBackNavigation currentTask=Task{7f1dae1 #763 type=standard A=10315:me.feelheard}, topRunningActivity=ActivityRecord{224955464 u0 me.feelheard/.MainActivity t763}, callbackInfo=OnBackInvokedCallbackInfo{mCallback=android.window.IOnBackInvokedCallback$Stub$Proxy@6a024b2, mPriority=0, mIsAnimationCallback=false, mOverrideBehavior=0}, currentFocus=Window{b2814e u0 me.feelheard/me.feelheard.MainActivity}
05-25 18:36:12.132  1367  2238 W NotificationService: Toast already killed. pkg=me.feelheard token=android.os.BinderProxy@82d0e72
05-25 18:36:12.907 14640 14718 E AndroidRuntime: FATAL EXCEPTION: mqt_native_modules
05-25 18:36:12.907 14640 14718 E AndroidRuntime: Process: me.feelheard, PID: 14640
05-25 18:36:12.907 14640 14718 E AndroidRuntime: com.facebook.react.common.JavascriptException: TypeError: Cannot read property 'displayName' of undefined
05-25 18:36:12.907 14640 14718 E AndroidRuntime:
05-25 18:36:12.907 14640 14718 E AndroidRuntime: This error is located at:
05-25 18:36:12.907 14640 14718 E AndroidRuntime:     at SubscriptionScreen (address at index.android.bundle:1:3067738)
05-25 18:36:12.907 14640 14718 E AndroidRuntime:     at Subscription (<anonymous>)
05-25 18:36:12.907 14640 14718 E AndroidRuntime:     at Suspense (<anonymous>)
05-25 18:36:12.907 14640 14718 E AndroidRuntime:     at Route (address at index.android.bundle:1:1625859)
05-25 18:36:12.907 14640 14718 E AndroidRuntime:     at BaseRoute (address at index.android.bundle:1:1629604)
05-25 18:36:12.907 14640 14718 E AndroidRuntime:     at StaticContainer (address at index.android.bundle:1:1519369)
05-25 18:36:12.907 14640 14718 E AndroidRuntime:     at EnsureSingleNavigator (address at index.android.bundle:1:1459601)
05-25 18:36:12.907 14640 14718 E AndroidRuntime:     at SceneView (address at index.android.bundle:1:1516901)
05-25 18:36:12.907 14640 14718 E AndroidRuntime:     at RNSScreenContentWrapper (<anonymous>)
05-25 18:36:12.907 14640 14718 E AndroidRuntime:     at ScreenContentWrapper (<anonymous>)
05-25 18:36:12.907 14640 14718 E AndroidRuntime:     at DebugContainer (<anonymous>)
05-25 18:36:12.907 14640 14718 E AndroidRuntime:     at RNSScreen (<anonymous>)
05-25 18:36:12.907 14640 14718 E AndroidRuntime:     at anonymous (address at index.android.bundle:1:664570)
05-25 18:36:12.907 14640 14718 E AndroidRuntime:     at Suspender (address at index.android.bundle:1:1608531)
05-25 18:36:12.907 14640 14718 E AndroidRuntime:     at Suspense (<anonymous>)
05-25 18:36:12.907 14640 14718 E AndroidRuntime:     at Freeze (address at index.android.bundle:1:1608591)
05-25 18:36:12.907 14640 14718 E AndroidRuntime:     at DelayedFreeze (address at index.android.bundle:1:1607786)
05-25 18:36:12.907 14640 14718 E AndroidRuntime:     at InnerScreen (address at index.android.bundle:1:1605451)
05-25 18:36:12.907 14640 14718 E AndroidRuntime:     at anonymous (address at index.android.bundle:1:1607098)
05-25 18:36:12.907 14640 14718 E AndroidRuntime:     at ScreenStackItem (address at index.android.bundle:1:1616157)
05-25 18:36:12.907 14640 14718 E AndroidRuntime:     at SceneView (address at index.android.bundle:1:1554253)
05-25 18:36:12.907 14640 14718 E AndroidRuntime:     at RNSScreenStack (<anonymous>)
05-25 18:36:12.907 14640 14718 E AndroidRuntime:     at anonymous (address at index.android.bundle:1:1615130)
05-25 18:36:12.907 14640 14718 E AndroidRuntime:     at ScreenStack (address at index.android.bundle:1:1614412)
05-25 18:36:12.907 14640 14718 E AndroidRuntime:     at RCTView (<anonymous>)
05-25 18:36:12.907 14640 14718 E AndroidRuntime:     at anonymous (address at index.android.bundle:1:564168)
05-25 18:36:12.907 14640 14718 E AndroidRuntime:     at SafeAreaProviderCompat (address at index.android.bundle:1:1600271)
05-25 18:36:12.907 14640 14718 E AndroidRuntime:     at NativeStackView (address at index.android.bundle:1:1552832)
05-25 18:36:12.907 14640 14718 E AndroidRuntime:     at PreventRemoveProvider (address at index.android.bundle:1:1494954)
05-25 18:36:12.907 14640 14718 E AndroidRuntime:     at NavigationContent (address at index.android.bundle:1:1513263)
05-25 18:36:12.907 14640 14718 E AndroidRuntime:     at anonymous (address at index.android.bundle:1:1513166)
05-25 18:36:12.907 14640 14718 E AndroidRuntime:     at NativeStackNavigator (address at index.android.bundle:1:1551437)
05-25 18:36:12.907 14640 14718 E AndroidRuntime:     at anonymous (address at index.android.bundle:1:1624787)
05-25 18:36:12.907 14640 14718 E AndroidRuntime:     at ContextProvider (address at index.android.bundle:1:1783256)
05-25 18:36:12.907 14640 14718 E AndroidRuntime:     at ChatProvider (address at index.android.bundle:1:1768223)
05-25 18:36:12.907 14640 14718 E AndroidRuntime:     at AppLayout (address at index.android.bundle:1:1242967)
05-25 18:36:12.907 14640 14718 E AndroidRuntime:     at Suspense (<anonymous>)
05-25 18:36:12.907 14640 14718 E AndroidRuntime:     at Route (address at index.android.bundle:1:1625859)
05-25 18:36:12.907 14640 14718 E AndroidRuntime:     at BaseRoute (address at index.android.bundle:1:1629604)
05-25 18:36:12.907 14640 14718 E AndroidRuntime:     at StaticContainer (address at index.android.bundle:1:1519369)
05-25 18:36:12.907 14640 14718 E AndroidRuntime:     at EnsureSingleNavigator (address at index.android.bundle:1:1459601)
05-25 18:36:12.907 14640 14718 E AndroidRuntime:     at SceneView (address at index.android.bundle:1:1516901)
05-25 18:36:12.907 14640 14718 E AndroidRuntime:     at RNSScreenContentWrapper (<anonymous>)
05-25 18:36:12.907 14640 14718 E AndroidRuntime:     at ScreenContentWrapper (<anonymous>)
05-25 18:36:12.907 14640 14718 E AndroidRuntime:     at DebugContainer (<anonymous>)
05-25 18:36:12.907 14640 14718 E AndroidRuntime:     at RNSScreen (<anonymous>)
05-25 18:36:12.907 14640 14718 E AndroidRuntime:     at anonymous (address at index.android.bundle:1:664570)
05-25 18:36:12.907 14640 14718 E AndroidRuntime:     at Suspender (address at index.android.bundle:1:1608531)
05-25 18:36:12.907 14640 14718 E AndroidRuntime:     at Suspense (<anonymous>)
05-25 18:36:12.907 14640 14718 E AndroidRuntime:     at Freeze (address at index.android.bundle:1:1608591)
05-25 18:36:12.907 14640 14718 E AndroidRuntime:     at DelayedFreeze (address at index.android.bundle:1:1607786)
05-25 18:36:12.907 14640 14718 E AndroidRuntime:     at InnerScreen (address at index.android.bundle:1:1605451)
05-25 18:36:12.907 14640 14718 E AndroidRuntime:     at anonymous (address at index.android.bundle:1:1607098)
05-25 18:36:12.907 14640 14718 E AndroidRuntime:     at ScreenStackItem (address at index.android.bundle:1:1616157)
05-25 18:36:12.907 14640 14718 E AndroidRuntime:     at SceneView (address at index.android.bundle:1:1554253)
05-25 18:36:12.907 14640 14718 E AndroidRuntime:     at RNSScreenStack (<anonymous>)
05-25 18:36:12.907 14640 14718 E AndroidRuntime:     at anonymous (address at index.android.bundle:1:1615130)
05-25 18:36:12.907 14640 14718 E AndroidRuntime:     at ScreenStack (address at index.android.bundle:1:1614412)
05-25 18:36:12.907 14640 14718 E AndroidRuntime:     at RCTView (<anonymous>)
05-25 18:36:12.907 14640 14718 E AndroidRuntime:     at anonymous (address at index.android.bundle:1:564168)
05-25 18:36:12.907 14640 14718 E AndroidRuntime:     at SafeAreaProviderCompat (address at index.android.bundle:1:1600271)
05-25 18:36:12.907 14640 14718 E AndroidRuntime:     at NativeStackView (address at index.android.bundle:1:1552832)
05-25 18:36:12.907 14640 14718 E AndroidRuntime:     at PreventRemoveProvider (address at index.android.bundle:1:1494954)
05-25 18:36:12.907 14640 14718 E AndroidRuntime:     at NavigationContent (address at index.android.bundle:1:1513263)
05-25 18:36:12.907 14640 14718 E AndroidRuntime:     at anonymous (address at index.android.bundle:1:1513166)
05-25 18:36:12.907 14640 14718 E AndroidRuntime:     at NativeStackNavigator (address at index.android.bundle:1:1551437)
05-25 18:36:12.907 14640 14718 E AndroidRuntime:     at anonymous (address at index.android.bundle:1:1624787)
05-25 18:36:12.908 14640 14718 E AndroidRuntime:     at RNGestureHandlerRootView (<anonymous>)
05-25 18:36:12.908 14640 14718 E AndroidRuntime:     at GestureHandlerRootView (address at index.android.bundle:1:2886371)
05-25 18:36:12.908 14640 14718 E AndroidRuntime:     at GlobalAudioProvider (address at index.android.bundle:1:3111724)
05-25 18:36:12.908 14640 14718 E AndroidRuntime:     at SubscriptionProvider (address at index.android.bundle:1:2092032)
05-25 18:36:12.908 14640 14718 E AndroidRuntime:     at UserPreferencesProvider (address at index.android.bundle:1:3023007)
05-25 18:36:12.908 14640 14718 E AndroidRuntime:     at NotificationsProvider (address at index.android.bundle:1:1788554)
05-25 18:36:12.908 14640 14718 E AndroidRuntime:     at ge (address at index.android.bundle:1:1243841)
05-25 18:36:12.908 14640 14718 E AndroidRuntime:     at RNCSafeAreaView (<anonymous>)
05-25 18:36:12.908 14640 14718 E AndroidRuntime:     at anonymous (address at index.android.bundle:1:1149954)
05-25 18:36:12.908 14640 14718 E AndroidRuntime:     at anonymous (address at index.android.bundle:1:568210)
05-25 18:36:12.908 14640 14718 E AndroidRuntime:     at SafeAreaEnv (address at index.android.bundle:1:1145993)
05-25 18:36:12.908 14640 14718 E AndroidRuntime:     at RNCSafeAreaProvider (<anonymous>)
05-25 18:36:12.908 14640 14718 E AndroidRuntime:     at SafeAreaProvider (address at index.android.bundle:1:1148008)
05-25 18:36:12.908 14640 14718 E AndroidRuntime:     at SafeAreaProviderShim (address at index.android.bundle:1:1146385)
05-25 18:36:12.908 14640 14718 E AndroidRuntime:     at ToastProvider (address at index.android.bundle:1:3448818)
05-25 18:36:12.908 14640 14718 E AndroidRuntime:     at PortalProvider (address at index.android.bundle:1:2995003)
05-25 18:36:12.908 14640 14718 E AndroidRuntime:     at RCTView (<anonymous>)
05-25 18:36:12.908 14640 14718 E AndroidRuntime:     at anonymous (address at index.android.bundle:1:564168)
05-25 18:36:12.908 14640 14718 E AndroidRuntime:     at anonymous (address at index.android.bundle:1:568210)
05-25 18:36:12.908 14640 14718 E AndroidRuntime:     at GluestackUIProvider (address at index.android.bundle:1:3447617)
05-25 18:36:12.908 14640 14718 E AndroidRuntime:     at RootLayout (address at index.android.bundle:1:3316561)
05-25 18:36:12.908 14640 14718 E AndroidRuntime:     at Suspense (<anonymous>)
05-25 18:36:12.908 14640 14718 E AndroidRuntime:     at Route (address at index.android.bundle:1:1625859)
05-25 18:36:12.908 14640 14718 E AndroidRuntime:     at BaseRoute (address at index.android.bundle:1:1629604)
05-25 18:36:12.908 14640 14718 E AndroidRuntime:     at StaticContainer (address at index.android.bundle:1:1519369)
05-25 18:36:12.908 14640 14718 E AndroidRuntime:     at EnsureSingleNavigator (address at index.android.bundle:1:1459601)
05-25 18:36:12.908 14640 14718 E AndroidRuntime:     at SceneView (address at index.android.bundle:1:1516901)
05-25 18:36:12.908 14640 14718 E AndroidRuntime:     at PreventRemoveProvider (address at index.android.bundle:1:1494954)
05-25 18:36:12.908 14640 14718 E AndroidRuntime:     at NavigationContent (address at index.android.bundle:1:1513263)
05-25 18:36:12.908 14640 14718 E AndroidRuntime:     at anonymous (address at index.android.bundle:1:1513166)
05-25 18:36:12.908 14640 14718 E AndroidRuntime:     at Content (address at index.android.bundle:1:1730283)
05-25 18:36:12.908 14640 14718 E AndroidRuntime:     at SafeAreaEnv (address at index.android.bundle:1:1145993)
05-25 18:36:12.908 14640 14718 E AndroidRuntime:     at RNCSafeAreaProvider (<anonymous>)
05-25 18:36:12.908 14640 14718 E AndroidRuntime:     at SafeAreaProvider (address at index.android.bundle:1:1148008)
05-25 18:36:12.908 14640 14718 E AndroidRuntime:     at SafeAreaProviderShim (address at index.android.bundle:1:1146385)
05-25 18:36:12.908 14640 14718 E AndroidRuntime:     at wrapper (address at index.android.bundle:1:1729360)
05-25 18:36:12.908 14640 14718 E AndroidRuntime:     at ThemeProvider (address at index.android.bundle:1:1462827)
05-25 18:36:12.908 14640 14718 E AndroidRuntime:     at EnsureSingleNavigator (address at index.android.bundle:1:1459601)
05-25 18:36:12.908 14640 14718 E AndroidRuntime:     at BaseNavigationContainer (address at index.android.bundle:1:1438625)
05-25 18:36:12.908 14640 14718 E AndroidRuntime:     at NavigationContainerInner (address at index.android.bundle:1:1732090)
05-25 18:36:12.908 14640 14718 E AndroidRuntime:     at ContextNavigator (address at index.android.bundle:1:1729558)
05-25 18:36:12.908 14640 14718 E AndroidRuntime:     at ExpoRoot (address at index.android.bundle:1:1729268)
05-25 18:36:12.908 14640 14718 E AndroidRuntime:     at App (<anonymous>)
05-25 18:36:12.908 14640 14718 E AndroidRuntime:     at RCTView (<anonymous>)
05-25 18:36:12.908 14640 14718 E AndroidRuntime:     at anonymous (address at index.android.bundle:1:564168)
05-25 18:36:12.908 14640 14718 E AndroidRuntime:     at anonymous (address at index.android.bundle:1:568210)
05-25 18:36:12.908 14640 14718 E AndroidRuntime:     at AppContainer (address at index.android.bundle:1:563368), js engine: hermes, stack:
05-25 18:36:12.908 14640 14718 E AndroidRuntime: maybeHijackSafeAreaProvider@1:1145872
05-25 18:36:12.908 14640 14718 E AndroidRuntime: anonymous@1:566362
05-25 18:36:12.908 14640 14718 E AndroidRuntime: SubscriptionScreen@1:3069254
05-25 18:36:12.908 14640 14718 E AndroidRuntime: renderWithHooks@1:396786
05-25 18:36:12.908 14640 14718 E AndroidRuntime: updateFunctionComponent@1:409243
05-25 18:36:12.908 14640 14718 E AndroidRuntime: beginWork@1:416932
05-25 18:36:12.908 14640 14718 E AndroidRuntime: performUnitOfWork@1:439566
05-25 18:36:12.908 14640 14718 E AndroidRuntime: workLoopSync@1:438598
05-25 18:36:12.908 14640 14718 E AndroidRuntime: renderRootSync@1:438430
05-25 18:36:12.908 14640 14718 E AndroidRuntime: performWorkOnRoot@1:435692
05-25 18:36:12.908 14640 14718 E AndroidRuntime: performSyncWorkOnRoot@1:387245
05-25 18:36:12.908 14640 14718 E AndroidRuntime: flushSyncWorkAcrossRoots_impl@1:386258
05-25 18:36:12.908 14640 14718 E AndroidRuntime: flushPassiveEffects@1:441567
05-25 18:36:12.908 14640 14718 E AndroidRuntime: anonymous@1:441264
05-25 18:36:12.908 14640 14718 E AndroidRuntime:
05-25 18:36:12.908 14640 14718 E AndroidRuntime:        at com.facebook.react.modules.core.ExceptionsManagerModule.reportException(ExceptionsManagerModule.kt:52)
05-25 18:36:12.908 14640 14718 E AndroidRuntime:        at java.lang.reflect.Method.invoke(Native Method)
05-25 18:36:12.908 14640 14718 E AndroidRuntime:        at com.facebook.react.bridge.JavaMethodWrapper.invoke(JavaMethodWrapper.java:372)
05-25 18:36:12.908 14640 14718 E AndroidRuntime:        at com.facebook.react.bridge.JavaModuleWrapper.invoke(JavaModuleWrapper.java:146)
05-25 18:36:12.908 14640 14718 E AndroidRuntime:        at com.facebook.jni.NativeRunnable.run(Native Method)
05-25 18:36:12.908 14640 14718 E AndroidRuntime:        at android.os.Handler.handleCallback(Handler.java:991)
05-25 18:36:12.908 14640 14718 E AndroidRuntime:        at android.os.Handler.dispatchMessage(Handler.java:102)
05-25 18:36:12.908 14640 14718 E AndroidRuntime:        at com.facebook.react.bridge.queue.MessageQueueThreadHandler.dispatchMessage(MessageQueueThreadHandler.kt:20)
05-25 18:36:12.908 14640 14718 E AndroidRuntime:        at android.os.Looper.loopOnce(Looper.java:232)
05-25 18:36:12.908 14640 14718 E AndroidRuntime:        at android.os.Looper.loop(Looper.java:317)
05-25 18:36:12.908 14640 14718 E AndroidRuntime:        at com.facebook.react.bridge.queue.MessageQueueThreadImpl$Companion.startNewBackgroundThread$lambda$1(MessageQueueThreadImpl.kt:175)
05-25 18:36:12.908 14640 14718 E AndroidRuntime:        at com.facebook.react.bridge.queue.MessageQueueThreadImpl$Companion.$r8$lambda$ldnZnqelhYFctGaUKkOKYj5rxo4(Unknown Source:0)
05-25 18:36:12.908 14640 14718 E AndroidRuntime:        at com.facebook.react.bridge.queue.MessageQueueThreadImpl$Companion$$ExternalSyntheticLambda0.run(D8$$SyntheticClass:0)
05-25 18:36:12.908 14640 14718 E AndroidRuntime:        at java.lang.Thread.run(Thread.java:1012)
05-25 18:36:12.914  1367  2238 W ActivityTaskManager:   Force finishing activity me.feelheard/.MainActivity
05-25 18:36:13.026  1367  6947 I ActivityManager: Process me.feelheard (pid 14640) has died: fg  TOP
05-25 18:36:13.026  1367  6955 I WindowManager: WIN DEATH: Window{b2814e u0 me.feelheard/me.feelheard.MainActivity}
05-25 18:36:13.072  1367  1507 V WindowManager:         {WCT{RemoteToken{33a5fb7 Task{7f1dae1 #763 type=standard A=10315:me.feelheard}}} m=CLOSE f=NONE leash=Surface(name=Task=763)/@0x2fd90db sb=Rect(0, 0 - 1080, 2400) eb=Rect(0, 0 - 1080, 2400) epz=Point(1080, 2400) d=0 taskParent=-1},
05-25 18:36:13.386  1367  6934 W WindowManager: Exception thrown during dispatchAppVisibility Window{b2814e u0 me.feelheard/me.feelheard.MainActivity EXITING}
05-25 18:39:24.480  6654  6654 D ActivityThread: Package [me.feelheard] reported as REPLACED, but missing application info. Assuming REMOVED.
05-25 18:39:24.484  6654  6654 D ActivityThread: Package [me.feelheard] reported as REPLACED, but missing application info. Assuming REMOVED.
05-25 18:39:24.485  6654  6654 D ActivityThread: Package [me.feelheard] reported as REPLACED, but missing application info. Assuming REMOVED.
05-25 18:39:51.181  1367  1531 I ActivityManager: Start proc 14917:me.feelheard/u0a315 for service {me.feelheard/com.google.android.datatransport.runtime.scheduling.jobscheduling.JobInfoSchedulerService}
05-25 18:39:51.282  1367  1765 W JobServiceContext: Sending onNetworkChanged for a job that isn't started. JobStatus{7361c43 #u0a315/408822278 me.feelheard/com.google.android.datatransport.runtime.scheduling.jobscheduling.JobInfoSchedulerService u=0 s=10315 TIME=-21s524ms:none NET READY}
05-25 18:40:01.619  1367  1773 D ActivityManager: freezing 14917 me.feelheard
05-25 18:54:07.232  1367  1530 I ActivityManager: Force stopping me.feelheard appid=10315 user=-1: installPackageLI
05-25 18:54:07.235  1367  1605 I PackageManager: Update package me.feelheard code path from /data/app/~~FrPzFqsYDVB677lYxj_pYQ==/me.feelheard-VCt5UvkRVG4ny9Q5Jq2zgg== to /data/app/vmdl821084202.tmp; Retain data and using new
05-25 18:54:07.241  1367  1605 I AppsFilter: interaction: PackageSetting{f42c4e com.google.android.microdroid.empty_payload/10263} -> PackageSetting{6ffc0cc me.feelheard/10315} BLOCKED
05-25 18:54:07.242  1367  1605 I AppsFilter: interaction: PackageSetting{f42c4e com.google.android.microdroid.empty_payload/10263} -> PackageSetting{189d6a9 me.feelheard/10315} BLOCKED
05-25 18:54:07.264  1367  1530 I ActivityManager: Killing 14917:me.feelheard/u0a315 (adj 915): stop me.feelheard due to installPackageLI
05-25 18:54:07.337  1367  1483 V ActivityManager: Got obituary of 14917:me.feelheard
05-25 18:54:09.234  1367  1605 I AppsFilter: interaction: PackageSetting{baa4fbc com.google.android.microdroid.empty_payload/10263} -> PackageSetting{eec6e84 me.feelheard/10315} BLOCKED
05-25 18:54:09.268  1367  1605 I ActivityManager: Force stopping me.feelheard appid=10315 user=0: pkg removed
05-25 18:54:09.291  1367  1605 I ActivityManager: Force stopping me.feelheard appid=10315 user=0: pkg removed
05-25 18:54:09.345 32441 32441 D ActivityThread: Package [me.feelheard] reported as REPLACED, but missing application info. Assuming REMOVED.
05-25 18:54:09.345  1367  1800 W PackageConfigPersister: App-specific configuration not found for packageName: me.feelheard and userId: 0
05-25 18:54:09.346  3000  3000 D ActivityThread: Package [me.feelheard] reported as REPLACED, but missing application info. Assuming REMOVED.
05-25 18:54:09.346 15131 15131 D ActivityThread: Package [me.feelheard] reported as REPLACED, but missing application info. Assuming REMOVED.
05-25 18:54:09.346  2228  2228 D ActivityThread: Package [me.feelheard] reported as REPLACED, but missing application info. Assuming REMOVED.
05-25 18:54:09.346 30477 30477 D ActivityThread: Package [me.feelheard] reported as REPLACED, but missing application info. Assuming REMOVED.
05-25 18:54:09.346 11735 11735 D ActivityThread: Package [me.feelheard] reported as REPLACED, but missing application info. Assuming REMOVED.
05-25 18:54:09.347  6669  6669 D ActivityThread: Package [me.feelheard] reported as REPLACED, but missing application info. Assuming REMOVED.
05-25 18:54:09.349 32506 32506 D ActivityThread: Package [me.feelheard] reported as REPLACED, but missing application info. Assuming REMOVED.
05-25 18:54:09.349  6439  6439 D ActivityThread: Package [me.feelheard] reported as REPLACED, but missing application info. Assuming REMOVED.
05-25 18:54:09.349  7959  7959 D ActivityThread: Package [me.feelheard] reported as REPLACED, but missing application info. Assuming REMOVED.
05-25 18:54:09.349  8551  8551 D ActivityThread: Package [me.feelheard] reported as REPLACED, but missing application info. Assuming REMOVED.
05-25 18:54:09.349  6102  6102 D ActivityThread: Package [me.feelheard] reported as REPLACED, but missing application info. Assuming REMOVED.
05-25 18:54:09.350 10315 10315 D ActivityThread: Package [me.feelheard] reported as REPLACED, but missing application info. Assuming REMOVED.
05-25 18:54:09.350  6127  6127 D ActivityThread: Package [me.feelheard] reported as REPLACED, but missing application info. Assuming REMOVED.
05-25 18:54:09.350  6474  6474 D ActivityThread: Package [me.feelheard] reported as REPLACED, but missing application info. Assuming REMOVED.
05-25 18:54:09.350  6292  6292 D ActivityThread: Package [me.feelheard] reported as REPLACED, but missing application info. Assuming REMOVED.
05-25 18:54:09.350  7469  7469 D ActivityThread: Package [me.feelheard] reported as REPLACED, but missing application info. Assuming REMOVED.
05-25 18:54:09.350 25051 25051 D ActivityThread: Package [me.feelheard] reported as REPLACED, but missing application info. Assuming REMOVED.
05-25 18:54:09.351  9250  9250 D ActivityThread: Package [me.feelheard] reported as REPLACED, but missing application info. Assuming REMOVED.
05-25 18:54:09.351  2883  2883 D ActivityThread: Package [me.feelheard] reported as REPLACED, but missing application info. Assuming REMOVED.
05-25 18:54:09.353  6114  6114 D ActivityThread: Package [me.feelheard] reported as REPLACED, but missing application info. Assuming REMOVED.
05-25 18:54:09.353  2912  2912 D ActivityThread: Package [me.feelheard] reported as REPLACED, but missing application info. Assuming REMOVED.
05-25 18:54:09.353  6142  6142 D ActivityThread: Package [me.feelheard] reported as REPLACED, but missing application info. Assuming REMOVED.
05-25 18:54:09.353  2242  2242 D ActivityThread: Package [me.feelheard] reported as REPLACED, but missing application info. Assuming REMOVED.
05-25 18:54:09.354 13444 13444 D ActivityThread: Package [me.feelheard] reported as REPLACED, but missing application info. Assuming REMOVED.
05-25 18:54:09.355  7568  7568 D ActivityThread: Package [me.feelheard] reported as REPLACED, but missing application info. Assuming REMOVED.
05-25 18:54:09.355  2470  2470 D ActivityThread: Package [me.feelheard] reported as REPLACED, but missing application info. Assuming REMOVED.
05-25 18:54:09.357 10793 10793 D ActivityThread: Package [me.feelheard] reported as REPLACED, but missing application info. Assuming REMOVED.
05-25 18:54:09.357 11017 11017 D ActivityThread: Package [me.feelheard] reported as REPLACED, but missing application info. Assuming REMOVED.
05-25 18:54:09.358  6241  6241 D ActivityThread: Package [me.feelheard] reported as REPLACED, but missing application info. Assuming REMOVED.
05-25 18:54:09.358 10457 10457 D ActivityThread: Package [me.feelheard] reported as REPLACED, but missing application info. Assuming REMOVED.
05-25 18:54:09.358  8538  8538 D ActivityThread: Package [me.feelheard] reported as REPLACED, but missing application info. Assuming REMOVED.
05-25 18:54:09.359  8206  8206 D ActivityThread: Package [me.feelheard] reported as REPLACED, but missing application info. Assuming REMOVED.
05-25 18:54:09.359  6177  6177 D ActivityThread: Package [me.feelheard] reported as REPLACED, but missing application info. Assuming REMOVED.
05-25 18:54:09.359  2169  2169 D ActivityThread: Package [me.feelheard] reported as REPLACED, but missing application info. Assuming REMOVED.
05-25 18:54:09.359  2157  2157 D ActivityThread: Package [me.feelheard] reported as REPLACED, but missing application info. Assuming REMOVED.
05-25 18:54:09.359  6170  6170 D ActivityThread: Package [me.feelheard] reported as REPLACED, but missing application info. Assuming REMOVED.
05-25 18:54:09.360  2143  2143 D ActivityThread: Package [me.feelheard] reported as REPLACED, but missing application info. Assuming REMOVED.
05-25 18:54:09.360  2105  2105 D ActivityThread: Package [me.feelheard] reported as REPLACED, but missing application info. Assuming REMOVED.
05-25 18:54:09.360  2183  2183 D ActivityThread: Package [me.feelheard] reported as REPLACED, but missing application info. Assuming REMOVED.
05-25 18:54:09.360  2075  2075 D ActivityThread: Package [me.feelheard] reported as REPLACED, but missing application info. Assuming REMOVED.
05-25 18:54:09.360  2150  2150 D ActivityThread: Package [me.feelheard] reported as REPLACED, but missing application info. Assuming REMOVED.
05-25 18:54:09.360  2073  2073 D ActivityThread: Package [me.feelheard] reported as REPLACED, but missing application info. Assuming REMOVED.
05-25 18:54:09.360  2095  2095 D ActivityThread: Package [me.feelheard] reported as REPLACED, but missing application info. Assuming REMOVED.
05-25 18:54:09.360  2082  2082 D ActivityThread: Package [me.feelheard] reported as REPLACED, but missing application info. Assuming REMOVED.
05-25 18:54:09.361  2072  2072 D ActivityThread: Package [me.feelheard] reported as REPLACED, but missing application info. Assuming REMOVED.
05-25 18:54:09.361  2004  2004 D ActivityThread: Package [me.feelheard] reported as REPLACED, but missing application info. Assuming REMOVED.
05-25 18:54:09.361  1923  1923 D ActivityThread: Package [me.feelheard] reported as REPLACED, but missing application info. Assuming REMOVED.
05-25 18:54:09.362  6145  6145 D ActivityThread: Package [me.feelheard] reported as REPLACED, but missing application info. Assuming REMOVED.
05-25 18:54:09.364  1367  1888 D ShortcutService: replacing package: me.feelheard userId=0
05-25 18:54:09.367  1367  1367 I Telecom : CarModeTracker: Package me.feelheard is not tracked.: SSH.oR@Ia4
05-25 18:54:09.368  1367  1367 D ActivityThread: Package [me.feelheard] reported as REPLACED, but missing application info. Assuming REMOVED.
05-25 18:54:09.375 15131 15131 D ActivityThread: Package [me.feelheard] reported as REPLACED, but missing application info. Assuming REMOVED.
05-25 18:54:09.376  6669  6669 D ActivityThread: Package [me.feelheard] reported as REPLACED, but missing application info. Assuming REMOVED.
05-25 18:54:09.376  7959  7959 D ActivityThread: Package [me.feelheard] reported as REPLACED, but missing application info. Assuming REMOVED.
05-25 18:54:09.376  8551  8551 D ActivityThread: Package [me.feelheard] reported as REPLACED, but missing application info. Assuming REMOVED.
05-25 18:54:09.376 10315 10315 D ActivityThread: Package [me.feelheard] reported as REPLACED, but missing application info. Assuming REMOVED.
05-25 18:54:09.376  2228  2228 D ActivityThread: Package [me.feelheard] reported as REPLACED, but missing application info. Assuming REMOVED.
05-25 18:54:09.377 25051 25051 D ActivityThread: Package [me.feelheard] reported as REPLACED, but missing application info. Assuming REMOVED.
05-25 18:54:09.377  2912  2912 D ActivityThread: Package [me.feelheard] reported as REPLACED, but missing application info. Assuming REMOVED.
05-25 18:54:09.377  2242  2242 D ActivityThread: Package [me.feelheard] reported as REPLACED, but missing application info. Assuming REMOVED.
05-25 18:54:09.377  2883  2883 D ActivityThread: Package [me.feelheard] reported as REPLACED, but missing application info. Assuming REMOVED.
05-25 18:54:09.377  7469  7469 D ActivityThread: Package [me.feelheard] reported as REPLACED, but missing application info. Assuming REMOVED.
05-25 18:54:09.377 11735 11735 D ActivityThread: Package [me.feelheard] reported as REPLACED, but missing application info. Assuming REMOVED.
05-25 18:54:09.378  7568  7568 D ActivityThread: Package [me.feelheard] reported as REPLACED, but missing application info. Assuming REMOVED.
05-25 18:54:09.378  2470  2470 D ActivityThread: Package [me.feelheard] reported as REPLACED, but missing application info. Assuming REMOVED.
05-25 18:54:09.378 11017 11017 D ActivityThread: Package [me.feelheard] reported as REPLACED, but missing application info. Assuming REMOVED.
05-25 18:54:09.378  6292  6292 D ActivityThread: Package [me.feelheard] reported as REPLACED, but missing application info. Assuming REMOVED.
05-25 18:54:09.378  6241  6241 D ActivityThread: Package [me.feelheard] reported as REPLACED, but missing application info. Assuming REMOVED.
05-25 18:54:09.378 10457 10457 D ActivityThread: Package [me.feelheard] reported as REPLACED, but missing application info. Assuming REMOVED.
05-25 18:54:09.379 32506 32506 D ActivityThread: Package [me.feelheard] reported as REPLACED, but missing application info. Assuming REMOVED.
05-25 18:54:09.379 13444 13444 D ActivityThread: Package [me.feelheard] reported as REPLACED, but missing application info. Assuming REMOVED.
05-25 18:54:09.379  9250  9250 D ActivityThread: Package [me.feelheard] reported as REPLACED, but missing application info. Assuming REMOVED.
05-25 18:54:09.379 30477 30477 D ActivityThread: Package [me.feelheard] reported as REPLACED, but missing application info. Assuming REMOVED.
05-25 18:54:09.379  6439  6439 D ActivityThread: Package [me.feelheard] reported as REPLACED, but missing application info. Assuming REMOVED.
05-25 18:54:09.379  6114  6114 D ActivityThread: Package [me.feelheard] reported as REPLACED, but missing application info. Assuming REMOVED.
05-25 18:54:09.379 32441 32441 D ActivityThread: Package [me.feelheard] reported as REPLACED, but missing application info. Assuming REMOVED.
05-25 18:54:09.379  3000  3000 D ActivityThread: Package [me.feelheard] reported as REPLACED, but missing application info. Assuming REMOVED.
05-25 18:54:09.380  6474  6474 D ActivityThread: Package [me.feelheard] reported as REPLACED, but missing application info. Assuming REMOVED.
05-25 18:54:09.380  6142  6142 D ActivityThread: Package [me.feelheard] reported as REPLACED, but missing application info. Assuming REMOVED.
05-25 18:54:09.380  6102  6102 D ActivityThread: Package [me.feelheard] reported as REPLACED, but missing application info. Assuming REMOVED.
05-25 18:54:09.380  6127  6127 D ActivityThread: Package [me.feelheard] reported as REPLACED, but missing application info. Assuming REMOVED.
05-25 18:54:09.386  1923  1923 D ActivityThread: Package [me.feelheard] reported as REPLACED, but missing application info. Assuming REMOVED.
05-25 18:54:09.386  2082  2082 D ActivityThread: Package [me.feelheard] reported as REPLACED, but missing application info. Assuming REMOVED.
05-25 18:54:09.387  6669  6669 D ActivityThread: Package [me.feelheard] reported as REPLACED, but missing application info. Assuming REMOVED.
05-25 18:54:09.387  2183  2183 D ActivityThread: Package [me.feelheard] reported as REPLACED, but missing application info. Assuming REMOVED.
05-25 18:54:09.387  2150  2150 D ActivityThread: Package [me.feelheard] reported as REPLACED, but missing application info. Assuming REMOVED.
05-25 18:54:09.387  2169  2169 D ActivityThread: Package [me.feelheard] reported as REPLACED, but missing application info. Assuming REMOVED.
