05-25 18:54:09.387  8538  8538 D ActivityThread: Package [me.feelheard] reported as REPLACED, but missing application info. Assuming REMOVED.
05-25 18:54:09.387 15131 15131 D ActivityThread: Package [me.feelheard] reported as REPLACED, but missing application info. Assuming REMOVED.
05-25 18:54:09.387  2072  2072 D ActivityThread: Package [me.feelheard] reported as REPLACED, but missing application info. Assuming REMOVED.
05-25 18:54:09.387  8206  8206 D ActivityThread: Package [me.feelheard] reported as REPLACED, but missing application info. Assuming REMOVED.
05-25 18:54:09.387  2075  2075 D ActivityThread: Package [me.feelheard] reported as REPLACED, but missing application info. Assuming REMOVED.
05-25 18:54:09.388  6292  6292 D ActivityThread: Package [me.feelheard] reported as REPLACED, but missing application info. Assuming REMOVED.
05-25 18:54:09.388  7959  7959 D ActivityThread: Package [me.feelheard] reported as REPLACED, but missing application info. Assuming REMOVED.
05-25 18:54:09.388  8551  8551 D ActivityThread: Package [me.feelheard] reported as REPLACED, but missing application info. Assuming REMOVED.
05-25 18:54:09.388 25051 25051 D ActivityThread: Package [me.feelheard] reported as REPLACED, but missing application info. Assuming REMOVED.
05-25 18:54:09.388  2883  2883 D ActivityThread: Package [me.feelheard] reported as REPLACED, but missing application info. Assuming REMOVED.
05-25 18:54:09.388  7469  7469 D ActivityThread: Package [me.feelheard] reported as REPLACED, but missing application info. Assuming REMOVED.
05-25 18:54:09.388  2912  2912 D ActivityThread: Package [me.feelheard] reported as REPLACED, but missing application info. Assuming REMOVED.
05-25 18:54:09.388  6170  6170 D ActivityThread: Package [me.feelheard] reported as REPLACED, but missing application info. Assuming REMOVED.
05-25 18:54:09.388 10315 10315 D ActivityThread: Package [me.feelheard] reported as REPLACED, but missing application info. Assuming REMOVED.
05-25 18:54:09.388 10793 10793 D ActivityThread: Package [me.feelheard] reported as REPLACED, but missing application info. Assuming REMOVED.
05-25 18:54:09.388 11735 11735 D ActivityThread: Package [me.feelheard] reported as REPLACED, but missing application info. Assuming REMOVED.
05-25 18:54:09.389  9250  9250 D ActivityThread: Package [me.feelheard] reported as REPLACED, but missing application info. Assuming REMOVED.
05-25 18:54:09.389  6177  6177 D ActivityThread: Package [me.feelheard] reported as REPLACED, but missing application info. Assuming REMOVED.
05-25 18:54:09.389  2228  2228 D ActivityThread: Package [me.feelheard] reported as REPLACED, but missing application info. Assuming REMOVED.
05-25 18:54:09.389 32506 32506 D ActivityThread: Package [me.feelheard] reported as REPLACED, but missing application info. Assuming REMOVED.
05-25 18:54:09.389  2105  2105 D ActivityThread: Package [me.feelheard] reported as REPLACED, but missing application info. Assuming REMOVED.
05-25 18:54:09.389 13444 13444 D ActivityThread: Package [me.feelheard] reported as REPLACED, but missing application info. Assuming REMOVED.
05-25 18:54:09.389  2095  2095 D ActivityThread: Package [me.feelheard] reported as REPLACED, but missing application info. Assuming REMOVED.
05-25 18:54:09.389 30477 30477 D ActivityThread: Package [me.feelheard] reported as REPLACED, but missing application info. Assuming REMOVED.
05-25 18:54:09.389  2073  2073 D ActivityThread: Package [me.feelheard] reported as REPLACED, but missing application info. Assuming REMOVED.
05-25 18:54:09.390  6439  6439 D ActivityThread: Package [me.feelheard] reported as REPLACED, but missing application info. Assuming REMOVED.
05-25 18:54:09.390  2143  2143 D ActivityThread: Package [me.feelheard] reported as REPLACED, but missing application info. Assuming REMOVED.
05-25 18:54:09.391  7568  7568 D ActivityThread: Package [me.feelheard] reported as REPLACED, but missing application info. Assuming REMOVED.
05-25 18:54:09.391 32441 32441 D ActivityThread: Package [me.feelheard] reported as REPLACED, but missing application info. Assuming REMOVED.
05-25 18:54:09.391  2470  2470 D ActivityThread: Package [me.feelheard] reported as REPLACED, but missing application info. Assuming REMOVED.
05-25 18:54:09.391 11017 11017 D ActivityThread: Package [me.feelheard] reported as REPLACED, but missing application info. Assuming REMOVED.
05-25 18:54:09.391  2004  2004 D ActivityThread: Package [me.feelheard] reported as REPLACED, but missing application info. Assuming REMOVED.
05-25 18:54:09.391  6142  6142 D ActivityThread: Package [me.feelheard] reported as REPLACED, but missing application info. Assuming REMOVED.
05-25 18:54:09.391  6241  6241 D ActivityThread: Package [me.feelheard] reported as REPLACED, but missing application info. Assuming REMOVED.
05-25 18:54:09.391  6474  6474 D ActivityThread: Package [me.feelheard] reported as REPLACED, but missing application info. Assuming REMOVED.
05-25 18:54:09.391 10457 10457 D ActivityThread: Package [me.feelheard] reported as REPLACED, but missing application info. Assuming REMOVED.
05-25 18:54:09.391  2157  2157 D ActivityThread: Package [me.feelheard] reported as REPLACED, but missing application info. Assuming REMOVED.
05-25 18:54:09.391  6102  6102 D ActivityThread: Package [me.feelheard] reported as REPLACED, but missing application info. Assuming REMOVED.
05-25 18:54:09.392  1923  1923 D ActivityThread: Package [me.feelheard] reported as REPLACED, but missing application info. Assuming REMOVED.
05-25 18:54:09.393  6170  6170 D ActivityThread: Package [me.feelheard] reported as REPLACED, but missing application info. Assuming REMOVED.
05-25 18:54:09.393  2183  2183 D ActivityThread: Package [me.feelheard] reported as REPLACED, but missing application info. Assuming REMOVED.
05-25 18:54:09.393  8206  8206 D ActivityThread: Package [me.feelheard] reported as REPLACED, but missing application info. Assuming REMOVED.
05-25 18:54:09.393  2169  2169 D ActivityThread: Package [me.feelheard] reported as REPLACED, but missing application info. Assuming REMOVED.
05-25 18:54:09.393  2072  2072 D ActivityThread: Package [me.feelheard] reported as REPLACED, but missing application info. Assuming REMOVED.
05-25 18:54:09.393 10793 10793 D ActivityThread: Package [me.feelheard] reported as REPLACED, but missing application info. Assuming REMOVED.
05-25 18:54:09.394  2150  2150 D ActivityThread: Package [me.feelheard] reported as REPLACED, but missing application info. Assuming REMOVED.
05-25 18:54:09.394  6127  6127 D ActivityThread: Package [me.feelheard] reported as REPLACED, but missing application info. Assuming REMOVED.
05-25 18:54:09.394  2082  2082 D ActivityThread: Package [me.feelheard] reported as REPLACED, but missing application info. Assuming REMOVED.
05-25 18:54:09.394  2105  2105 D ActivityThread: Package [me.feelheard] reported as REPLACED, but missing application info. Assuming REMOVED.
05-25 18:54:09.395  2143  2143 D ActivityThread: Package [me.feelheard] reported as REPLACED, but missing application info. Assuming REMOVED.
05-25 18:54:09.395  2075  2075 D ActivityThread: Package [me.feelheard] reported as REPLACED, but missing application info. Assuming REMOVED.
05-25 18:54:09.396  2467  2467 D ActivityThread: Package [me.feelheard] reported as REPLACED, but missing application info. Assuming REMOVED.
05-25 18:54:09.397  2073  2073 D ActivityThread: Package [me.feelheard] reported as REPLACED, but missing application info. Assuming REMOVED.
05-25 18:54:09.397  2095  2095 D ActivityThread: Package [me.feelheard] reported as REPLACED, but missing application info. Assuming REMOVED.
05-25 18:54:09.397  2157  2157 D ActivityThread: Package [me.feelheard] reported as REPLACED, but missing application info. Assuming REMOVED.
05-25 18:54:09.397  2004  2004 D ActivityThread: Package [me.feelheard] reported as REPLACED, but missing application info. Assuming REMOVED.
05-25 18:54:09.397  2467  2467 D ActivityThread: Package [me.feelheard] reported as REPLACED, but missing application info. Assuming REMOVED.
05-25 18:54:09.398  8538  8538 D ActivityThread: Package [me.feelheard] reported as REPLACED, but missing application info. Assuming REMOVED.
05-25 18:54:09.398  2467  2467 D ActivityThread: Package [me.feelheard] reported as REPLACED, but missing application info. Assuming REMOVED.
05-25 18:54:09.398  6114  6114 D ActivityThread: Package [me.feelheard] reported as REPLACED, but missing application info. Assuming REMOVED.
05-25 18:54:09.399  3000  3000 D ActivityThread: Package [me.feelheard] reported as REPLACED, but missing application info. Assuming REMOVED.
05-25 18:54:09.400  6177  6177 D ActivityThread: Package [me.feelheard] reported as REPLACED, but missing application info. Assuming REMOVED.
05-25 18:54:09.411  2198  2198 D ActivityThread: Package [me.feelheard] reported as REPLACED, but missing application info. Assuming REMOVED.
05-25 18:54:09.412  2242  2242 D ActivityThread: Package [me.feelheard] reported as REPLACED, but missing application info. Assuming REMOVED.
05-25 18:54:09.419  2587  2587 D ActivityThread: Package [me.feelheard] reported as REPLACED, but missing application info. Assuming REMOVED.
05-25 18:54:09.423  6145  6145 D ActivityThread: Package [me.feelheard] reported as REPLACED, but missing application info. Assuming REMOVED.
05-25 18:54:09.424  6145  6145 D ActivityThread: Package [me.feelheard] reported as REPLACED, but missing application info. Assuming REMOVED.
05-25 18:54:09.435  2587  2587 D ActivityThread: Package [me.feelheard] reported as REPLACED, but missing application info. Assuming REMOVED.
05-25 18:54:09.435  1367  1531 I ActivityManager: Start proc 15323:me.feelheard/u0a315 for broadcast {me.feelheard/expo.modules.notifications.service.NotificationsService}
05-25 18:54:09.436  2587  2587 D ActivityThread: Package [me.feelheard] reported as REPLACED, but missing application info. Assuming REMOVED.
05-25 18:54:09.443  1367  1367 W AlarmManager: Package me.feelheard, uid 10315 lost permission to set exact alarms!
05-25 18:54:09.448  1367  1367 D ActivityThread: Package [me.feelheard] reported as REPLACED, but missing application info. Assuming REMOVED.
05-25 18:54:09.448  1367  1367 D ActivityThread: Package [me.feelheard] reported as REPLACED, but missing application info. Assuming REMOVED.
05-25 18:54:09.449 10266 10266 D ActivityThread: Package [me.feelheard] reported as REPLACED, but missing application info. Assuming REMOVED.
05-25 18:54:09.449 10266 10266 D ActivityThread: Package [me.feelheard] reported as REPLACED, but missing application info. Assuming REMOVED.
05-25 18:54:09.450 10266 10266 D ActivityThread: Package [me.feelheard] reported as REPLACED, but missing application info. Assuming REMOVED.
05-25 18:54:09.484  2198  2198 D ActivityThread: Package [me.feelheard] reported as REPLACED, but missing application info. Assuming REMOVED.
05-25 18:54:09.484  2198  2198 D ActivityThread: Package [me.feelheard] reported as REPLACED, but missing application info. Assuming REMOVED.
05-25 18:54:10.573  1367  6434 I ActivityTaskManager: START u0 {act=android.intent.action.MAIN cat=[android.intent.category.LAUNCHER] flg=0x10000000 pkg=me.feelheard cmp=me.feelheard/.MainActivity (has extras)} with LAUNCH_SINGLE_TASK from uid 10169 (sr=68817365) (BAL_ALLOW_VISIBLE_WINDOW) result code=0
05-25 18:54:10.573  1923  1943 V WindowManagerShell: Transition requested (#396): android.os.BinderProxy@c5cb271 TransitionRequestInfo { type = OPEN, triggerTask = TaskInfo{userId=0 taskId=764 effectiveUid=10315 displayId=0 isRunning=true baseIntent=Intent { act=android.intent.action.MAIN cat=[android.intent.category.LAUNCHER] flg=0x10000000 pkg=me.feelheard cmp=me.feelheard/.MainActivity } baseActivity=ComponentInfo{me.feelheard/me.feelheard.MainActivity} topActivity=ComponentInfo{me.feelheard/me.feelheard.MainActivity} origActivity=null realActivity=ComponentInfo{me.feelheard/me.feelheard.MainActivity} numActivities=1 lastActiveTime=70102924 supportsMultiWindow=true resizeMode=1 isResizeable=true minWidth=-1 minHeight=-1 defaultMinSize=220 token=WCT{android.window.IWindowContainerToken$Stub$Proxy@63c9856} topActivityType=1 pictureInPictureParams=null shouldDockBigOverlays=false launchIntoPipHostTaskId=-1 lastParentTaskIdBeforePip=-1 displayCutoutSafeInsets=Rect(0, 128 - 0, 0) topActivityInfo=ActivityInfo{6bb40d7 me.feelheard.MainActivity} launchCookies=[] positionInParent=Point(0, 0) parentTaskId=-1 isFocused=false isVisible=false isVisibleRequested=false isTopActivityNoDisplay=false isSleeping=false locusId=null displayAreaFeatureId=1 isTopActivityTransparent=false isActivityStackTransparent=false lastNonFullscreenBounds=Rect(276, 692 - 804, 1772) capturedLink=null capturedLinkTimestamp=0 requestedVisibleTypes=-9 topActivityRequestOpenInBrowserEducationTimestamp=0 appCompatTaskInfo=AppCompatTaskInfo { topActivityInSizeCompat=false eligibleForLetterboxEducation= false isLetterboxEducationEnabled= false isLetterboxDoubleTapEnabled= false eligibleForUserAspectRatioButton= false topActivityBoundsLetterboxed= false isFromLetterboxDoubleTap= false topActivityLetterboxVerticalPosition= -1 topActivityLetterboxHorizontalPosition= -1 topActivityLetterboxWidth=-1 topActivityLetterboxHeight=-1 topActivityLetterboxAppWidth=-1 topActivityLetterboxAppHeight=-1 isUserFullscreenOverrideEnabled=false isSystemFullscreenOverrideEnabled=false hasMinAspectRatioOverride=false topActivityLetterboxBounds=null cameraCompatTaskInfo=CameraCompatTaskInfo { freeformCameraCompatMode=inactive}} topActivityMainWindowFrame=null}, pipChange = null, remoteTransition = null, displayChange = null, flags = 0, debugId = 396 }
05-25 18:54:10.596  1367  6434 D CoreBackPreview: Window{113468b u0 Splash Screen me.feelheard}: Setting back callback OnBackInvokedCallbackInfo{mCallback=android.window.IOnBackInvokedCallback$Stub$Proxy@3521c26, mPriority=0, mIsAnimationCallback=false, mOverrideBehavior=0}
05-25 18:54:10.611  1367  1507 V WindowManager: Sent Transition (#396) createdAt=05-25 18:54:10.568 via request=TransitionRequestInfo { type = OPEN, triggerTask = TaskInfo{userId=0 taskId=764 effectiveUid=10315 displayId=0 isRunning=true baseIntent=Intent { act=android.intent.action.MAIN cat=[android.intent.category.LAUNCHER] flg=0x10000000 pkg=me.feelheard cmp=me.feelheard/.MainActivity } baseActivity=ComponentInfo{me.feelheard/me.feelheard.MainActivity} topActivity=ComponentInfo{me.feelheard/me.feelheard.MainActivity} origActivity=null realActivity=ComponentInfo{me.feelheard/me.feelheard.MainActivity} numActivities=1 lastActiveTime=70102924 supportsMultiWindow=true resizeMode=1 isResizeable=true minWidth=-1 minHeight=-1 defaultMinSize=220 token=WCT{RemoteToken{7b3d4b2 Task{1f253e4 #764 type=standard A=10315:me.feelheard}}} topActivityType=1 pictureInPictureParams=null shouldDockBigOverlays=false launchIntoPipHostTaskId=-1 lastParentTaskIdBeforePip=-1 displayCutoutSafeInsets=Rect(0, 128 - 0, 0) topActivityInfo=ActivityInfo{60bfc03 me.feelheard.MainActivity} launchCookies=[] positionInParent=Point(0, 0) parentTaskId=-1 isFocused=false isVisible=false isVisibleRequested=false isTopActivityNoDisplay=false isSleeping=false locusId=null displayAreaFeatureId=1 isTopActivityTransparent=false isActivityStackTransparent=false lastNonFullscreenBounds=Rect(276, 692 - 804, 1772) capturedLink=null capturedLinkTimestamp=0 requestedVisibleTypes=-9 topActivityRequestOpenInBrowserEducationTimestamp=0 appCompatTaskInfo=AppCompatTaskInfo { topActivityInSizeCompat=false eligibleForLetterboxEducation= false isLetterboxEducationEnabled= false isLetterboxDoubleTapEnabled= false eligibleForUserAspectRatioButton= false topActivityBoundsLetterboxed= false isFromLetterboxDoubleTap= false topActivityLetterboxVerticalPosition= -1 topActivityLetterboxHorizontalPosition= -1 topActivityLetterboxWidth=-1 topActivityLetterboxHeight=-1 topActivityLetterboxAppWidth=-1 topActivityLetterboxAppHeight=-1 isUserFullscreenOverrideEnabled=false isSystemFullscreenOverrideEnabled=false hasMinAspectRatioOverride=false topActivityLetterboxBounds=null cameraCompatTaskInfo=CameraCompatTaskInfo { freeformCameraCompatMode=inactive}} topActivityMainWindowFrame=null}, pipChange = null, remoteTransition = null, displayChange = null, flags = 0, debugId = 396 }
05-25 18:54:10.611  1367  1507 V WindowManager:         {WCT{RemoteToken{7b3d4b2 Task{1f253e4 #764 type=standard A=10315:me.feelheard}}} m=OPEN f=NONE leash=Surface(name=Task=764)/@0x1847e14 sb=Rect(0, 0 - 1080, 2400) eb=Rect(0, 0 - 1080, 2400) epz=Point(1080, 2400) d=0 taskParent=-1},
05-25 18:54:10.664  1367  1740 D CoreBackPreview: Window{71e0b29 u0 me.feelheard/me.feelheard.MainActivity}: Setting back callback OnBackInvokedCallbackInfo{mCallback=android.window.IOnBackInvokedCallback$Stub$Proxy@7837e47, mPriority=0, mIsAnimationCallback=false, mOverrideBehavior=0}
05-25 18:54:10.926  1367  6933 D CoreBackPreview: Window{3b3dc0e u0 me.feelheard/me.feelheard.MainActivity}: Setting back callback OnBackInvokedCallbackInfo{mCallback=android.window.IOnBackInvokedCallback$Stub$Proxy@ab5287d, mPriority=0, mIsAnimationCallback=false, mOverrideBehavior=0}
05-25 18:54:10.956  1367  6933 D CoreBackPreview: Window{3b3dc0e u0 me.feelheard/me.feelheard.MainActivity}: Setting back callback null
05-25 18:54:10.992  1367  6933 D CoreBackPreview: Window{8674d96 u0 me.feelheard/me.feelheard.MainActivity}: Setting back callback OnBackInvokedCallbackInfo{mCallback=android.window.IOnBackInvokedCallback$Stub$Proxy@467afc9, mPriority=0, mIsAnimationCallback=false, mOverrideBehavior=0}
05-25 18:54:10.999  1367  6933 D CoreBackPreview: Window{8e0be7a u0 me.feelheard/me.feelheard.MainActivity}: Setting back callback OnBackInvokedCallbackInfo{mCallback=android.window.IOnBackInvokedCallback$Stub$Proxy@62b46ce, mPriority=0, mIsAnimationCallback=false, mOverrideBehavior=0}
05-25 18:54:11.005  1367  1740 D CoreBackPreview: Window{4b272ff u0 me.feelheard/me.feelheard.MainActivity}: Setting back callback OnBackInvokedCallbackInfo{mCallback=android.window.IOnBackInvokedCallback$Stub$Proxy@a4efce8, mPriority=0, mIsAnimationCallback=false, mOverrideBehavior=0}
05-25 18:54:11.017  1367  6926 W PackageConfigPersister: App-specific configuration not found for packageName: me.feelheard and userId: 0
05-25 18:54:12.134  1367  6926 D CoreBackPreview: Window{4b272ff u0 me.feelheard/me.feelheard.MainActivity}: Setting back callback null
05-25 18:54:12.910  1367  6937 D CoreBackPreview: Window{8e0be7a u0 me.feelheard/me.feelheard.MainActivity}: Setting back callback null
05-25 18:54:12.969  1367  6434 D CoreBackPreview: Window{e22c3a7 u0 me.feelheard/me.feelheard.MainActivity}: Setting back callback OnBackInvokedCallbackInfo{mCallback=android.window.IOnBackInvokedCallback$Stub$Proxy@78e98b4, mPriority=0, mIsAnimationCallback=false, mOverrideBehavior=0}
05-25 18:54:12.977  1367  6926 D CoreBackPreview: Window{3f5c469 u0 me.feelheard/me.feelheard.MainActivity}: Setting back callback OnBackInvokedCallbackInfo{mCallback=android.window.IOnBackInvokedCallback$Stub$Proxy@6de4f23, mPriority=0, mIsAnimationCallback=false, mOverrideBehavior=0}
05-25 18:54:13.225  1367  6434 D CoreBackPreview: Window{3f5c469 u0 me.feelheard/me.feelheard.MainActivity}: Setting back callback null
05-25 18:54:13.261  1367  6926 D CoreBackPreview: Window{914713 u0 me.feelheard/me.feelheard.MainActivity}: Setting back callback OnBackInvokedCallbackInfo{mCallback=android.window.IOnBackInvokedCallback$Stub$Proxy@39ba726, mPriority=0, mIsAnimationCallback=false, mOverrideBehavior=0}
05-25 18:54:14.363  1367  6937 D CoreBackPreview: Window{914713 u0 me.feelheard/me.feelheard.MainActivity}: Setting back callback null
05-25 18:54:15.384  1367  6434 D CoreBackPreview: Window{e22c3a7 u0 me.feelheard/me.feelheard.MainActivity}: Setting back callback null
05-25 18:54:16.241  1367  6434 D CoreBackPreview: Window{8674d96 u0 me.feelheard/me.feelheard.MainActivity}: Setting back callback null
05-25 18:54:16.284  1367  6434 W PackageConfigPersister: App-specific configuration not found for packageName: me.feelheard and userId: 0
05-25 18:54:17.038  1367  6949 W NotificationService: Toast already killed. pkg=me.feelheard token=android.os.BinderProxy@ee36871
05-25 18:54:34.676  6654  6654 D ActivityThread: Package [me.feelheard] reported as REPLACED, but missing application info. Assuming REMOVED.
05-25 18:54:34.678  6654  6654 D ActivityThread: Package [me.feelheard] reported as REPLACED, but missing application info. Assuming REMOVED.
05-25 18:54:34.678  6654  6654 D ActivityThread: Package [me.feelheard] reported as REPLACED, but missing application info. Assuming REMOVED.
05-25 18:54:51.673 15323 15458 E AndroidRuntime: FATAL EXCEPTION: mqt_native_modules
05-25 18:54:51.673 15323 15458 E AndroidRuntime: Process: me.feelheard, PID: 15323
05-25 18:54:51.673 15323 15458 E AndroidRuntime: com.facebook.react.common.JavascriptException: TypeError: Cannot read property 'displayName' of undefined
05-25 18:54:51.673 15323 15458 E AndroidRuntime:
05-25 18:54:51.673 15323 15458 E AndroidRuntime: This error is located at:
05-25 18:54:51.673 15323 15458 E AndroidRuntime:     at SubscriptionScreen (address at index.android.bundle:1:3067756)
05-25 18:54:51.673 15323 15458 E AndroidRuntime:     at Subscription (<anonymous>)
05-25 18:54:51.673 15323 15458 E AndroidRuntime:     at Suspense (<anonymous>)
05-25 18:54:51.673 15323 15458 E AndroidRuntime:     at Route (address at index.android.bundle:1:1625873)
05-25 18:54:51.673 15323 15458 E AndroidRuntime:     at BaseRoute (address at index.android.bundle:1:1629618)
05-25 18:54:51.673 15323 15458 E AndroidRuntime:     at StaticContainer (address at index.android.bundle:1:1519373)
05-25 18:54:51.673 15323 15458 E AndroidRuntime:     at EnsureSingleNavigator (address at index.android.bundle:1:1459605)
05-25 18:54:51.673 15323 15458 E AndroidRuntime:     at SceneView (address at index.android.bundle:1:1516905)
05-25 18:54:51.673 15323 15458 E AndroidRuntime:     at RNSScreenContentWrapper (<anonymous>)
05-25 18:54:51.673 15323 15458 E AndroidRuntime:     at ScreenContentWrapper (<anonymous>)
05-25 18:54:51.673 15323 15458 E AndroidRuntime:     at DebugContainer (<anonymous>)
05-25 18:54:51.673 15323 15458 E AndroidRuntime:     at RNSScreen (<anonymous>)
05-25 18:54:51.673 15323 15458 E AndroidRuntime:     at anonymous (address at index.android.bundle:1:664570)
05-25 18:54:51.673 15323 15458 E AndroidRuntime:     at Suspender (address at index.android.bundle:1:1608545)
05-25 18:54:51.673 15323 15458 E AndroidRuntime:     at Suspense (<anonymous>)
05-25 18:54:51.673 15323 15458 E AndroidRuntime:     at Freeze (address at index.android.bundle:1:1608605)
05-25 18:54:51.673 15323 15458 E AndroidRuntime:     at DelayedFreeze (address at index.android.bundle:1:1607800)
05-25 18:54:51.673 15323 15458 E AndroidRuntime:     at InnerScreen (address at index.android.bundle:1:1605465)
05-25 18:54:51.673 15323 15458 E AndroidRuntime:     at anonymous (address at index.android.bundle:1:1607112)
05-25 18:54:51.673 15323 15458 E AndroidRuntime:     at ScreenStackItem (address at index.android.bundle:1:1616171)
05-25 18:54:51.673 15323 15458 E AndroidRuntime:     at SceneView (address at index.android.bundle:1:1554265)
05-25 18:54:51.673 15323 15458 E AndroidRuntime:     at RNSScreenStack (<anonymous>)
05-25 18:54:51.673 15323 15458 E AndroidRuntime:     at anonymous (address at index.android.bundle:1:1615144)
05-25 18:54:51.673 15323 15458 E AndroidRuntime:     at ScreenStack (address at index.android.bundle:1:1614426)
05-25 18:54:51.673 15323 15458 E AndroidRuntime:     at RCTView (<anonymous>)
05-25 18:54:51.673 15323 15458 E AndroidRuntime:     at anonymous (address at index.android.bundle:1:564168)
05-25 18:54:51.673 15323 15458 E AndroidRuntime:     at SafeAreaProviderCompat (address at index.android.bundle:1:1600285)
05-25 18:54:51.673 15323 15458 E AndroidRuntime:     at NativeStackView (address at index.android.bundle:1:1552844)
05-25 18:54:51.673 15323 15458 E AndroidRuntime:     at PreventRemoveProvider (address at index.android.bundle:1:1494958)
05-25 18:54:51.673 15323 15458 E AndroidRuntime:     at NavigationContent (address at index.android.bundle:1:1513267)
05-25 18:54:51.673 15323 15458 E AndroidRuntime:     at anonymous (address at index.android.bundle:1:1513170)
05-25 18:54:51.673 15323 15458 E AndroidRuntime:     at NativeStackNavigator (address at index.android.bundle:1:1551449)
05-25 18:54:51.673 15323 15458 E AndroidRuntime:     at anonymous (address at index.android.bundle:1:1624801)
05-25 18:54:51.673 15323 15458 E AndroidRuntime:     at ContextProvider (address at index.android.bundle:1:1783278)
05-25 18:54:51.673 15323 15458 E AndroidRuntime:     at ChatProvider (address at index.android.bundle:1:1768245)
05-25 18:54:51.673 15323 15458 E AndroidRuntime:     at AppLayout (address at index.android.bundle:1:1242973)
05-25 18:54:51.673 15323 15458 E AndroidRuntime:     at Suspense (<anonymous>)
05-25 18:54:51.673 15323 15458 E AndroidRuntime:     at Route (address at index.android.bundle:1:1625873)
05-25 18:54:51.673 15323 15458 E AndroidRuntime:     at BaseRoute (address at index.android.bundle:1:1629618)
05-25 18:54:51.673 15323 15458 E AndroidRuntime:     at StaticContainer (address at index.android.bundle:1:1519373)
05-25 18:54:51.673 15323 15458 E AndroidRuntime:     at EnsureSingleNavigator (address at index.android.bundle:1:1459605)
05-25 18:54:51.673 15323 15458 E AndroidRuntime:     at SceneView (address at index.android.bundle:1:1516905)
05-25 18:54:51.673 15323 15458 E AndroidRuntime:     at RNSScreenContentWrapper (<anonymous>)
05-25 18:54:51.673 15323 15458 E AndroidRuntime:     at ScreenContentWrapper (<anonymous>)
05-25 18:54:51.673 15323 15458 E AndroidRuntime:     at DebugContainer (<anonymous>)
05-25 18:54:51.673 15323 15458 E AndroidRuntime:     at RNSScreen (<anonymous>)
05-25 18:54:51.673 15323 15458 E AndroidRuntime:     at anonymous (address at index.android.bundle:1:664570)
05-25 18:54:51.673 15323 15458 E AndroidRuntime:     at Suspender (address at index.android.bundle:1:1608545)
05-25 18:54:51.673 15323 15458 E AndroidRuntime:     at Suspense (<anonymous>)
05-25 18:54:51.673 15323 15458 E AndroidRuntime:     at Freeze (address at index.android.bundle:1:1608605)
05-25 18:54:51.673 15323 15458 E AndroidRuntime:     at DelayedFreeze (address at index.android.bundle:1:1607800)
05-25 18:54:51.673 15323 15458 E AndroidRuntime:     at InnerScreen (address at index.android.bundle:1:1605465)
05-25 18:54:51.673 15323 15458 E AndroidRuntime:     at anonymous (address at index.android.bundle:1:1607112)
05-25 18:54:51.673 15323 15458 E AndroidRuntime:     at ScreenStackItem (address at index.android.bundle:1:1616171)
05-25 18:54:51.673 15323 15458 E AndroidRuntime:     at SceneView (address at index.android.bundle:1:1554265)
05-25 18:54:51.673 15323 15458 E AndroidRuntime:     at RNSScreenStack (<anonymous>)
05-25 18:54:51.673 15323 15458 E AndroidRuntime:     at anonymous (address at index.android.bundle:1:1615144)
05-25 18:54:51.673 15323 15458 E AndroidRuntime:     at ScreenStack (address at index.android.bundle:1:1614426)
05-25 18:54:51.673 15323 15458 E AndroidRuntime:     at RCTView (<anonymous>)
05-25 18:54:51.673 15323 15458 E AndroidRuntime:     at anonymous (address at index.android.bundle:1:564168)
05-25 18:54:51.673 15323 15458 E AndroidRuntime:     at SafeAreaProviderCompat (address at index.android.bundle:1:1600285)
05-25 18:54:51.673 15323 15458 E AndroidRuntime:     at NativeStackView (address at index.android.bundle:1:1552844)
05-25 18:54:51.673 15323 15458 E AndroidRuntime:     at PreventRemoveProvider (address at index.android.bundle:1:1494958)
05-25 18:54:51.673 15323 15458 E AndroidRuntime:     at NavigationContent (address at index.android.bundle:1:1513267)
05-25 18:54:51.673 15323 15458 E AndroidRuntime:     at anonymous (address at index.android.bundle:1:1513170)
05-25 18:54:51.673 15323 15458 E AndroidRuntime:     at NativeStackNavigator (address at index.android.bundle:1:1551449)
05-25 18:54:51.673 15323 15458 E AndroidRuntime:     at anonymous (address at index.android.bundle:1:1624801)
05-25 18:54:51.673 15323 15458 E AndroidRuntime:     at RNGestureHandlerRootView (<anonymous>)
05-25 18:54:51.673 15323 15458 E AndroidRuntime:     at GestureHandlerRootView (address at index.android.bundle:1:2886393)
05-25 18:54:51.673 15323 15458 E AndroidRuntime:     at GlobalAudioProvider (address at index.android.bundle:1:3111744)
05-25 18:54:51.673 15323 15458 E AndroidRuntime:     at SubscriptionProvider (address at index.android.bundle:1:2092054)
05-25 18:54:51.673 15323 15458 E AndroidRuntime:     at UserPreferencesProvider (address at index.android.bundle:1:3023025)
05-25 18:54:51.673 15323 15458 E AndroidRuntime:     at NotificationsProvider (address at index.android.bundle:1:1788576)
05-25 18:54:51.673 15323 15458 E AndroidRuntime:     at ge (address at index.android.bundle:1:1243847)
05-25 18:54:51.673 15323 15458 E AndroidRuntime:     at RNCSafeAreaView (<anonymous>)
05-25 18:54:51.673 15323 15458 E AndroidRuntime:     at anonymous (address at index.android.bundle:1:1149960)
05-25 18:54:51.673 15323 15458 E AndroidRuntime:     at anonymous (address at index.android.bundle:1:568210)
05-25 18:54:51.673 15323 15458 E AndroidRuntime:     at SafeAreaEnv (address at index.android.bundle:1:1145999)
05-25 18:54:51.673 15323 15458 E AndroidRuntime:     at RNCSafeAreaProvider (<anonymous>)
05-25 18:54:51.673 15323 15458 E AndroidRuntime:     at SafeAreaProvider (address at index.android.bundle:1:1148014)
05-25 18:54:51.673 15323 15458 E AndroidRuntime:     at SafeAreaProviderShim (address at index.android.bundle:1:1146391)
05-25 18:54:51.673 15323 15458 E AndroidRuntime:     at ToastProvider (address at index.android.bundle:1:3448834)
05-25 18:54:51.673 15323 15458 E AndroidRuntime:     at PortalProvider (address at index.android.bundle:1:2995021)
05-25 18:54:51.673 15323 15458 E AndroidRuntime:     at RCTView (<anonymous>)
05-25 18:54:51.673 15323 15458 E AndroidRuntime:     at anonymous (address at index.android.bundle:1:564168)
05-25 18:54:51.673 15323 15458 E AndroidRuntime:     at anonymous (address at index.android.bundle:1:568210)
05-25 18:54:51.673 15323 15458 E AndroidRuntime:     at GluestackUIProvider (address at index.android.bundle:1:3447633)
05-25 18:54:51.673 15323 15458 E AndroidRuntime:     at RootLayout (address at index.android.bundle:1:3316581)
05-25 18:54:51.673 15323 15458 E AndroidRuntime:     at Suspense (<anonymous>)
05-25 18:54:51.673 15323 15458 E AndroidRuntime:     at Route (address at index.android.bundle:1:1625873)
05-25 18:54:51.673 15323 15458 E AndroidRuntime:     at BaseRoute (address at index.android.bundle:1:1629618)
05-25 18:54:51.673 15323 15458 E AndroidRuntime:     at StaticContainer (address at index.android.bundle:1:1519373)
05-25 18:54:51.673 15323 15458 E AndroidRuntime:     at EnsureSingleNavigator (address at index.android.bundle:1:1459605)
05-25 18:54:51.673 15323 15458 E AndroidRuntime:     at SceneView (address at index.android.bundle:1:1516905)
05-25 18:54:51.673 15323 15458 E AndroidRuntime:     at PreventRemoveProvider (address at index.android.bundle:1:1494958)
05-25 18:54:51.673 15323 15458 E AndroidRuntime:     at NavigationContent (address at index.android.bundle:1:1513267)
05-25 18:54:51.673 15323 15458 E AndroidRuntime:     at anonymous (address at index.android.bundle:1:1513170)
05-25 18:54:51.673 15323 15458 E AndroidRuntime:     at Content (address at index.android.bundle:1:1730297)
05-25 18:54:51.673 15323 15458 E AndroidRuntime:     at SafeAreaEnv (address at index.android.bundle:1:1145999)
05-25 18:54:51.673 15323 15458 E AndroidRuntime:     at RNCSafeAreaProvider (<anonymous>)
05-25 18:54:51.673 15323 15458 E AndroidRuntime:     at SafeAreaProvider (address at index.android.bundle:1:1148014)
05-25 18:54:51.673 15323 15458 E AndroidRuntime:     at SafeAreaProviderShim (address at index.android.bundle:1:1146391)
05-25 18:54:51.673 15323 15458 E AndroidRuntime:     at wrapper (address at index.android.bundle:1:1729374)
05-25 18:54:51.673 15323 15458 E AndroidRuntime:     at ThemeProvider (address at index.android.bundle:1:1462831)
05-25 18:54:51.673 15323 15458 E AndroidRuntime:     at EnsureSingleNavigator (address at index.android.bundle:1:1459605)
05-25 18:54:51.673 15323 15458 E AndroidRuntime:     at BaseNavigationContainer (address at index.android.bundle:1:1438629)
05-25 18:54:51.673 15323 15458 E AndroidRuntime:     at NavigationContainerInner (address at index.android.bundle:1:1732104)
05-25 18:54:51.673 15323 15458 E AndroidRuntime:     at ContextNavigator (address at index.android.bundle:1:1729572)
05-25 18:54:51.673 15323 15458 E AndroidRuntime:     at ExpoRoot (address at index.android.bundle:1:1729282)
05-25 18:54:51.673 15323 15458 E AndroidRuntime:     at App (<anonymous>)
05-25 18:54:51.673 15323 15458 E AndroidRuntime:     at RCTView (<anonymous>)
05-25 18:54:51.673 15323 15458 E AndroidRuntime:     at anonymous (address at index.android.bundle:1:564168)
05-25 18:54:51.673 15323 15458 E AndroidRuntime:     at anonymous (address at index.android.bundle:1:568210)
05-25 18:54:51.673 15323 15458 E AndroidRuntime:     at AppContainer (address at index.android.bundle:1:563368), js engine: hermes, stack:
05-25 18:54:51.673 15323 15458 E AndroidRuntime: maybeHijackSafeAreaProvider@1:1145878
05-25 18:54:51.673 15323 15458 E AndroidRuntime: anonymous@1:566362
05-25 18:54:51.673 15323 15458 E AndroidRuntime: SubscriptionScreen@1:3069274
05-25 18:54:51.673 15323 15458 E AndroidRuntime: renderWithHooks@1:396786
05-25 18:54:51.673 15323 15458 E AndroidRuntime: updateFunctionComponent@1:409243
05-25 18:54:51.673 15323 15458 E AndroidRuntime: beginWork@1:416932
05-25 18:54:51.673 15323 15458 E AndroidRuntime: performUnitOfWork@1:439566
05-25 18:54:51.673 15323 15458 E AndroidRuntime: workLoopSync@1:438598
05-25 18:54:51.673 15323 15458 E AndroidRuntime: renderRootSync@1:438430
05-25 18:54:51.673 15323 15458 E AndroidRuntime: performWorkOnRoot@1:435692
05-25 18:54:51.673 15323 15458 E AndroidRuntime: performSyncWorkOnRoot@1:387245
05-25 18:54:51.673 15323 15458 E AndroidRuntime: flushSyncWorkAcrossRoots_impl@1:386258
05-25 18:54:51.673 15323 15458 E AndroidRuntime: scheduleUpdateOnFiber@1:435591
05-25 18:54:51.673 15323 15458 E AndroidRuntime: dispatchSetStateInternal@1:404014
05-25 18:54:51.673 15323 15458 E AndroidRuntime: dispatchSetState@1:403748
05-25 18:54:51.673 15323 15458 E AndroidRuntime: ?anon_0_@1:3070340
05-25 18:54:51.673 15323 15458 E AndroidRuntime: asyncGeneratorStep@1:729373
05-25 18:54:51.673 15323 15458 E AndroidRuntime: _next@1:729632
05-25 18:54:51.673 15323 15458 E AndroidRuntime: anonymous@1:472763
05-25 18:54:51.673 15323 15458 E AndroidRuntime: _callTimer@1:471748
05-25 18:54:51.673 15323 15458 E AndroidRuntime: _callReactNativeMicrotasksPass@1:471892
05-25 18:54:51.673 15323 15458 E AndroidRuntime: callReactNativeMicrotasks@1:473837
05-25 18:54:51.673 15323 15458 E AndroidRuntime: __callReactNativeMicrotasks@1:194206
05-25 18:54:51.673 15323 15458 E AndroidRuntime: anonymous@1:193341
05-25 18:54:51.673 15323 15458 E AndroidRuntime: __guard@1:194080
05-25 18:54:51.673 15323 15458 E AndroidRuntime: flushedQueue@1:193252
05-25 18:54:51.673 15323 15458 E AndroidRuntime: invokeCallbackAndReturnFlushedQueue@1:193195
05-25 18:54:51.673 15323 15458 E AndroidRuntime:
05-25 18:54:51.673 15323 15458 E AndroidRuntime:        at com.facebook.react.modules.core.ExceptionsManagerModule.reportException(ExceptionsManagerModule.kt:52)
05-25 18:54:51.673 15323 15458 E AndroidRuntime:        at java.lang.reflect.Method.invoke(Native Method)
05-25 18:54:51.673 15323 15458 E AndroidRuntime:        at com.facebook.react.bridge.JavaMethodWrapper.invoke(JavaMethodWrapper.java:372)
05-25 18:54:51.673 15323 15458 E AndroidRuntime:        at com.facebook.react.bridge.JavaModuleWrapper.invoke(JavaModuleWrapper.java:146)
05-25 18:54:51.673 15323 15458 E AndroidRuntime:        at com.facebook.jni.NativeRunnable.run(Native Method)
05-25 18:54:51.673 15323 15458 E AndroidRuntime:        at android.os.Handler.handleCallback(Handler.java:991)
05-25 18:54:51.673 15323 15458 E AndroidRuntime:        at android.os.Handler.dispatchMessage(Handler.java:102)
05-25 18:54:51.673 15323 15458 E AndroidRuntime:        at com.facebook.react.bridge.queue.MessageQueueThreadHandler.dispatchMessage(MessageQueueThreadHandler.kt:20)
05-25 18:54:51.673 15323 15458 E AndroidRuntime:        at android.os.Looper.loopOnce(Looper.java:232)
05-25 18:54:51.673 15323 15458 E AndroidRuntime:        at android.os.Looper.loop(Looper.java:317)
05-25 18:54:51.673 15323 15458 E AndroidRuntime:        at com.facebook.react.bridge.queue.MessageQueueThreadImpl$Companion.startNewBackgroundThread$lambda$1(MessageQueueThreadImpl.kt:175)
05-25 18:54:51.673 15323 15458 E AndroidRuntime:        at com.facebook.react.bridge.queue.MessageQueueThreadImpl$Companion.$r8$lambda$ldnZnqelhYFctGaUKkOKYj5rxo4(Unknown Source:0)
05-25 18:54:51.673 15323 15458 E AndroidRuntime:        at com.facebook.react.bridge.queue.MessageQueueThreadImpl$Companion$$ExternalSyntheticLambda0.run(D8$$SyntheticClass:0)
05-25 18:54:51.673 15323 15458 E AndroidRuntime:        at java.lang.Thread.run(Thread.java:1012)
05-25 18:54:51.678  1367  1740 W ActivityTaskManager:   Force finishing activity me.feelheard/.MainActivity
05-25 18:54:51.789  1367  6949 I ActivityManager: Process me.feelheard (pid 15323) has died: fg  TOP
05-25 18:54:51.790  1367  2064 I WindowManager: WIN DEATH: Window{71e0b29 u0 me.feelheard/me.feelheard.MainActivity}
05-25 18:54:51.824  1367  1507 V WindowManager:         {WCT{RemoteToken{7b3d4b2 Task{1f253e4 #764 type=standard A=10315:me.feelheard}}} m=CLOSE f=NONE leash=Surface(name=Task=764)/@0x1847e14 sb=Rect(0, 0 - 1080, 2400) eb=Rect(0, 0 - 1080, 2400) epz=Point(1080, 2400) d=0 taskParent=-1}
05-25 18:54:52.330  1367  6949 W WindowManager: Exception thrown during dispatchAppVisibility Window{71e0b29 u0 me.feelheard/me.feelheard.MainActivity EXITING}
05-25 18:55:03.572 25484 25484 D ActivityThread: Package [me.feelheard] reported as REPLACED, but missing application info. Assuming REMOVED.
05-25 18:55:03.575 25484 25484 D ActivityThread: Package [me.feelheard] reported as REPLACED, but missing application info. Assuming REMOVED.
05-25 18:55:03.576 25484 25484 D ActivityThread: Package [me.feelheard] reported as REPLACED, but missing application info. Assuming REMOVED.
05-25 18:55:03.580 10926 10926 D ActivityThread: Package [me.feelheard] reported as REPLACED, but missing application info. Assuming REMOVED.
05-25 18:55:03.581 10926 10926 D ActivityThread: Package [me.feelheard] reported as REPLACED, but missing application info. Assuming REMOVED.
05-25 18:55:03.582 10926 10926 D ActivityThread: Package [me.feelheard] reported as REPLACED, but missing application info. Assuming REMOVED.
05-25 18:55:03.631  1367  1531 I ActivityManager: Start proc 15563:me.feelheard/u0a315 for service {me.feelheard/com.google.android.datatransport.runtime.scheduling.jobscheduling.JobInfoSchedulerService}
05-25 18:55:03.728  1367  1765 W JobServiceContext: Sending onNetworkChanged for a job that isn't started. JobStatus{f0d4269 #u0a315/408822278 me.feelheard/com.google.android.datatransport.runtime.scheduling.jobscheduling.JobInfoSchedulerService u=0 s=10315 TIME=-12s125ms:none NET READY}
05-25 18:55:14.156  1367  1773 D ActivityManager: freezing 15563 me.feelheard
05-25 18:59:22.219 24055 24055 D ActivityThread: Package [me.feelheard] reported as REPLACED, but missing application info. Assuming REMOVED.
05-25 18:59:22.220 24055 24055 D ActivityThread: Package [me.feelheard] reported as REPLACED, but missing application info. Assuming REMOVED.
05-25 18:59:22.223 24055 24055 D ActivityThread: Package [me.feelheard] reported as REPLACED, but missing application info. Assuming REMOVED.
05-25 18:59:22.223 24055 24055 D ActivityThread: Package [me.feelheard] reported as REPLACED, but missing application info. Assuming REMOVED.
05-25 18:59:22.224 24055 24055 D ActivityThread: Package [me.feelheard] reported as REPLACED, but missing application info. Assuming REMOVED.
05-25 18:59:22.224 24055 24055 D ActivityThread: Package [me.feelheard] reported as REPLACED, but missing application info. Assuming REMOVED.
05-25 18:59:22.225 24055 24055 D ActivityThread: Package [me.feelheard] reported as REPLACED, but missing application info. Assuming REMOVED.
05-25 18:59:22.225 24055 24055 D ActivityThread: Package [me.feelheard] reported as REPLACED, but missing application info. Assuming REMOVED.
05-25 18:59:22.225 24055 24055 D ActivityThread: Package [me.feelheard] reported as REPLACED, but missing application info. Assuming REMOVED.
05-25 18:59:22.226 24055 24055 D ActivityThread: Package [me.feelheard] reported as REPLACED, but missing application info. Assuming REMOVED.
05-25 18:59:22.229 24055 24055 D ActivityThread: Package [me.feelheard] reported as REPLACED, but missing application info. Assuming REMOVED.
05-25 18:59:22.230 24055 24055 D ActivityThread: Package [me.feelheard] reported as REPLACED, but missing application info. Assuming REMOVED.
05-25 18:59:22.231 24055 24055 D ActivityThread: Package [me.feelheard] reported as REPLACED, but missing application info. Assuming REMOVED.
05-25 18:59:22.231 24055 24055 D ActivityThread: Package [me.feelheard] reported as REPLACED, but missing application info. Assuming REMOVED.
05-25 18:59:22.232 24055 24055 D ActivityThread: Package [me.feelheard] reported as REPLACED, but missing application info. Assuming REMOVED.
05-25 18:59:22.232 24055 24055 D ActivityThread: Package [me.feelheard] reported as REPLACED, but missing application info. Assuming REMOVED.
05-25 18:59:22.232 24055 24055 D ActivityThread: Package [me.feelheard] reported as REPLACED, but missing application info. Assuming REMOVED.
05-25 18:59:22.232 24055 24055 D ActivityThread: Package [me.feelheard] reported as REPLACED, but missing application info. Assuming REMOVED.
05-25 18:59:22.233 24055 24055 D ActivityThread: Package [me.feelheard] reported as REPLACED, but missing application info. Assuming REMOVED.
05-25 18:59:22.234 24055 24055 D ActivityThread: Package [me.feelheard] reported as REPLACED, but missing application info. Assuming REMOVED.
05-25 18:59:22.234 24055 24055 D ActivityThread: Package [me.feelheard] reported as REPLACED, but missing application info. Assuming REMOVED.
05-25 18:59:22.235 24055 24055 D ActivityThread: Package [me.feelheard] reported as REPLACED, but missing application info. Assuming REMOVED.
05-25 18:59:22.236 24055 24055 D ActivityThread: Package [me.feelheard] reported as REPLACED, but missing application info. Assuming REMOVED.
05-25 18:59:22.237 24055 24055 D ActivityThread: Package [me.feelheard] reported as REPLACED, but missing application info. Assuming REMOVED.
05-25 18:59:22.238 24055 24055 D ActivityThread: Package [me.feelheard] reported as REPLACED, but missing application info. Assuming REMOVED.
05-25 18:59:22.239 24055 24055 D ActivityThread: Package [me.feelheard] reported as REPLACED, but missing application info. Assuming REMOVED.
05-25 18:59:22.239 24055 24055 D ActivityThread: Package [me.feelheard] reported as REPLACED, but missing application info. Assuming REMOVED.
05-25 18:59:22.240 24055 24055 D ActivityThread: Package [me.feelheard] reported as REPLACED, but missing application info. Assuming REMOVED.
05-25 18:59:22.241 24055 24055 D ActivityThread: Package [me.feelheard] reported as REPLACED, but missing application info. Assuming REMOVED.
05-25 18:59:22.242 24055 24055 D ActivityThread: Package [me.feelheard] reported as REPLACED, but missing application info. Assuming REMOVED.
05-25 18:59:22.245 24055 24055 D ActivityThread: Package [me.feelheard] reported as REPLACED, but missing application info. Assuming REMOVED.
05-25 18:59:22.245 24055 24055 D ActivityThread: Package [me.feelheard] reported as REPLACED, but missing application info. Assuming REMOVED.
05-25 18:59:22.245 24055 24055 D ActivityThread: Package [me.feelheard] reported as REPLACED, but missing application info. Assuming REMOVED.
05-25 18:59:22.245 24055 24055 D ActivityThread: Package [me.feelheard] reported as REPLACED, but missing application info. Assuming REMOVED.
05-25 18:59:22.246 24055 24055 D ActivityThread: Package [me.feelheard] reported as REPLACED, but missing application info. Assuming REMOVED.
05-25 18:59:22.246 24055 24055 D ActivityThread: Package [me.feelheard] reported as REPLACED, but missing application info. Assuming REMOVED.
05-25 18:59:22.247 24055 24055 D ActivityThread: Package [me.feelheard] reported as REPLACED, but missing application info. Assuming REMOVED.
05-25 18:59:22.247 24055 24055 D ActivityThread: Package [me.feelheard] reported as REPLACED, but missing application info. Assuming REMOVED.
05-25 18:59:22.247 24055 24055 D ActivityThread: Package [me.feelheard] reported as REPLACED, but missing application info. Assuming REMOVED.
05-25 18:59:22.314 18923 18923 D ActivityThread: Package [me.feelheard] reported as REPLACED, but missing application info. Assuming REMOVED.
05-25 18:59:22.314 18923 18923 D ActivityThread: Package [me.feelheard] reported as REPLACED, but missing application info. Assuming REMOVED.
05-25 18:59:22.315 18923 18923 D ActivityThread: Package [me.feelheard] reported as REPLACED, but missing application info. Assuming REMOVED.
05-25 18:59:22.315 18923 18923 D ActivityThread: Package [me.feelheard] reported as REPLACED, but missing application info. Assuming REMOVED.
05-25 18:59:22.315 18923 18923 D ActivityThread: Package [me.feelheard] reported as REPLACED, but missing application info. Assuming REMOVED.
05-25 18:59:22.316 18923 18923 D ActivityThread: Package [me.feelheard] reported as REPLACED, but missing application info. Assuming REMOVED.
05-25 18:59:22.316 18923 18923 D ActivityThread: Package [me.feelheard] reported as REPLACED, but missing application info. Assuming REMOVED.
05-25 18:59:22.316 18923 18923 D ActivityThread: Package [me.feelheard] reported as REPLACED, but missing application info. Assuming REMOVED.
05-25 18:59:22.316 18923 18923 D ActivityThread: Package [me.feelheard] reported as REPLACED, but missing application info. Assuming REMOVED.
05-25 18:59:22.316 18923 18923 D ActivityThread: Package [me.feelheard] reported as REPLACED, but missing application info. Assuming REMOVED.
05-25 18:59:22.316 18923 18923 D ActivityThread: Package [me.feelheard] reported as REPLACED, but missing application info. Assuming REMOVED.
05-25 18:59:22.316 18923 18923 D ActivityThread: Package [me.feelheard] reported as REPLACED, but missing application info. Assuming REMOVED.
05-25 18:59:22.317 18923 18923 D ActivityThread: Package [me.feelheard] reported as REPLACED, but missing application info. Assuming REMOVED.
05-25 18:59:22.317 18923 18923 D ActivityThread: Package [me.feelheard] reported as REPLACED, but missing application info. Assuming REMOVED.
05-25 18:59:22.317 18923 18923 D ActivityThread: Package [me.feelheard] reported as REPLACED, but missing application info. Assuming REMOVED.
05-25 18:59:22.317 18923 18923 D ActivityThread: Package [me.feelheard] reported as REPLACED, but missing application info. Assuming REMOVED.
05-25 18:59:22.317 18923 18923 D ActivityThread: Package [me.feelheard] reported as REPLACED, but missing application info. Assuming REMOVED.
05-25 18:59:22.317 18923 18923 D ActivityThread: Package [me.feelheard] reported as REPLACED, but missing application info. Assuming REMOVED.
05-25 18:59:22.317 18923 18923 D ActivityThread: Package [me.feelheard] reported as REPLACED, but missing application info. Assuming REMOVED.
05-25 18:59:22.317 18923 18923 D ActivityThread: Package [me.feelheard] reported as REPLACED, but missing application info. Assuming REMOVED.
05-25 18:59:22.318 18923 18923 D ActivityThread: Package [me.feelheard] reported as REPLACED, but missing application info. Assuming REMOVED.
05-25 18:59:22.373 18923 18923 D ActivityThread: Package [me.feelheard] reported as REPLACED, but missing application info. Assuming REMOVED.
05-25 18:59:22.374 18923 18923 D ActivityThread: Package [me.feelheard] reported as REPLACED, but missing application info. Assuming REMOVED.
05-25 18:59:22.374 18923 18923 D ActivityThread: Package [me.feelheard] reported as REPLACED, but missing application info. Assuming REMOVED.
05-25 18:59:22.374 18923 18923 D ActivityThread: Package [me.feelheard] reported as REPLACED, but missing application info. Assuming REMOVED.
05-25 18:59:22.374 18923 18923 D ActivityThread: Package [me.feelheard] reported as REPLACED, but missing application info. Assuming REMOVED.
05-25 18:59:22.374 18923 18923 D ActivityThread: Package [me.feelheard] reported as REPLACED, but missing application info. Assuming REMOVED.
05-25 18:59:22.375 18923 18923 D ActivityThread: Package [me.feelheard] reported as REPLACED, but missing application info. Assuming REMOVED.
05-25 18:59:22.375 18923 18923 D ActivityThread: Package [me.feelheard] reported as REPLACED, but missing application info. Assuming REMOVED.
05-25 18:59:22.375 18923 18923 D ActivityThread: Package [me.feelheard] reported as REPLACED, but missing application info. Assuming REMOVED.
05-25 18:59:22.375 18923 18923 D ActivityThread: Package [me.feelheard] reported as REPLACED, but missing application info. Assuming REMOVED.
05-25 18:59:22.375 18923 18923 D ActivityThread: Package [me.feelheard] reported as REPLACED, but missing application info. Assuming REMOVED.
05-25 18:59:22.375 18923 18923 D ActivityThread: Package [me.feelheard] reported as REPLACED, but missing application info. Assuming REMOVED.
05-25 18:59:22.376 18923 18923 D ActivityThread: Package [me.feelheard] reported as REPLACED, but missing application info. Assuming REMOVED.
